Component: ARM Compiler 5.06 update 5 (build 528) Tool: armlink [4d35e2]

==============================================================================

Section Cross References

    bsp.o(i.BSP_Accelerometer_Init) refers to bsp.o(i.adcinit) for adcinit
    bsp.o(i.BSP_Buzzer_Init) refers to bsp.o(.data) for SubsystemFrequency
    bsp.o(i.BSP_Buzzer_Set) refers to bsp.o(.data) for PWMCycles
    bsp.o(i.BSP_Clock_GetFreq) refers to bsp.o(.data) for ClockFrequency
    bsp.o(i.BSP_Clock_InitFastest) refers to bsp.o(.data) for Prewait
    bsp.o(i.BSP_Delay1ms) refers to bsp.o(.emb_text) for parrotdelay
    bsp.o(i.BSP_Joystick_Init) refers to bsp.o(i.adcinit) for adcinit
    bsp.o(i.BSP_LCD_DrawBitmap) refers to bsp.o(i.setAddrWindow) for setAddrWindow
    bsp.o(i.BSP_LCD_DrawBitmap) refers to bsp.o(i.writedata) for writedata
    bsp.o(i.BSP_LCD_DrawBitmap) refers to bsp.o(.data) for _width
    bsp.o(i.BSP_LCD_DrawChar) refers to bsp.o(i.setAddrWindow) for setAddrWindow
    bsp.o(i.BSP_LCD_DrawChar) refers to bsp.o(i.pushColor) for pushColor
    bsp.o(i.BSP_LCD_DrawChar) refers to bsp.o(.data) for _width
    bsp.o(i.BSP_LCD_DrawChar) refers to bsp.o(.constdata) for Font
    bsp.o(i.BSP_LCD_DrawCharS) refers to bsp.o(i.BSP_LCD_DrawPixel) for BSP_LCD_DrawPixel
    bsp.o(i.BSP_LCD_DrawCharS) refers to bsp.o(i.BSP_LCD_FillRect) for BSP_LCD_FillRect
    bsp.o(i.BSP_LCD_DrawCharS) refers to bsp.o(.data) for _width
    bsp.o(i.BSP_LCD_DrawCharS) refers to bsp.o(.constdata) for Font
    bsp.o(i.BSP_LCD_DrawFastHLine) refers to bsp.o(i.setAddrWindow) for setAddrWindow
    bsp.o(i.BSP_LCD_DrawFastHLine) refers to bsp.o(i.writedata) for writedata
    bsp.o(i.BSP_LCD_DrawFastHLine) refers to bsp.o(.data) for _width
    bsp.o(i.BSP_LCD_DrawFastVLine) refers to bsp.o(i.setAddrWindow) for setAddrWindow
    bsp.o(i.BSP_LCD_DrawFastVLine) refers to bsp.o(i.writedata) for writedata
    bsp.o(i.BSP_LCD_DrawFastVLine) refers to bsp.o(.data) for _width
    bsp.o(i.BSP_LCD_DrawPixel) refers to bsp.o(i.setAddrWindow) for setAddrWindow
    bsp.o(i.BSP_LCD_DrawPixel) refers to bsp.o(i.pushColor) for pushColor
    bsp.o(i.BSP_LCD_DrawPixel) refers to bsp.o(.data) for _width
    bsp.o(i.BSP_LCD_DrawString) refers to bsp.o(i.BSP_LCD_DrawChar) for BSP_LCD_DrawChar
    bsp.o(i.BSP_LCD_Drawaxes) refers to bsp.o(i.BSP_LCD_FillRect) for BSP_LCD_FillRect
    bsp.o(i.BSP_LCD_Drawaxes) refers to bsp.o(i.BSP_LCD_DrawFastHLine) for BSP_LCD_DrawFastHLine
    bsp.o(i.BSP_LCD_Drawaxes) refers to bsp.o(i.BSP_LCD_DrawFastVLine) for BSP_LCD_DrawFastVLine
    bsp.o(i.BSP_LCD_Drawaxes) refers to bsp.o(i.BSP_LCD_DrawPixel) for BSP_LCD_DrawPixel
    bsp.o(i.BSP_LCD_Drawaxes) refers to bsp.o(i.BSP_LCD_DrawChar) for BSP_LCD_DrawChar
    bsp.o(i.BSP_LCD_Drawaxes) refers to bsp.o(.data) for Ymax
    bsp.o(i.BSP_LCD_FillRect) refers to bsp.o(i.setAddrWindow) for setAddrWindow
    bsp.o(i.BSP_LCD_FillRect) refers to bsp.o(i.writedata) for writedata
    bsp.o(i.BSP_LCD_FillRect) refers to bsp.o(.data) for _width
    bsp.o(i.BSP_LCD_FillScreen) refers to bsp.o(i.BSP_LCD_FillRect) for BSP_LCD_FillRect
    bsp.o(i.BSP_LCD_FillScreen) refers to bsp.o(.data) for _height
    bsp.o(i.BSP_LCD_Init) refers to bsp.o(i.ST7735_InitR) for ST7735_InitR
    bsp.o(i.BSP_LCD_OutUDec) refers to bsp.o(i.fillmessage) for fillmessage
    bsp.o(i.BSP_LCD_OutUDec) refers to bsp.o(i.BSP_LCD_DrawString) for BSP_LCD_DrawString
    bsp.o(i.BSP_LCD_OutUDec) refers to bsp.o(i.BSP_LCD_DrawChar) for BSP_LCD_DrawChar
    bsp.o(i.BSP_LCD_OutUDec) refers to bsp.o(.data) for StTextColor
    bsp.o(i.BSP_LCD_OutUDec) refers to bsp.o(.bss) for Message
    bsp.o(i.BSP_LCD_OutUDec4) refers to bsp.o(i.fillmessage4) for fillmessage4
    bsp.o(i.BSP_LCD_OutUDec4) refers to bsp.o(i.BSP_LCD_DrawString) for BSP_LCD_DrawString
    bsp.o(i.BSP_LCD_OutUDec4) refers to bsp.o(i.BSP_LCD_DrawChar) for BSP_LCD_DrawChar
    bsp.o(i.BSP_LCD_OutUDec4) refers to bsp.o(.data) for Messageindex
    bsp.o(i.BSP_LCD_OutUDec4) refers to bsp.o(.bss) for Message
    bsp.o(i.BSP_LCD_OutUDec5) refers to bsp.o(i.fillmessage5) for fillmessage5
    bsp.o(i.BSP_LCD_OutUDec5) refers to bsp.o(i.BSP_LCD_DrawString) for BSP_LCD_DrawString
    bsp.o(i.BSP_LCD_OutUDec5) refers to bsp.o(i.BSP_LCD_DrawChar) for BSP_LCD_DrawChar
    bsp.o(i.BSP_LCD_OutUDec5) refers to bsp.o(.data) for Messageindex
    bsp.o(i.BSP_LCD_OutUDec5) refers to bsp.o(.bss) for Message
    bsp.o(i.BSP_LCD_OutUFix2_1) refers to bsp.o(i.fillmessage2_1) for fillmessage2_1
    bsp.o(i.BSP_LCD_OutUFix2_1) refers to bsp.o(i.BSP_LCD_DrawString) for BSP_LCD_DrawString
    bsp.o(i.BSP_LCD_OutUFix2_1) refers to bsp.o(i.BSP_LCD_DrawChar) for BSP_LCD_DrawChar
    bsp.o(i.BSP_LCD_OutUFix2_1) refers to bsp.o(.data) for StY
    bsp.o(i.BSP_LCD_OutUFix2_1) refers to bsp.o(.bss) for Message
    bsp.o(i.BSP_LCD_OutUHex2) refers to bsp.o(i.fillmessage2_Hex) for fillmessage2_Hex
    bsp.o(i.BSP_LCD_OutUHex2) refers to bsp.o(i.BSP_LCD_DrawString) for BSP_LCD_DrawString
[...]
    Removing texas.o(.revsh_text), (4 bytes).
    Removing texas.o(.rrx_text), (6 bytes).
    Removing texas.o(i.UART_InChar), (28 bytes).
    Removing texas.o(i.UART_InCharNonBlocking), (28 bytes).
    Removing texas.o(i.UART_InString), (66 bytes).
    Removing texas.o(i.UART_InUDec), (76 bytes).
    Removing texas.o(i.UART_InUHex), (104 bytes).
    Removing texas.o(i.UART_OutCharNonBlock), (12 bytes).
    Removing texas.o(i.UART_OutUDec4), (68 bytes).
    Removing texas.o(i.UART_OutUDec5), (68 bytes).
    Removing texas.o(i.UART_OutUDec6), (68 bytes).
    Removing texas.o(i.UART_OutUHex), (52 bytes).
    Removing texas.o(i.fillmessage4b), (88 bytes).
    Removing texas.o(i.fillmessage5b), (128 bytes).
    Removing texas.o(i.fillmessage6b), (160 bytes).
    Removing system_msp432p401r.o(.rev16_text), (4 bytes).
    Removing system_msp432p401r.o(.revsh_text), (4 bytes).
    Removing system_msp432p401r.o(.rrx_text), (6 bytes).
    Removing system_msp432p401r.o(i.SystemCoreClockUpdate), (612 bytes).
    Removing system_msp432p401r.o(.data), (4 bytes).

74 unused section(s) (total 5464 bytes) removed from the image.

==============================================================================

Image Symbol Table

    Local Symbols

    Symbol Name                              Value     Ov Type        Size  Object(Section)

    RESET                                    0x00000000   Section      324  startup_msp432p401r_uvision.o(RESET)
    ../clib/angel/boardlib.s                 0x00000000   Number         0  boardinit1.o ABSOLUTE
    ../clib/angel/boardlib.s                 0x00000000   Number         0  boardshut.o ABSOLUTE
    ../clib/angel/boardlib.s                 0x00000000   Number         0  boardinit2.o ABSOLUTE
    ../clib/angel/boardlib.s                 0x00000000   Number         0  boardinit3.o ABSOLUTE
    ../clib/angel/dczerorl.s                 0x00000000   Number         0  __dczerorl.o ABSOLUTE
    ../clib/angel/handlers.s                 0x00000000   Number         0  __scatter_zi.o ABSOLUTE
    ../clib/angel/kernel.s                   0x00000000   Number         0  __rtentry.o ABSOLUTE
    ../clib/angel/kernel.s                   0x00000000   Number         0  __rtentry2.o ABSOLUTE
    ../clib/angel/kernel.s                   0x00000000   Number         0  rtexit2.o ABSOLUTE
    ../clib/angel/kernel.s                   0x00000000   Number         0  __rtentry4.o ABSOLUTE
    ../clib/angel/kernel.s                   0x00000000   Number         0  rtexit.o ABSOLUTE
    ../clib/angel/rt.s                       0x00000000   Number         0  rt_raise.o ABSOLUTE
    ../clib/angel/scatter.s                  0x00000000   Number         0  __scatter.o ABSOLUTE
    ../clib/angel/startup.s                  0x00000000   Number         0  __main.o ABSOLUTE
    ../clib/angel/sys.s                      0x00000000   Number         0  use_no_semi.o ABSOLUTE
    ../clib/angel/sys.s                      0x00000000   Number         0  indicate_semi.o ABSOLUTE
    ../clib/angel/sys.s                      0x00000000   Number         0  sys_stackheap_outer.o ABSOLUTE
    ../clib/angel/sys.s                      0x00000000   Number         0  libspace.o ABSOLUTE
    ../clib/angel/sysapp.c                   0x00000000   Number         0  sys_command.o ABSOLUTE
    ../clib/angel/sysapp.c                   0x00000000   Number         0  sys_wrch.o ABSOLUTE
    ../clib/angel/sysapp.c                   0x00000000   Number         0  sys_exit.o ABSOLUTE
    ../clib/armsys.c                         0x00000000   Number         0  no_argv.o ABSOLUTE
    ../clib/armsys.c                         0x00000000   Number         0  argv_veneer.o ABSOLUTE
    ../clib/armsys.c                         0x00000000   Number         0  argv_veneer.o ABSOLUTE
    ../clib/armsys.c                         0x00000000   Number         0  _get_argv_nomalloc.o ABSOLUTE
    ../clib/heapalloc.c                      0x00000000   Number         0  hrguard.o ABSOLUTE
    ../clib/heapaux.c                        0x00000000   Number         0  heapauxi.o ABSOLUTE
    ../clib/libinit.s                        0x00000000   Number         0  libinit2.o ABSOLUTE
    ../clib/libinit.s                        0x00000000   Number         0  libshutdown2.o ABSOLUTE
    ../clib/libinit.s                        0x00000000   Number         0  libinit.o ABSOLUTE
    ../clib/libinit.s                        0x00000000   Number         0  libshutdown.o ABSOLUTE
    ../clib/signal.c                         0x00000000   Number         0  defsig_general.o ABSOLUTE
    ../clib/signal.c                         0x00000000   Number         0  __raise.o ABSOLUTE
    ../clib/signal.c                         0x00000000   Number         0  defsig_rtmem_outer.o ABSOLUTE
    ../clib/signal.c                         0x00000000   Number         0  defsig_exit.o ABSOLUTE
    ../clib/signal.c                         0x00000000   Number         0  defsig_rtmem_formal.o ABSOLUTE
    ../clib/signal.c                         0x00000000   Number         0  defsig_cppl_inner.o ABSOLUTE
    ../clib/signal.c                         0x00000000   Number         0  defsig_segv_inner.o ABSOLUTE
    ../clib/signal.c                         0x00000000   Number         0  defsig_other.o ABSOLUTE
    ../clib/signal.c                         0x00000000   Number         0  defsig_stak_inner.o ABSOLUTE
    ../clib/signal.c                         0x00000000   Number         0  defsig_rtmem_inner.o ABSOLUTE
    ../clib/signal.c                         0x00000000   Number         0  defsig_pvfn_inner.o ABSOLUTE
    ../clib/signal.c                         0x00000000   Number         0  defsig_rtred_inner.o ABSOLUTE
    ../clib/signal.c                         0x00000000   Number         0  defsig_fpe_inner.o ABSOLUTE
    ../clib/signal.c                         0x00000000   Number         0  defsig_abrt_inner.o ABSOLUTE
    ../clib/signal.s                         0x00000000   Number         0  defsig.o ABSOLUTE
    ../clib/stdlib.c                         0x00000000   Number         0  exit.o ABSOLUTE
    ../fplib/faddsub.s                       0x00000000   Number         0  faddsub_clz.o ABSOLUTE
    ../fplib/fdiv.s                          0x00000000   Number         0  fdiv.o ABSOLUTE
    ../fplib/ffixu.s                         0x00000000   Number         0  ffixu.o ABSOLUTE
    ../fplib/fflt.s                          0x00000000   Number         0  fflt_clz.o ABSOLUTE
    ../fplib/fmul.s                          0x00000000   Number         0  fmul.o ABSOLUTE
    ../fplib/fnaninf.s                       0x00000000   Number         0  fnaninf.o ABSOLUTE
    ../fplib/fpinit.s                        0x00000000   Number         0  fpinit.o ABSOLUTE
    ../fplib/fretinf.s                       0x00000000   Number         0  fretinf.o ABSOLUTE
    ../fplib/usenofp.s                       0x00000000   Number         0  usenofp.o ABSOLUTE
    ..\\inc\\BSP.c                           0x00000000   Number         0  bsp.o ABSOLUTE
    ..\\inc\\CortexM.c                       0x00000000   Number         0  cortexm.o ABSOLUTE
    ..\\inc\\Profile.c                       0x00000000   Number         0  profile.o ABSOLUTE
    ..\inc\BSP.c                             0x00000000   Number         0  bsp.o ABSOLUTE
    ..\inc\CortexM.c                         0x00000000   Number         0  cortexm.o ABSOLUTE
    ..\inc\Profile.c                         0x00000000   Number         0  profile.o ABSOLUTE
    Lab4.c                                   0x00000000   Number         0  lab4.o ABSOLUTE
    RTE\Device\MSP432P401R\startup_msp432p401r_uvision.s 0x00000000   Number         0  startup_msp432p401r_uvision.o ABSOLUTE
    RTE\Device\MSP432P401R\system_msp432p401r.c 0x00000000   Number         0  system_msp432p401r.o ABSOLUTE
    RTE\\Device\\MSP432P401R\\system_msp432p401r.c 0x00000000   Number         0  system_msp432p401r.o ABSOLUTE
    Texas.c                                  0x00000000   Number         0  texas.o ABSOLUTE
    Texas.c                                  0x00000000   Number         0  texas.o ABSOLUTE
    dc.s                                     0x00000000   Number         0  dc.o ABSOLUTE
    os.c                                     0x00000000   Number         0  os.o ABSOLUTE
    os.c                                     0x00000000   Number         0  os.o ABSOLUTE
    osasm.s                                  0x00000000   Number         0  osasm.o ABSOLUTE
    !!!main                                  0x00000144   Section        8  __main.o(!!!main)
    !!!scatter                               0x0000014c   Section       52  __scatter.o(!!!scatter)
    !!dczerorl                               0x00000180   Section       58  __dczerorl.o(!!dczerorl)
    !!handler_zi                             0x000001bc   Section       28  __scatter_zi.o(!!handler_zi)
    .ARM.Collect$$libinit$$00000000          0x000001d8   Section        2  libinit.o(.ARM.Collect$$libinit$$00000000)
    .ARM.Collect$$libinit$$00000002          0x000001da   Section        0  libinit2.o(.ARM.Collect$$libinit$$00000002)
    .ARM.Collect$$libinit$$00000004          0x000001da   Section        0  libinit2.o(.ARM.Collect$$libinit$$00000004)
    .ARM.Collect$$libinit$$0000000A          0x000001da   Section        0  libinit2.o(.ARM.Collect$$libinit$$0000000A)
    .ARM.Collect$$libinit$$0000000C          0x000001da   Section        0  libinit2.o(.ARM.Collect$$libinit$$0000000C)
    .ARM.Collect$$libinit$$0000000E          0x000001da   Section        0  libinit2.o(.ARM.Collect$$libinit$$0000000E)
    .ARM.Collect$$libinit$$00000011          0x000001da   Section        0  libinit2.o(.ARM.Collect$$libinit$$00000011)
    .ARM.Collect$$libinit$$00000013          0x000001da   Section        0  libinit2.o(.ARM.Collect$$libinit$$00000013)
    .ARM.Collect$$libinit$$00000015          0x000001da   Section        0  libinit2.o(.ARM.Collect$$libinit$$00000015)
    .ARM.Collect$$libinit$$00000017          0x000001da   Section        0  libinit2.o(.ARM.Collect$$libinit$$00000017)
    .ARM.Collect$$libinit$$00000019          0x000001da   Section        0  libinit2.o(.ARM.Collect$$libinit$$00000019)
    .ARM.Collect$$libinit$$0000001B          0x000001da   Section        0  libinit2.o(.ARM.Collect$$libinit$$0000001B)
    .ARM.Collect$$libinit$$0000001D          0x000001da   Section        0  libinit2.o(.ARM.Collect$$libinit$$0000001D)
    .ARM.Collect$$libinit$$0000001F          0x000001da   Section        0  libinit2.o(.ARM.Collect$$libinit$$0000001F)
    .ARM.Collect$$libinit$$00000021          0x000001da   Section        0  libinit2.o(.ARM.Collect$$libinit$$00000021)
    .ARM.Collect$$libinit$$00000023          0x000001da   Section        0  libinit2.o(.ARM.Collect$$libinit$$00000023)
    .ARM.Collect$$libinit$$00000025          0x000001da   Section        0  libinit2.o(.ARM.Collect$$libinit$$00000025)
    .ARM.Collect$$libinit$$0000002C          0x000001da   Section        0  libinit2.o(.ARM.Collect$$libinit$$0000002C)
    .ARM.Collect$$libinit$$0000002E          0x000001da   Section        0  libinit2.o(.ARM.Collect$$libinit$$0000002E)
    .ARM.Collect$$libinit$$00000030          0x000001da   Section        0  libinit2.o(.ARM.Collect$$libinit$$00000030)
    .ARM.Collect$$libinit$$00000032          0x000001da   Section        0  libinit2.o(.ARM.Collect$$libinit$$00000032)
    .ARM.Collect$$libinit$$00000033          0x000001da   Section        2  libinit2.o(.ARM.Collect$$libinit$$00000033)
    .ARM.Collect$$libshutdown$$00000000      0x000001dc   Section        2  libshutdown.o(.ARM.Collect$$libshutdown$$00000000)
    .ARM.Collect$$libshutdown$$00000002      0x000001de   Section        0  libshutdown2.o(.ARM.Collect$$libshutdown$$00000002)
    .ARM.Collect$$libshutdown$$00000004      0x000001de   Section        0  libshutdown2.o(.ARM.Collect$$libshutdown$$00000004)
    .ARM.Collect$$libshutdown$$00000007      0x000001de   Section        0  libshutdown2.o(.ARM.Collect$$libshutdown$$00000007)
    .ARM.Collect$$libshutdown$$0000000A      0x000001de   Section        0  libshutdown2.o(.ARM.Collect$$libshutdown$$0000000A)
    .ARM.Collect$$libshutdown$$0000000C      0x000001de   Section        0  libshutdown2.o(.ARM.Collect$$libshutdown$$0000000C)
    .ARM.Collect$$libshutdown$$0000000F      0x000001de   Section        0  libshutdown2.o(.ARM.Collect$$libshutdown$$0000000F)
    .ARM.Collect$$libshutdown$$00000010      0x000001de   Section        2  libshutdown2.o(.ARM.Collect$$libshutdown$$00000010)
    .ARM.Collect$$rtentry$$00000000          0x000001e0   Section        0  __rtentry.o(.ARM.Collect$$rtentry$$00000000)
    .ARM.Collect$$rtentry$$00000002          0x000001e0   Section        0  __rtentry2.o(.ARM.Collect$$rtentry$$00000002)
    .ARM.Collect$$rtentry$$00000004          0x000001e0   Section        6  __rtentry4.o(.ARM.Collect$$rtentry$$00000004)
    .ARM.Collect$$rtentry$$00000009          0x000001e6   Section        0  __rtentry2.o(.ARM.Collect$$rtentry$$00000009)
    .ARM.Collect$$rtentry$$0000000A          0x000001e6   Section        4  __rtentry2.o(.ARM.Collect$$rtentry$$0000000A)
    .ARM.Collect$$rtentry$$0000000C          0x000001ea   Section        0  __rtentry2.o(.ARM.Collect$$rtentry$$0000000C)
    .ARM.Collect$$rtentry$$0000000D          0x000001ea   Section        8  __rtentry2.o(.ARM.Collect$$rtentry$$0000000D)
    .ARM.Collect$$rtexit$$00000000           0x000001f2   Section        2  rtexit.o(.ARM.Collect$$rtexit$$00000000)
    .ARM.Collect$$rtexit$$00000002           0x000001f4   Section        0  rtexit2.o(.ARM.Collect$$rtexit$$00000002)
    .ARM.Collect$$rtexit$$00000003           0x000001f4   Section        4  rtexit2.o(.ARM.Collect$$rtexit$$00000003)
    .ARM.Collect$$rtexit$$00000004           0x000001f8   Section        6  rtexit2.o(.ARM.Collect$$rtexit$$00000004)
    .emb_text                                0x00000200   Section        6  bsp.o(.emb_text)
    .emb_text                                0x00000208   Section       32  cortexm.o(.emb_text)
    .text                                    0x00000228   Section       72  osasm.o(.text)
    .text                                    0x00000270   Section       60  startup_msp432p401r_uvision.o(.text)
    .text                                    0x000002ac   Section        0  heapauxi.o(.text)
    .text                                    0x000002b2   Section       74  sys_stackheap_outer.o(.text)
    .text                                    0x000002fc   Section        0  exit.o(.text)
    .text                                    0x00000310   Section        8  libspace.o(.text)
    .text                                    0x00000318   Section        0  sys_exit.o(.text)
    .text                                    0x00000324   Section        2  use_no_semi.o(.text)
    .text                                    0x00000326   Section        0  indicate_semi.o(.text)
    i.BSP_Accelerometer_Init                 0x00000328   Section        0  bsp.o(i.BSP_Accelerometer_Init)
    i.BSP_Accelerometer_Input                0x00000388   Section        0  bsp.o(i.BSP_Accelerometer_Input)
    i.BSP_Button1_Init                       0x00000414   Section        0  bsp.o(i.BSP_Button1_Init)
    i.BSP_Button1_Input                      0x00000450   Section        0  bsp.o(i.BSP_Button1_Input)
    i.BSP_Button2_Init                       0x0000045c   Section        0  bsp.o(i.BSP_Button2_Init)
    i.BSP_Buzzer_Init                        0x00000498   Section        0  bsp.o(i.BSP_Buzzer_Init)
    i.BSP_Buzzer_Set                         0x00000528   Section        0  bsp.o(i.BSP_Buzzer_Set)
    i.BSP_Clock_GetFreq                      0x00000548   Section        0  bsp.o(i.BSP_Clock_GetFreq)
    i.BSP_Clock_InitFastest                  0x00000554   Section        0  bsp.o(i.BSP_Clock_InitFastest)
    i.BSP_Delay1ms                           0x000006dc   Section        0  bsp.o(i.BSP_Delay1ms)
    i.BSP_LCD_Color565                       0x000006f2   Section        0  bsp.o(i.BSP_LCD_Color565)
    i.BSP_LCD_DrawChar                       0x0000070c   Section        0  bsp.o(i.BSP_LCD_DrawChar)
    i.BSP_LCD_DrawFastHLine                  0x0000081c   Section        0  bsp.o(i.BSP_LCD_DrawFastHLine)
    i.BSP_LCD_DrawFastVLine                  0x00000898   Section        0  bsp.o(i.BSP_LCD_DrawFastVLine)
    i.BSP_LCD_DrawPixel                      0x00000914   Section        0  bsp.o(i.BSP_LCD_DrawPixel)
    i.BSP_LCD_DrawString                     0x0000095c   Section        0  bsp.o(i.BSP_LCD_DrawString)
    i.BSP_LCD_Drawaxes                       0x000009b4   Section        0  bsp.o(i.BSP_LCD_Drawaxes)
    i.BSP_LCD_FillRect                       0x00000ad8   Section        0  bsp.o(i.BSP_LCD_FillRect)
    i.BSP_LCD_FillScreen                     0x00000b84   Section        0  bsp.o(i.BSP_LCD_FillScreen)
    i.BSP_LCD_Init                           0x00000ba8   Section        0  bsp.o(i.BSP_LCD_Init)
    i.BSP_LCD_OutUDec4                       0x00000bb4   Section        0  bsp.o(i.BSP_LCD_OutUDec4)
    i.BSP_LCD_OutUFix2_1                     0x00000c3c   Section        0  bsp.o(i.BSP_LCD_OutUFix2_1)
    i.BSP_LCD_PlotIncrement                  0x00000cac   Section        0  bsp.o(i.BSP_LCD_PlotIncrement)
    i.BSP_LCD_PlotPoint                      0x00000ce4   Section        0  bsp.o(i.BSP_LCD_PlotPoint)
    i.BSP_LCD_SetCursor                      0x00000d48   Section        0  bsp.o(i.BSP_LCD_SetCursor)
    i.BSP_LightSensor_End                    0x00000d68   Section        0  bsp.o(i.BSP_LightSensor_End)
    i.BSP_LightSensor_Init                   0x00000dac   Section        0  bsp.o(i.BSP_LightSensor_Init)
    i.BSP_LightSensor_Start                  0x00000dec   Section        0  bsp.o(i.BSP_LightSensor_Start)
    i.BSP_Microphone_Init                    0x00000e08   Section        0  bsp.o(i.BSP_Microphone_Init)
    i.BSP_Microphone_Input                   0x00000e44   Section        0  bsp.o(i.BSP_Microphone_Input)
    i.BSP_PeriodicTask_Init                  0x00000eb8   Section        0  bsp.o(i.BSP_PeriodicTask_Init)
    i.BSP_PeriodicTask_InitC                 0x00000f28   Section        0  bsp.o(i.BSP_PeriodicTask_InitC)
    i.BSP_RGB_Init                           0x00000fc8   Section        0  bsp.o(i.BSP_RGB_Init)
    i.BSP_TempSensor_End                     0x000010ec   Section        0  bsp.o(i.BSP_TempSensor_End)
    i.BSP_TempSensor_Init                    0x00001138   Section        0  bsp.o(i.BSP_TempSensor_Init)
    i.BSP_TempSensor_Start                   0x00001178   Section        0  bsp.o(i.BSP_TempSensor_Start)
    i.BSP_Time_Get                           0x00001194   Section        0  bsp.o(i.BSP_Time_Get)
    i.BSP_Time_Init                          0x000011a8   Section        0  bsp.o(i.BSP_Time_Init)
    i.Encrypt                                0x000011cc   Section        0  texas.o(i.Encrypt)
    Encrypt                                  0x000011cd   Thumb Code    86  texas.o(i.Encrypt)
    i.Grader                                 0x00001234   Section        0  texas.o(i.Grader)
    i.I2C_Recv2                              0x000016e0   Section        0  bsp.o(i.I2C_Recv2)
    I2C_Recv2                                0x000016e1   Thumb Code   184  bsp.o(i.I2C_Recv2)
    i.I2C_Send1                              0x0000179c   Section        0  bsp.o(i.I2C_Send1)
    I2C_Send1                                0x0000179d   Thumb Code   154  bsp.o(i.I2C_Send1)
    i.I2C_Send3                              0x0000183c   Section        0  bsp.o(i.I2C_Send3)
    I2C_Send3                                0x0000183d   Thumb Code   262  bsp.o(i.I2C_Send3)
    i.LogicAnalyzer                          0x0000194c   Section        0  texas.o(i.LogicAnalyzer)
    i.NonrealTimeResults                     0x00001960   Section        0  texas.o(i.NonrealTimeResults)
    i.OS_AddThreads                          0x00001a00   Section        0  os.o(i.OS_AddThreads)
    i.OS_EdgeTrigger_Init                    0x00001b2c   Section        0  os.o(i.OS_EdgeTrigger_Init)
    i.OS_EdgeTrigger_Restart                 0x00001bd0   Section        0  os.o(i.OS_EdgeTrigger_Restart)
    i.OS_FIFO_Get                            0x00001bfc   Section        0  os.o(i.OS_FIFO_Get)
    i.OS_FIFO_Init                           0x00001c34   Section        0  os.o(i.OS_FIFO_Init)
    i.OS_FIFO_Put                            0x00001c60   Section        0  os.o(i.OS_FIFO_Put)
    i.OS_Init                                0x00001cb4   Section        0  os.o(i.OS_Init)
    i.OS_InitSemaphore                       0x00001cd0   Section        0  os.o(i.OS_InitSemaphore)
    i.OS_Launch                              0x00001cd4   Section        0  os.o(i.OS_Launch)
    i.OS_PeriodTrigger0_Init                 0x00001d08   Section        0  os.o(i.OS_PeriodTrigger0_Init)
    i.OS_PeriodTrigger1_Init                 0x00001d30   Section        0  os.o(i.OS_PeriodTrigger1_Init)
    i.OS_Signal                              0x00001d58   Section        0  os.o(i.OS_Signal)
    i.OS_Sleep                               0x00001d8c   Section        0  os.o(i.OS_Sleep)
    i.OS_Suspend                             0x00001da0   Section        0  os.o(i.OS_Suspend)
    i.OS_Wait                                0x00001db8   Section        0  os.o(i.OS_Wait)
    i.PORT1_IRQHandler                       0x00001de4   Section        0  os.o(i.PORT1_IRQHandler)
    i.PeriodicTask2_Init                     0x00001e0c   Section        0  texas.o(i.PeriodicTask2_Init)
    i.PeriodicTask2_Stop                     0x00001ea8   Section        0  texas.o(i.PeriodicTask2_Stop)
    i.Profile_Init                           0x00001ec4   Section        0  profile.o(i.Profile_Init)
    i.RealTimeEvents                         0x0000201c   Section        0  os.o(i.RealTimeEvents)
    i.RealTimeResults                        0x00002088   Section        0  texas.o(i.RealTimeResults)
    i.RealTimeResultsNoJitter                0x00002140   Section        0  texas.o(i.RealTimeResultsNoJitter)
    i.ST7735_InitR                           0x000021f4   Section        0  bsp.o(i.ST7735_InitR)
    ST7735_InitR                             0x000021f5   Thumb Code    86  bsp.o(i.ST7735_InitR)
    i.Scheduler                              0x00002268   Section        0  os.o(i.Scheduler)
    i.SetGrade                               0x00002298   Section        0  texas.o(i.SetGrade)
    SetGrade                                 0x00002299   Thumb Code   196  texas.o(i.SetGrade)
    i.SetInitialStack                        0x00002364   Section        0  os.o(i.SetInitialStack)
    i.Step1Test                              0x000024b4   Section        0  texas.o(i.Step1Test)
    i.Step2Test                              0x00002850   Section        0  texas.o(i.Step2Test)
    i.Step3Test                              0x00002bec   Section        0  texas.o(i.Step3Test)
    i.SystemInit                             0x00002f1c   Section        0  system_msp432p401r.o(i.SystemInit)
    i.T32_INT1_IRQHandler                    0x00002f7c   Section        0  bsp.o(i.T32_INT1_IRQHandler)
    i.TA1_0_IRQHandler                       0x00002f94   Section        0  bsp.o(i.TA1_0_IRQHandler)
    i.TA2_0_IRQHandler                       0x00002fb4   Section        0  bsp.o(i.TA2_0_IRQHandler)
    i.TA3_0_IRQHandler                       0x00002fd4   Section        0  texas.o(i.TA3_0_IRQHandler)
    i.TExaS_Init                             0x00002ff4   Section        0  texas.o(i.TExaS_Init)
    i.TExaS_Stop                             0x000031a0   Section        0  texas.o(i.TExaS_Stop)
    i.TExaS_Task0                            0x000031a8   Section        0  texas.o(i.TExaS_Task0)
    i.TExaS_Task1                            0x000031e8   Section        0  texas.o(i.TExaS_Task1)
    i.TExaS_Task2                            0x00003228   Section        0  texas.o(i.TExaS_Task2)
    i.TExaS_Task3                            0x00003268   Section        0  texas.o(i.TExaS_Task3)
    i.TExaS_Task4                            0x000032a8   Section        0  texas.o(i.TExaS_Task4)
    i.TExaS_Task5                            0x000032e8   Section        0  texas.o(i.TExaS_Task5)
    i.TExaS_Task6                            0x00003328   Section        0  texas.o(i.TExaS_Task6)
    i.Task0                                  0x00003368   Section        0  lab4.o(i.Task0)
    i.Task1                                  0x00003418   Section        0  lab4.o(i.Task1)
    i.Task2                                  0x000034f4   Section        0  lab4.o(i.Task2)
    i.Task3                                  0x000036b8   Section        0  lab4.o(i.Task3)
    i.Task4                                  0x0000375c   Section        0  lab4.o(i.Task4)
    i.Task5                                  0x000037c4   Section        0  lab4.o(i.Task5)
    i.Task6                                  0x0000394c   Section        0  lab4.o(i.Task6)
    i.Task7                                  0x000039b0   Section        0  lab4.o(i.Task7)
    i.UART_Init                              0x000039cc   Section        0  texas.o(i.UART_Init)
    i.UART_OutChar                           0x00003a38   Section        0  texas.o(i.UART_OutChar)
    i.UART_OutString                         0x00003a50   Section        0  texas.o(i.UART_OutString)
    i.UART_OutUDec                           0x00003a68   Section        0  texas.o(i.UART_OutUDec)
    i.UART_OutUDec7                          0x00003a94   Section        0  texas.o(i.UART_OutUDec7)
    i.UART_OutUFix1                          0x00003ad8   Section        0  texas.o(i.UART_OutUFix1)
    i.adcinit                                0x00003b08   Section        0  bsp.o(i.adcinit)
    adcinit                                  0x00003b09   Thumb Code    50  bsp.o(i.adcinit)
    i.commandList                            0x00003b48   Section        0  bsp.o(i.commandList)
    commandList                              0x00003b49   Thumb Code    86  bsp.o(i.commandList)
    i.commonInit                             0x00003ba0   Section        0  bsp.o(i.commonInit)
    commonInit                               0x00003ba1   Thumb Code   232  bsp.o(i.commonInit)
    i.drawaxes                               0x00003c9c   Section        0  lab4.o(i.drawaxes)
    i.fillmessage                            0x00003db0   Section        0  bsp.o(i.fillmessage)
    fillmessage                              0x00003db1   Thumb Code    64  bsp.o(i.fillmessage)
    i.fillmessage2_1                         0x00003df8   Section        0  bsp.o(i.fillmessage2_1)
    fillmessage2_1                           0x00003df9   Thumb Code    90  bsp.o(i.fillmessage2_1)
    i.fillmessage4                           0x00003e58   Section        0  bsp.o(i.fillmessage4)
    fillmessage4                             0x00003e59   Thumb Code    90  bsp.o(i.fillmessage4)
    i.fillmessage7b                          0x00003ebc   Section        0  texas.o(i.fillmessage7b)
    fillmessage7b                            0x00003ebd   Thumb Code   174  texas.o(i.fillmessage7b)
    i.fillmessageb                           0x00003f80   Section        0  texas.o(i.fillmessageb)
    fillmessageb                             0x00003f81   Thumb Code    64  texas.o(i.fillmessageb)
    i.i2cinit                                0x00003fc8   Section        0  bsp.o(i.i2cinit)
    i2cinit                                  0x00003fc9   Thumb Code    78  bsp.o(i.i2cinit)
    i.lightsensorend                         0x00004020   Section        0  bsp.o(i.lightsensorend)
    lightsensorend                           0x00004021   Thumb Code    80  bsp.o(i.lightsensorend)
    i.lightsensorstart                       0x00004070   Section        0  bsp.o(i.lightsensorstart)
    lightsensorstart                         0x00004071   Thumb Code    36  bsp.o(i.lightsensorstart)
    i.main                                   0x00004094   Section        0  lab4.o(i.main)
    i.pushColor                              0x000041bc   Section        0  bsp.o(i.pushColor)
    pushColor                                0x000041bd   Thumb Code    18  bsp.o(i.pushColor)
    i.runperiodicevents                      0x000041d0   Section        0  os.o(i.runperiodicevents)
    runperiodicevents                        0x000041d1   Thumb Code    50  os.o(i.runperiodicevents)
    i.setAddrWindow                          0x00004208   Section        0  bsp.o(i.setAddrWindow)
    setAddrWindow                            0x00004209   Thumb Code   106  bsp.o(i.setAddrWindow)
    i.sqrt32                                 0x0000427c   Section        0  lab4.o(i.sqrt32)
    i.tempsensorend                          0x0000429a   Section        0  bsp.o(i.tempsensorend)
    tempsensorend                            0x0000429b   Thumb Code    68  bsp.o(i.tempsensorend)
    i.tempsensorstart                        0x000042de   Section        0  bsp.o(i.tempsensorstart)
    tempsensorstart                          0x000042df   Thumb Code    18  bsp.o(i.tempsensorstart)
    i.writecommand                           0x000042f0   Section        0  bsp.o(i.writecommand)
    writecommand                             0x000042f1   Thumb Code    58  bsp.o(i.writecommand)
    i.writedata                              0x00004338   Section        0  bsp.o(i.writedata)
    writedata                                0x00004339   Thumb Code    60  bsp.o(i.writedata)
    .constdata                               0x00004380   Section     1403  bsp.o(.constdata)
    Font                                     0x00004380   Data        1275  bsp.o(.constdata)
    Rcmd1                                    0x0000487b   Data          59  bsp.o(.constdata)
    Rcmd2green                               0x000048b6   Data          13  bsp.o(.constdata)
    Rcmd2red                                 0x000048c3   Data          13  bsp.o(.constdata)
    Rcmd3                                    0x000048d0   Data          43  bsp.o(.constdata)
    .constdata                               0x000048fc   Section       72  texas.o(.constdata)
    .data                                    0x20000000   Section       92  bsp.o(.data)
    ClockFrequency                           0x20000000   Data           4  bsp.o(.data)
    SubsystemFrequency                       0x20000004   Data           4  bsp.o(.data)
    PWMCycles                                0x20000008   Data           2  bsp.o(.data)
    ColStart                                 0x20000016   Data           1  bsp.o(.data)
    RowStart                                 0x20000017   Data           1  bsp.o(.data)
    _width                                   0x20000018   Data           2  bsp.o(.data)
    _height                                  0x2000001a   Data           2  bsp.o(.data)
    .data                                    0x2000005c   Section       44  os.o(.data)
    realCount                                0x20000084   Data           4  os.o(.data)
    .data                                    0x20000088   Section      208  lab4.o(.data)
    soundSum                                 0x20000150   Data           4  lab4.o(.data)
    time                                     0x20000154   Data           4  lab4.o(.data)
    .data                                    0x20000158   Section       68  texas.o(.data)
    count                                    0x2000018c   Data           4  texas.o(.data)
    count                                    0x20000190   Data           4  texas.o(.data)
    count                                    0x20000194   Data           4  texas.o(.data)
    count                                    0x20000198   Data           4  texas.o(.data)
    .bss                                     0x2000019c   Section       12  bsp.o(.bss)
    .bss                                     0x200001a8   Section     3400  os.o(.bss)
    .bss                                     0x20000ef0   Section     2000  lab4.o(.bss)
    .bss                                     0x200016c0   Section     1740  texas.o(.bss)
    .bss                                     0x20001d8c   Section       96  libspace.o(.bss)
    HEAP                                     0x20001df0   Section        0  startup_msp432p401r_uvision.o(HEAP)
    STACK                                    0x20001df0   Section      512  startup_msp432p401r_uvision.o(STACK)
    Heap_Mem                                 0x20001df0   Data           0  startup_msp432p401r_uvision.o(HEAP)
    Stack_Mem                                0x20001df0   Data         512  startup_msp432p401r_uvision.o(STACK)
    __initial_sp                             0x20001ff0   Data           0  startup_msp432p401r_uvision.o(STACK)

    Global Symbols

    Symbol Name                              Value     Ov Type        Size  Object(Section)

    BuildAttributes$$THM_ISAv4$E$P$D$K$B$S$7EM$PE$A:L22UL41UL21$X:L11$S22US41US21$IEEE1$IW$USESV6$~STKCKD$USESV7$~SHL$OSPACE$ROPI$EBA8$UX$STANDARDLIB$REQ8$PRES8$EABIv2 0x00000000   Number         0  anon$$obj.o ABSOLUTE
    __ARM_use_no_argv                        0x00000000   Number         0  lab4.o ABSOLUTE
    __Vectors                                0x00000000   Data           4  startup_msp432p401r_uvision.o(RESET)
    __ARM_exceptions_init                     - Undefined Weak Reference
    __alloca_initialize                       - Undefined Weak Reference
    __arm_preinit_                            - Undefined Weak Reference
    __cpp_initialize__aeabi_                  - Undefined Weak Reference
    __cxa_finalize                            - Undefined Weak Reference
    __rt_locale                               - Undefined Weak Reference
    __sigvec_lookup                           - Undefined Weak Reference
    _atexit_init                              - Undefined Weak Reference
    _call_atexit_fns                          - Undefined Weak Reference
    _clock_init                               - Undefined Weak Reference
    _fp_trap_init                             - Undefined Weak Reference
    _fp_trap_shutdown                         - Undefined Weak Reference
    _get_lc_collate                           - Undefined Weak Reference
    _get_lc_ctype                             - Undefined Weak Reference
    _get_lc_monetary                          - Undefined Weak Reference
    _get_lc_numeric                           - Undefined Weak Reference
    _get_lc_time                              - Undefined Weak Reference
    _getenv_init                              - Undefined Weak Reference
    _handle_redirection                       - Undefined Weak Reference
    _init_alloc                               - Undefined Weak Reference
    _init_user_alloc                          - Undefined Weak Reference
    _initio                                   - Undefined Weak Reference
    _rand_init                                - Undefined Weak Reference
    _signal_finish                            - Undefined Weak Reference
    _signal_init                              - Undefined Weak Reference
    _terminate_alloc                          - Undefined Weak Reference
    _terminate_user_alloc                     - Undefined Weak Reference
    _terminateio                              - Undefined Weak Reference
    __Vectors_End                            0x00000144   Data           0  startup_msp432p401r_uvision.o(RESET)
    __Vectors_Size                           0x00000144   Number         0  startup_msp432p401r_uvision.o ABSOLUTE
    __main                                   0x00000145   Thumb Code     8  __main.o(!!!main)
    __scatterload                            0x0000014d   Thumb Code     0  __scatter.o(!!!scatter)
    __scatterload_rt2                        0x0000014d   Thumb Code    44  __scatter.o(!!!scatter)
    __scatterload_rt2_thumb_only             0x0000014d   Thumb Code     0  __scatter.o(!!!scatter)
    __scatterload_null                       0x0000015b   Thumb Code     0  __scatter.o(!!!scatter)
    __decompress                             0x00000181   Thumb Code    58  __dczerorl.o(!!dczerorl)
    __decompress0                            0x00000181   Thumb Code     0  __dczerorl.o(!!dczerorl)
    __scatterload_zeroinit                   0x000001bd   Thumb Code    28  __scatter_zi.o(!!handler_zi)
    __rt_lib_init                            0x000001d9   Thumb Code     0  libinit.o(.ARM.Collect$$libinit$$00000000)
    __rt_lib_init_alloca_1                   0x000001db   Thumb Code     0  libinit2.o(.ARM.Collect$$libinit$$0000002E)
    __rt_lib_init_argv_1                     0x000001db   Thumb Code     0  libinit2.o(.ARM.Collect$$libinit$$0000002C)
    __rt_lib_init_atexit_1                   0x000001db   Thumb Code     0  libinit2.o(.ARM.Collect$$libinit$$0000001B)
    __rt_lib_init_clock_1                    0x000001db   Thumb Code     0  libinit2.o(.ARM.Collect$$libinit$$00000021)
    __rt_lib_init_cpp_1                      0x000001db   Thumb Code     0  libinit2.o(.ARM.Collect$$libinit$$00000032)
    __rt_lib_init_exceptions_1               0x000001db   Thumb Code     0  libinit2.o(.ARM.Collect$$libinit$$00000030)
    __rt_lib_init_fp_1                       0x000001db   Thumb Code     0  libinit2.o(.ARM.Collect$$libinit$$00000002)
    __rt_lib_init_fp_trap_1                  0x000001db   Thumb Code     0  libinit2.o(.ARM.Collect$$libinit$$0000001F)
    __rt_lib_init_getenv_1                   0x000001db   Thumb Code     0  libinit2.o(.ARM.Collect$$libinit$$00000023)
    __rt_lib_init_heap_1                     0x000001db   Thumb Code     0  libinit2.o(.ARM.Collect$$libinit$$0000000A)
    __rt_lib_init_lc_collate_1               0x000001db   Thumb Code     0  libinit2.o(.ARM.Collect$$libinit$$00000011)
    __rt_lib_init_lc_ctype_1                 0x000001db   Thumb Code     0  libinit2.o(.ARM.Collect$$libinit$$00000013)
    __rt_lib_init_lc_monetary_1              0x000001db   Thumb Code     0  libinit2.o(.ARM.Collect$$libinit$$00000015)
    __rt_lib_init_lc_numeric_1               0x000001db   Thumb Code     0  libinit2.o(.ARM.Collect$$libinit$$00000017)
    __rt_lib_init_lc_time_1                  0x000001db   Thumb Code     0  libinit2.o(.ARM.Collect$$libinit$$00000019)
    __rt_lib_init_preinit_1                  0x000001db   Thumb Code     0  libinit2.o(.ARM.Collect$$libinit$$00000004)
    __rt_lib_init_rand_1                     0x000001db   Thumb Code     0  libinit2.o(.ARM.Collect$$libinit$$0000000E)
    __rt_lib_init_return                     0x000001db   Thumb Code     0  libinit2.o(.ARM.Collect$$libinit$$00000033)
    __rt_lib_init_signal_1                   0x000001db   Thumb Code     0  libinit2.o(.ARM.Collect$$libinit$$0000001D)
    __rt_lib_init_stdio_1                    0x000001db   Thumb Code     0  libinit2.o(.ARM.Collect$$libinit$$00000025)
    __rt_lib_init_user_alloc_1               0x000001db   Thumb Code     0  libinit2.o(.ARM.Collect$$libinit$$0000000C)
    __rt_lib_shutdown                        0x000001dd   Thumb Code     0  libshutdown.o(.ARM.Collect$$libshutdown$$00000000)
    __rt_lib_shutdown_cpp_1                  0x000001df   Thumb Code     0  libshutdown2.o(.ARM.Collect$$libshutdown$$00000002)
    __rt_lib_shutdown_fp_trap_1              0x000001df   Thumb Code     0  libshutdown2.o(.ARM.Collect$$libshutdown$$00000007)
    __rt_lib_shutdown_heap_1                 0x000001df   Thumb Code     0  libshutdown2.o(.ARM.Collect$$libshutdown$$0000000F)
    __rt_lib_shutdown_return                 0x000001df   Thumb Code     0  libshutdown2.o(.ARM.Collect$$libshutdown$$00000010)
    __rt_lib_shutdown_signal_1               0x000001df   Thumb Code     0  libshutdown2.o(.ARM.Collect$$libshutdown$$0000000A)
    __rt_lib_shutdown_stdio_1                0x000001df   Thumb Code     0  libshutdown2.o(.ARM.Collect$$libshutdown$$00000004)
    __rt_lib_shutdown_user_alloc_1           0x000001df   Thumb Code     0  libshutdown2.o(.ARM.Collect$$libshutdown$$0000000C)
    __rt_entry                               0x000001e1   Thumb Code     0  __rtentry.o(.ARM.Collect$$rtentry$$00000000)
    __rt_entry_presh_1                       0x000001e1   Thumb Code     0  __rtentry2.o(.ARM.Collect$$rtentry$$00000002)
    __rt_entry_sh                            0x000001e1   Thumb Code     0  __rtentry4.o(.ARM.Collect$$rtentry$$00000004)
    __rt_entry_li                            0x000001e7   Thumb Code     0  __rtentry2.o(.ARM.Collect$$rtentry$$0000000A)
    __rt_entry_postsh_1                      0x000001e7   Thumb Code     0  __rtentry2.o(.ARM.Collect$$rtentry$$00000009)
    __rt_entry_main                          0x000001eb   Thumb Code     0  __rtentry2.o(.ARM.Collect$$rtentry$$0000000D)
    __rt_entry_postli_1                      0x000001eb   Thumb Code     0  __rtentry2.o(.ARM.Collect$$rtentry$$0000000C)
    __rt_exit                                0x000001f3   Thumb Code     0  rtexit.o(.ARM.Collect$$rtexit$$00000000)
    __rt_exit_ls                             0x000001f5   Thumb Code     0  rtexit2.o(.ARM.Collect$$rtexit$$00000003)
    __rt_exit_prels_1                        0x000001f5   Thumb Code     0  rtexit2.o(.ARM.Collect$$rtexit$$00000002)
    __rt_exit_exit                           0x000001f9   Thumb Code     0  rtexit2.o(.ARM.Collect$$rtexit$$00000004)
    parrotdelay                              0x00000201   Thumb Code     6  bsp.o(.emb_text)
    DisableInterrupts                        0x00000209   Thumb Code     4  cortexm.o(.emb_text)
    EnableInterrupts                         0x0000020d   Thumb Code     4  cortexm.o(.emb_text)
    StartCritical                            0x00000211   Thumb Code     8  cortexm.o(.emb_text)
    EndCritical                              0x00000219   Thumb Code     6  cortexm.o(.emb_text)
    WaitForInterrupt                         0x0000021f   Thumb Code     4  cortexm.o(.emb_text)
    delay                                    0x00000223   Thumb Code     6  cortexm.o(.emb_text)
    SysTick_Handler                          0x00000229   Thumb Code     0  osasm.o(.text)
    StartOS                                  0x0000024f   Thumb Code     0  osasm.o(.text)
    Reset_Handler                            0x00000271   Thumb Code     8  startup_msp432p401r_uvision.o(.text)
    NMI_Handler                              0x00000279   Thumb Code     2  startup_msp432p401r_uvision.o(.text)
    HardFault_Handler                        0x0000027b   Thumb Code     2  startup_msp432p401r_uvision.o(.text)
    MemManage_Handler                        0x0000027d   Thumb Code     2  startup_msp432p401r_uvision.o(.text)
    BusFault_Handler                         0x0000027f   Thumb Code     2  startup_msp432p401r_uvision.o(.text)
    UsageFault_Handler                       0x00000281   Thumb Code     2  startup_msp432p401r_uvision.o(.text)
    SVC_Handler                              0x00000283   Thumb Code     2  startup_msp432p401r_uvision.o(.text)
    DebugMon_Handler                         0x00000285   Thumb Code     2  startup_msp432p401r_uvision.o(.text)
    PendSV_Handler                           0x00000287   Thumb Code     2  startup_msp432p401r_uvision.o(.text)
    ADC14_IRQHandler                         0x0000028b   Thumb Code     0  startup_msp432p401r_uvision.o(.text)
    AES256_IRQHandler                        0x0000028b   Thumb Code     0  startup_msp432p401r_uvision.o(.text)
    COMP_E0_IRQHandler                       0x0000028b   Thumb Code     0  startup_msp432p401r_uvision.o(.text)
    COMP_E1_IRQHandler                       0x0000028b   Thumb Code     0  startup_msp432p401r_uvision.o(.text)
    CS_IRQHandler                            0x0000028b   Thumb Code     0  startup_msp432p401r_uvision.o(.text)
    DMA_ERR_IRQHandler                       0x0000028b   Thumb Code     0  startup_msp432p401r_uvision.o(.text)
    DMA_INT0_IRQHandler                      0x0000028b   Thumb Code     0  startup_msp432p401r_uvision.o(.text)
    DMA_INT1_IRQHandler                      0x0000028b   Thumb Code     0  startup_msp432p401r_uvision.o(.text)
    DMA_INT2_IRQHandler                      0x0000028b   Thumb Code     0  startup_msp432p401r_uvision.o(.text)
    DMA_INT3_IRQHandler                      0x0000028b   Thumb Code     0  startup_msp432p401r_uvision.o(.text)
    EUSCIA0_IRQHandler                       0x0000028b   Thumb Code     0  startup_msp432p401r_uvision.o(.text)
    EUSCIA1_IRQHandler                       0x0000028b   Thumb Code     0  startup_msp432p401r_uvision.o(.text)
    EUSCIA2_IRQHandler                       0x0000028b   Thumb Code     0  startup_msp432p401r_uvision.o(.text)
    EUSCIA3_IRQHandler                       0x0000028b   Thumb Code     0  startup_msp432p401r_uvision.o(.text)
    EUSCIB0_IRQHandler                       0x0000028b   Thumb Code     0  startup_msp432p401r_uvision.o(.text)
    EUSCIB1_IRQHandler                       0x0000028b   Thumb Code     0  startup_msp432p401r_uvision.o(.text)
    EUSCIB2_IRQHandler                       0x0000028b   Thumb Code     0  startup_msp432p401r_uvision.o(.text)
    EUSCIB3_IRQHandler                       0x0000028b   Thumb Code     0  startup_msp432p401r_uvision.o(.text)
    FLCTL_IRQHandler                         0x0000028b   Thumb Code     0  startup_msp432p401r_uvision.o(.text)
    FPU_IRQHandler                           0x0000028b   Thumb Code     0  startup_msp432p401r_uvision.o(.text)
    PCM_IRQHandler                           0x0000028b   Thumb Code     0  startup_msp432p401r_uvision.o(.text)
    PORT2_IRQHandler                         0x0000028b   Thumb Code     0  startup_msp432p401r_uvision.o(.text)
    PORT3_IRQHandler                         0x0000028b   Thumb Code     0  startup_msp432p401r_uvision.o(.text)
    PORT4_IRQHandler                         0x0000028b   Thumb Code     0  startup_msp432p401r_uvision.o(.text)
    PORT5_IRQHandler                         0x0000028b   Thumb Code     0  startup_msp432p401r_uvision.o(.text)
    PORT6_IRQHandler                         0x0000028b   Thumb Code     0  startup_msp432p401r_uvision.o(.text)
    PSS_IRQHandler                           0x0000028b   Thumb Code     0  startup_msp432p401r_uvision.o(.text)
    RTC_C_IRQHandler                         0x0000028b   Thumb Code     0  startup_msp432p401r_uvision.o(.text)
    T32_INT2_IRQHandler                      0x0000028b   Thumb Code     0  startup_msp432p401r_uvision.o(.text)
    T32_INTC_IRQHandler                      0x0000028b   Thumb Code     0  startup_msp432p401r_uvision.o(.text)
    TA0_0_IRQHandler                         0x0000028b   Thumb Code     0  startup_msp432p401r_uvision.o(.text)
    TA0_N_IRQHandler                         0x0000028b   Thumb Code     0  startup_msp432p401r_uvision.o(.text)
    TA1_N_IRQHandler                         0x0000028b   Thumb Code     0  startup_msp432p401r_uvision.o(.text)
    TA2_N_IRQHandler                         0x0000028b   Thumb Code     0  startup_msp432p401r_uvision.o(.text)
    TA3_N_IRQHandler                         0x0000028b   Thumb Code     0  startup_msp432p401r_uvision.o(.text)
    WDT_A_IRQHandler                         0x0000028b   Thumb Code     0  startup_msp432p401r_uvision.o(.text)
    __user_initial_stackheap                 0x0000028d   Thumb Code    10  startup_msp432p401r_uvision.o(.text)
    __use_two_region_memory                  0x000002ad   Thumb Code     2  heapauxi.o(.text)
    __rt_heap_escrow$2region                 0x000002af   Thumb Code     2  heapauxi.o(.text)
    __rt_heap_expand$2region                 0x000002b1   Thumb Code     2  heapauxi.o(.text)
    __user_setup_stackheap                   0x000002b3   Thumb Code    74  sys_stackheap_outer.o(.text)
    exit                                     0x000002fd   Thumb Code    18  exit.o(.text)
    __user_libspace                          0x00000311   Thumb Code     8  libspace.o(.text)
    __user_perproc_libspace                  0x00000311   Thumb Code     0  libspace.o(.text)
    __user_perthread_libspace                0x00000311   Thumb Code     0  libspace.o(.text)
    _sys_exit                                0x00000319   Thumb Code     8  sys_exit.o(.text)
    __I$use$semihosting                      0x00000325   Thumb Code     0  use_no_semi.o(.text)
    __use_no_semihosting_swi                 0x00000325   Thumb Code     2  use_no_semi.o(.text)
    __semihosting_library_function           0x00000327   Thumb Code     0  indicate_semi.o(.text)
    BSP_Accelerometer_Init                   0x00000329   Thumb Code    86  bsp.o(i.BSP_Accelerometer_Init)
    BSP_Accelerometer_Input                  0x00000389   Thumb Code   132  bsp.o(i.BSP_Accelerometer_Input)
    BSP_Button1_Init                         0x00000415   Thumb Code    54  bsp.o(i.BSP_Button1_Init)
    BSP_Button1_Input                        0x00000451   Thumb Code     6  bsp.o(i.BSP_Button1_Input)
    BSP_Button2_Init                         0x0000045d   Thumb Code    54  bsp.o(i.BSP_Button2_Init)
    BSP_Buzzer_Init                          0x00000499   Thumb Code   132  bsp.o(i.BSP_Buzzer_Init)
    BSP_Buzzer_Set                           0x00000529   Thumb Code    28  bsp.o(i.BSP_Buzzer_Set)
    BSP_Clock_GetFreq                        0x00000549   Thumb Code     6  bsp.o(i.BSP_Clock_GetFreq)
    BSP_Clock_InitFastest                    0x00000555   Thumb Code   328  bsp.o(i.BSP_Clock_InitFastest)
    BSP_Delay1ms                             0x000006dd   Thumb Code    22  bsp.o(i.BSP_Delay1ms)
    BSP_LCD_Color565                         0x000006f3   Thumb Code    24  bsp.o(i.BSP_LCD_Color565)
    BSP_LCD_DrawChar                         0x0000070d   Thumb Code   260  bsp.o(i.BSP_LCD_DrawChar)
    BSP_LCD_DrawFastHLine                    0x0000081d   Thumb Code   116  bsp.o(i.BSP_LCD_DrawFastHLine)
    BSP_LCD_DrawFastVLine                    0x00000899   Thumb Code   116  bsp.o(i.BSP_LCD_DrawFastVLine)
    BSP_LCD_DrawPixel                        0x00000915   Thumb Code    64  bsp.o(i.BSP_LCD_DrawPixel)
    BSP_LCD_DrawString                       0x0000095d   Thumb Code    86  bsp.o(i.BSP_LCD_DrawString)
    BSP_LCD_Drawaxes                         0x000009b5   Thumb Code   272  bsp.o(i.BSP_LCD_Drawaxes)
    BSP_LCD_FillRect                         0x00000ad9   Thumb Code   164  bsp.o(i.BSP_LCD_FillRect)
    BSP_LCD_FillScreen                       0x00000b85   Thumb Code    28  bsp.o(i.BSP_LCD_FillScreen)
    BSP_LCD_Init                             0x00000ba9   Thumb Code    10  bsp.o(i.BSP_LCD_Init)
    BSP_LCD_OutUDec4                         0x00000bb5   Thumb Code   116  bsp.o(i.BSP_LCD_OutUDec4)
    BSP_LCD_OutUFix2_1                       0x00000c3d   Thumb Code    96  bsp.o(i.BSP_LCD_OutUFix2_1)
    BSP_LCD_PlotIncrement                    0x00000cad   Thumb Code    46  bsp.o(i.BSP_LCD_PlotIncrement)
    BSP_LCD_PlotPoint                        0x00000ce5   Thumb Code    86  bsp.o(i.BSP_LCD_PlotPoint)
    BSP_LCD_SetCursor                        0x00000d49   Thumb Code    22  bsp.o(i.BSP_LCD_SetCursor)
    BSP_LightSensor_End                      0x00000d69   Thumb Code    58  bsp.o(i.BSP_LightSensor_End)
    BSP_LightSensor_Init                     0x00000dad   Thumb Code    60  bsp.o(i.BSP_LightSensor_Init)
    BSP_LightSensor_Start                    0x00000ded   Thumb Code    22  bsp.o(i.BSP_LightSensor_Start)
    BSP_Microphone_Init                      0x00000e09   Thumb Code    50  bsp.o(i.BSP_Microphone_Init)
    BSP_Microphone_Input                     0x00000e45   Thumb Code   106  bsp.o(i.BSP_Microphone_Input)
    BSP_PeriodicTask_Init                    0x00000eb9   Thumb Code    96  bsp.o(i.BSP_PeriodicTask_Init)
    BSP_PeriodicTask_InitC                   0x00000f29   Thumb Code   144  bsp.o(i.BSP_PeriodicTask_InitC)
    BSP_RGB_Init                             0x00000fc9   Thumb Code   274  bsp.o(i.BSP_RGB_Init)
    BSP_TempSensor_End                       0x000010ed   Thumb Code    68  bsp.o(i.BSP_TempSensor_End)
    BSP_TempSensor_Init                      0x00001139   Thumb Code    60  bsp.o(i.BSP_TempSensor_Init)
    BSP_TempSensor_Start                     0x00001179   Thumb Code    22  bsp.o(i.BSP_TempSensor_Start)
    BSP_Time_Get                             0x00001195   Thumb Code    16  bsp.o(i.BSP_Time_Get)
    BSP_Time_Init                            0x000011a9   Thumb Code    32  bsp.o(i.BSP_Time_Init)
    Grader                                   0x00001235   Thumb Code  1170  texas.o(i.Grader)
    LogicAnalyzer                            0x0000194d   Thumb Code    12  texas.o(i.LogicAnalyzer)
    NonrealTimeResults                       0x00001961   Thumb Code    78  texas.o(i.NonrealTimeResults)
    OS_AddThreads                            0x00001a01   Thumb Code   286  os.o(i.OS_AddThreads)
    OS_EdgeTrigger_Init                      0x00001b2d   Thumb Code   146  os.o(i.OS_EdgeTrigger_Init)
    OS_EdgeTrigger_Restart                   0x00001bd1   Thumb Code    36  os.o(i.OS_EdgeTrigger_Restart)
    OS_FIFO_Get                              0x00001bfd   Thumb Code    42  os.o(i.OS_FIFO_Get)
    OS_FIFO_Init                             0x00001c35   Thumb Code    28  os.o(i.OS_FIFO_Init)
    OS_FIFO_Put                              0x00001c61   Thumb Code    68  os.o(i.OS_FIFO_Put)
    OS_Init                                  0x00001cb5   Thumb Code    24  os.o(i.OS_Init)
    OS_InitSemaphore                         0x00001cd1   Thumb Code     4  os.o(i.OS_InitSemaphore)
    OS_Launch                                0x00001cd5   Thumb Code    48  os.o(i.OS_Launch)
    OS_PeriodTrigger0_Init                   0x00001d09   Thumb Code    28  os.o(i.OS_PeriodTrigger0_Init)
    OS_PeriodTrigger1_Init                   0x00001d31   Thumb Code    28  os.o(i.OS_PeriodTrigger1_Init)
    OS_Signal                                0x00001d59   Thumb Code    46  os.o(i.OS_Signal)
    OS_Sleep                                 0x00001d8d   Thumb Code    16  os.o(i.OS_Sleep)
    OS_Suspend                               0x00001da1   Thumb Code    18  os.o(i.OS_Suspend)
    OS_Wait                                  0x00001db9   Thumb Code    40  os.o(i.OS_Wait)
    PORT1_IRQHandler                         0x00001de5   Thumb Code    32  os.o(i.PORT1_IRQHandler)
    PeriodicTask2_Init                       0x00001e0d   Thumb Code   140  texas.o(i.PeriodicTask2_Init)
    PeriodicTask2_Stop                       0x00001ea9   Thumb Code    20  texas.o(i.PeriodicTask2_Stop)
    Profile_Init                             0x00001ec5   Thumb Code   338  profile.o(i.Profile_Init)
    RealTimeEvents                           0x0000201d   Thumb Code    86  os.o(i.RealTimeEvents)
    RealTimeResults                          0x00002089   Thumb Code   108  texas.o(i.RealTimeResults)
    RealTimeResultsNoJitter                  0x00002141   Thumb Code    96  texas.o(i.RealTimeResultsNoJitter)
    Scheduler                                0x00002269   Thumb Code    42  os.o(i.Scheduler)
    SetInitialStack                          0x00002365   Thumb Code   328  os.o(i.SetInitialStack)
    Step1Test                                0x000024b5   Thumb Code   850  texas.o(i.Step1Test)
    Step2Test                                0x00002851   Thumb Code   850  texas.o(i.Step2Test)
    Step3Test                                0x00002bed   Thumb Code   738  texas.o(i.Step3Test)
    SystemInit                               0x00002f1d   Thumb Code    74  system_msp432p401r.o(i.SystemInit)
    T32_INT1_IRQHandler                      0x00002f7d   Thumb Code    16  bsp.o(i.T32_INT1_IRQHandler)
    TA1_0_IRQHandler                         0x00002f95   Thumb Code    22  bsp.o(i.TA1_0_IRQHandler)
    TA2_0_IRQHandler                         0x00002fb5   Thumb Code    22  bsp.o(i.TA2_0_IRQHandler)
    TA3_0_IRQHandler                         0x00002fd5   Thumb Code    22  texas.o(i.TA3_0_IRQHandler)
    TExaS_Init                               0x00002ff5   Thumb Code   166  texas.o(i.TExaS_Init)
    TExaS_Stop                               0x000031a1   Thumb Code     8  texas.o(i.TExaS_Stop)
    TExaS_Task0                              0x000031a9   Thumb Code    50  texas.o(i.TExaS_Task0)
    TExaS_Task1                              0x000031e9   Thumb Code    50  texas.o(i.TExaS_Task1)
    TExaS_Task2                              0x00003229   Thumb Code    50  texas.o(i.TExaS_Task2)
    TExaS_Task3                              0x00003269   Thumb Code    50  texas.o(i.TExaS_Task3)
    TExaS_Task4                              0x000032a9   Thumb Code    50  texas.o(i.TExaS_Task4)
    TExaS_Task5                              0x000032e9   Thumb Code    50  texas.o(i.TExaS_Task5)
    TExaS_Task6                              0x00003329   Thumb Code    50  texas.o(i.TExaS_Task6)
    Task0                                    0x00003369   Thumb Code   134  lab4.o(i.Task0)
    Task1                                    0x00003419   Thumb Code   174  lab4.o(i.Task1)
    Task2                                    0x000034f5   Thumb Code   406  lab4.o(i.Task2)
    Task3                                    0x000036b9   Thumb Code   146  lab4.o(i.Task3)
    Task4                                    0x0000375d   Thumb Code    90  lab4.o(i.Task4)
    Task5                                    0x000037c5   Thumb Code   306  lab4.o(i.Task5)
    Task6                                    0x0000394d   Thumb Code    86  lab4.o(i.Task6)
    Task7                                    0x000039b1   Thumb Code    24  lab4.o(i.Task7)
    UART_Init                                0x000039cd   Thumb Code   100  texas.o(i.UART_Init)
    UART_OutChar                             0x00003a39   Thumb Code    20  texas.o(i.UART_OutChar)
    UART_OutString                           0x00003a51   Thumb Code    24  texas.o(i.UART_OutString)
    UART_OutUDec                             0x00003a69   Thumb Code    42  texas.o(i.UART_OutUDec)
    UART_OutUDec7                            0x00003a95   Thumb Code    48  texas.o(i.UART_OutUDec7)
    UART_OutUFix1                            0x00003ad9   Thumb Code    46  texas.o(i.UART_OutUFix1)
    drawaxes                                 0x00003c9d   Thumb Code   218  lab4.o(i.drawaxes)
    main                                     0x00004095   Thumb Code   236  lab4.o(i.main)
    sqrt32                                   0x0000427d   Thumb Code    30  lab4.o(i.sqrt32)
    Key                                      0x000048fc   Data           8  texas.o(.constdata)
    Scramble                                 0x00004904   Data          32  texas.o(.constdata)
    DeScramble                               0x00004924   Data          32  texas.o(.constdata)
    Region$$Table$$Base                      0x00004944   Number         0  anon$$obj.o(Region$$Table)
    Region$$Table$$Limit                     0x00004964   Number         0  anon$$obj.o(Region$$Table)
    StX                                      0x2000000c   Data           4  bsp.o(.data)
    StY                                      0x20000010   Data           4  bsp.o(.data)
    StTextColor                              0x20000014   Data           2  bsp.o(.data)
    Messageindex                             0x2000001c   Data           4  bsp.o(.data)
    TimeIndex                                0x20000020   Data           4  bsp.o(.data)
    Ymax                                     0x20000024   Data           4  bsp.o(.data)
    Ymin                                     0x20000028   Data           4  bsp.o(.data)
    Yrange                                   0x2000002c   Data           4  bsp.o(.data)
    PlotBGColor                              0x20000030   Data           2  bsp.o(.data)
    Prewait                                  0x20000034   Data           4  bsp.o(.data)
    CPMwait                                  0x20000038   Data           4  bsp.o(.data)
    Postwait                                 0x2000003c   Data           4  bsp.o(.data)
    IFlags                                   0x20000040   Data           4  bsp.o(.data)
    Crystalstable                            0x20000044   Data           4  bsp.o(.data)
    PeriodicTask                             0x20000048   Data           4  bsp.o(.data)
    PeriodicTaskB                            0x2000004c   Data           4  bsp.o(.data)
    PeriodicTaskC                            0x20000050   Data           4  bsp.o(.data)
    LightBusy                                0x20000054   Data           4  bsp.o(.data)
    TempBusy                                 0x20000058   Data           4  bsp.o(.data)
    RunPt                                    0x2000005c   Data           4  os.o(.data)
    PutI                                     0x20000060   Data           4  os.o(.data)
    GetI                                     0x20000064   Data           4  os.o(.data)
    CurrentSize                              0x20000068   Data           4  os.o(.data)
    LostData                                 0x2000006c   Data           4  os.o(.data)
    PeriodicSemaphore0                       0x20000070   Data           4  os.o(.data)
    Period0                                  0x20000074   Data           4  os.o(.data)
    PeriodicSemaphore1                       0x20000078   Data           4  os.o(.data)
    Period1                                  0x2000007c   Data           4  os.o(.data)
    edgeSemaphore                            0x20000080   Data           4  os.o(.data)
    Time                                     0x20000088   Data           4  lab4.o(.data)
    Steps                                    0x2000008c   Data           4  lab4.o(.data)
    Magnitude                                0x20000090   Data           4  lab4.o(.data)
    EWMA                                     0x20000094   Data           4  lab4.o(.data)
    SoundData                                0x20000098   Data           2  lab4.o(.data)
    SoundAvg                                 0x2000009c   Data           4  lab4.o(.data)
    SoundRMS                                 0x200000a0   Data           4  lab4.o(.data)
    LightData                                0x200000a4   Data           4  lab4.o(.data)
    TemperatureData                          0x200000a8   Data           4  lab4.o(.data)
    NewData                                  0x200000ac   Data           4  lab4.o(.data)
    LCDmutex                                 0x200000b0   Data           4  lab4.o(.data)
    I2Cmutex                                 0x200000b4   Data           4  lab4.o(.data)
    ReDrawAxes                               0x200000b8   Data           4  lab4.o(.data)
    PlotState                                0x200000bc   Data           1  lab4.o(.data)
    TakeSoundData                            0x200000c0   Data           4  lab4.o(.data)
    ADCmutex                                 0x200000c4   Data           4  lab4.o(.data)
    TakeAccelerationData                     0x200000c8   Data           4  lab4.o(.data)
    LostTask1Data                            0x200000cc   Data           4  lab4.o(.data)
    AccX                                     0x200000d0   Data           2  lab4.o(.data)
    AccY                                     0x200000d2   Data           2  lab4.o(.data)
    AccZ                                     0x200000d4   Data           2  lab4.o(.data)
    AlgorithmState                           0x200000d6   Data           1  lab4.o(.data)
    SwitchTouch                              0x200000d8   Data           4  lab4.o(.data)
    Count7                                   0x200000dc   Data           4  lab4.o(.data)
    sAB                                      0x200000e0   Data           4  lab4.o(.data)
    sCD                                      0x200000e4   Data           4  lab4.o(.data)
    sEF                                      0x200000e8   Data           4  lab4.o(.data)
    CountA                                   0x200000ec   Data           4  lab4.o(.data)
    CountB                                   0x200000f0   Data           4  lab4.o(.data)
    CountC                                   0x200000f4   Data           4  lab4.o(.data)
    CountD                                   0x200000f8   Data           4  lab4.o(.data)
    CountE                                   0x200000fc   Data           4  lab4.o(.data)
    CountF                                   0x20000100   Data           4  lab4.o(.data)
    CountG                                   0x20000104   Data           4  lab4.o(.data)
    CountH                                   0x20000108   Data           4  lab4.o(.data)
    sIJ                                      0x2000010c   Data           4  lab4.o(.data)
    sKL                                      0x20000110   Data           4  lab4.o(.data)
    sMN                                      0x20000114   Data           4  lab4.o(.data)
    sI                                       0x20000118   Data           4  lab4.o(.data)
    sK                                       0x2000011c   Data           4  lab4.o(.data)
    CountI                                   0x20000120   Data           4  lab4.o(.data)
    CountJ                                   0x20000124   Data           4  lab4.o(.data)
    CountK                                   0x20000128   Data           4  lab4.o(.data)
    CountL                                   0x2000012c   Data           4  lab4.o(.data)
    CountM                                   0x20000130   Data           4  lab4.o(.data)
    CountN                                   0x20000134   Data           4  lab4.o(.data)
    CountO                                   0x20000138   Data           4  lab4.o(.data)
    CountP                                   0x2000013c   Data           4  lab4.o(.data)
    sQR                                      0x20000140   Data           4  lab4.o(.data)
    sQ                                       0x20000144   Data           4  lab4.o(.data)
    CountQ                                   0x20000148   Data           4  lab4.o(.data)
    CountR                                   0x2000014c   Data           4  lab4.o(.data)
    LogicData                                0x20000158   Data           1  texas.o(.data)
    Id                                       0x2000015c   Data           4  texas.o(.data)
    Index0                                   0x20000160   Data           4  texas.o(.data)
    Index1                                   0x20000164   Data           4  texas.o(.data)
    Index2                                   0x20000168   Data           4  texas.o(.data)
    Index3                                   0x2000016c   Data           4  texas.o(.data)
    Index4                                   0x20000170   Data           4  texas.o(.data)
    Index5                                   0x20000174   Data           4  texas.o(.data)
    Index6                                   0x20000178   Data           4  texas.o(.data)
    PeriodicTask2                            0x2000017c   Data           4  texas.o(.data)
    Messageindexb                            0x20000180   Data           4  texas.o(.data)
    Messageb                                 0x20000184   Data           8  texas.o(.data)
    Message                                  0x2000019c   Data          12  bsp.o(.bss)
    tcbs                                     0x200001a8   Data         160  os.o(.bss)
    Stacks                                   0x20000248   Data        3200  os.o(.bss)
    Fifo                                     0x20000ec8   Data          40  os.o(.bss)
    SoundArray                               0x20000ef0   Data        2000  lab4.o(.bss)
    MagicCode                                0x200016c0   Data          10  texas.o(.bss)
    EncriptedMagicCode                       0x200016ca   Data          10  texas.o(.bss)
    TimeBuffer0                              0x200016d4   Data         400  texas.o(.bss)
    TimeBuffer1                              0x20001864   Data         400  texas.o(.bss)
    TimeBuffer2                              0x200019f4   Data         400  texas.o(.bss)
    TimeBuffer3                              0x20001b84   Data         400  texas.o(.bss)
    TimeBuffer4                              0x20001d14   Data          40  texas.o(.bss)
    TimeBuffer5                              0x20001d3c   Data          40  texas.o(.bss)
    TimeBuffer6                              0x20001d64   Data          40  texas.o(.bss)
    __libspace_start                         0x20001d8c   Data          96  libspace.o(.bss)
    __temporary_stack_top$libspace           0x20001dec   Data           0  libspace.o(.bss)



==============================================================================

Memory Map of the image

  Image Entry point : 0x00000271

  Load Region LR_1 (Base: 0x00000000, Size: 0x00004b00, Max: 0xffffffff, ABSOLUTE, COMPRESSED[0x0000497c])

    Execution Region ER_RO (Exec base: 0x00000000, Load base: 0x00000000, Size: 0x00004964, Max: 0xffffffff, ABSOLUTE)

    Exec Addr    Load Addr    Size         Type   Attr      Idx    E Section Name        Object

    0x00000000   0x00000000   0x00000144   Data   RO         1244    RESET               startup_msp432p401r_uvision.o
    0x00000144   0x00000144   0x00000008   Code   RO         1302  * !!!main             c_w.l(__main.o)
    0x0000014c   0x0000014c   0x00000034   Code   RO         1488    !!!scatter          c_w.l(__scatter.o)
    0x00000180   0x00000180   0x0000003a   Code   RO         1486    !!dczerorl          c_w.l(__dczerorl.o)
    0x000001ba   0x000001ba   0x00000002   PAD
    0x000001bc   0x000001bc   0x0000001c   Code   RO         1490    !!handler_zi        c_w.l(__scatter_zi.o)
    0x000001d8   0x000001d8   0x00000002   Code   RO         1356    .ARM.Collect$$libinit$$00000000  c_w.l(libinit.o)
    0x000001da   0x000001da   0x00000000   Code   RO         1363    .ARM.Collect$$libinit$$00000002  c_w.l(libinit2.o)
    0x000001da   0x000001da   0x00000000   Code   RO         1365    .ARM.Collect$$libinit$$00000004  c_w.l(libinit2.o)
    0x000001da   0x000001da   0x00000000   Code   RO         1368    .ARM.Collect$$libinit$$0000000A  c_w.l(libinit2.o)
    0x000001da   0x000001da   0x00000000   Code   RO         1370    .ARM.Collect$$libinit$$0000000C  c_w.l(libinit2.o)
    0x000001da   0x000001da   0x00000000   Code   RO         1372    .ARM.Collect$$libinit$$0000000E  c_w.l(libinit2.o)
    0x000001da   0x000001da   0x00000000   Code   RO         1375    .ARM.Collect$$libinit$$00000011  c_w.l(libinit2.o)
    0x000001da   0x000001da   0x00000000   Code   RO         1377    .ARM.Collect$$libinit$$00000013  c_w.l(libinit2.o)
    0x000001da   0x000001da   0x00000000   Code   RO         1379    .ARM.Collect$$libinit$$00000015  c_w.l(libinit2.o)
    0x000001da   0x000001da   0x00000000   Code   RO         1381    .ARM.Collect$$libinit$$00000017  c_w.l(libinit2.o)
    0x000001da   0x000001da   0x00000000   Code   RO         1383    .ARM.Collect$$libinit$$00000019  c_w.l(libinit2.o)
    0x000001da   0x000001da   0x00000000   Code   RO         1385    .ARM.Collect$$libinit$$0000001B  c_w.l(libinit2.o)
    0x000001da   0x000001da   0x00000000   Code   RO         1387    .ARM.Collect$$libinit$$0000001D  c_w.l(libinit2.o)
    0x000001da   0x000001da   0x00000000   Code   RO         1389    .ARM.Collect$$libinit$$0000001F  c_w.l(libinit2.o)
    0x000001da   0x000001da   0x00000000   Code   RO         1391    .ARM.Collect$$libinit$$00000021  c_w.l(libinit2.o)
    0x000001da   0x000001da   0x00000000   Code   RO         1393    .ARM.Collect$$libinit$$00000023  c_w.l(libinit2.o)
    0x000001da   0x000001da   0x00000000   Code   RO         1395    .ARM.Collect$$libinit$$00000025  c_w.l(libinit2.o)
    0x000001da   0x000001da   0x00000000   Code   RO         1399    .ARM.Collect$$libinit$$0000002C  c_w.l(libinit2.o)
    0x000001da   0x000001da   0x00000000   Code   RO         1401    .ARM.Collect$$libinit$$0000002E  c_w.l(libinit2.o)
    0x000001da   0x000001da   0x00000000   Code   RO         1403    .ARM.Collect$$libinit$$00000030  c_w.l(libinit2.o)
    0x000001da   0x000001da   0x00000000   Code   RO         1405    .ARM.Collect$$libinit$$00000032  c_w.l(libinit2.o)
    0x000001da   0x000001da   0x00000002   Code   RO         1406    .ARM.Collect$$libinit$$00000033  c_w.l(libinit2.o)
    0x000001dc   0x000001dc   0x00000002   Code   RO         1426    .ARM.Collect$$libshutdown$$00000000  c_w.l(libshutdown.o)
    0x000001de   0x000001de   0x00000000   Code   RO         1439    .ARM.Collect$$libshutdown$$00000002  c_w.l(libshutdown2.o)
    0x000001de   0x000001de   0x00000000   Code   RO         1441    .ARM.Collect$$libshutdown$$00000004  c_w.l(libshutdown2.o)
    0x000001de   0x000001de   0x00000000   Code   RO         1444    .ARM.Collect$$libshutdown$$00000007  c_w.l(libshutdown2.o)
    0x000001de   0x000001de   0x00000000   Code   RO         1447    .ARM.Collect$$libshutdown$$0000000A  c_w.l(libshutdown2.o)
    0x000001de   0x000001de   0x00000000   Code   RO         1449    .ARM.Collect$$libshutdown$$0000000C  c_w.l(libshutdown2.o)
    0x000001de   0x000001de   0x00000000   Code   RO         1452    .ARM.Collect$$libshutdown$$0000000F  c_w.l(libshutdown2.o)
    0x000001de   0x000001de   0x00000002   Code   RO         1453    .ARM.Collect$$libshutdown$$00000010  c_w.l(libshutdown2.o)
    0x000001e0   0x000001e0   0x00000000   Code   RO         1326    .ARM.Collect$$rtentry$$00000000  c_w.l(__rtentry.o)
    0x000001e0   0x000001e0   0x00000000   Code   RO         1333    .ARM.Collect$$rtentry$$00000002  c_w.l(__rtentry2.o)
    0x000001e0   0x000001e0   0x00000006   Code   RO         1345    .ARM.Collect$$rtentry$$00000004  c_w.l(__rtentry4.o)
    0x000001e6   0x000001e6   0x00000000   Code   RO         1335    .ARM.Collect$$rtentry$$00000009  c_w.l(__rtentry2.o)
    0x000001e6   0x000001e6   0x00000004   Code   RO         1336    .ARM.Collect$$rtentry$$0000000A  c_w.l(__rtentry2.o)
    0x000001ea   0x000001ea   0x00000000   Code   RO         1338    .ARM.Collect$$rtentry$$0000000C  c_w.l(__rtentry2.o)
    0x000001ea   0x000001ea   0x00000008   Code   RO         1339    .ARM.Collect$$rtentry$$0000000D  c_w.l(__rtentry2.o)
    0x000001f2   0x000001f2   0x00000002   Code   RO         1360    .ARM.Collect$$rtexit$$00000000  c_w.l(rtexit.o)
    0x000001f4   0x000001f4   0x00000000   Code   RO         1408    .ARM.Collect$$rtexit$$00000002  c_w.l(rtexit2.o)
    0x000001f4   0x000001f4   0x00000004   Code   RO         1409    .ARM.Collect$$rtexit$$00000003  c_w.l(rtexit2.o)
    0x000001f8   0x000001f8   0x00000006   Code   RO         1410    .ARM.Collect$$rtexit$$00000004  c_w.l(rtexit2.o)
    0x000001fe   0x000001fe   0x00000002   PAD
    0x00000200   0x00000200   0x00000006   Code   RO            4    .emb_text           bsp.o
    0x00000206   0x00000206   0x00000002   PAD
    0x00000208   0x00000208   0x00000020   Code   RO          527    .emb_text           cortexm.o
    0x00000228   0x00000228   0x00000048   Code   RO          700    .text               osasm.o
    0x00000270   0x00000270   0x0000003c   Code   RO         1245  * .text               startup_msp432p401r_uvision.o
    0x000002ac   0x000002ac   0x00000006   Code   RO         1300    .text               c_w.l(heapauxi.o)
    0x000002b2   0x000002b2   0x0000004a   Code   RO         1347    .text               c_w.l(sys_stackheap_outer.o)
    0x000002fc   0x000002fc   0x00000012   Code   RO         1349    .text               c_w.l(exit.o)
    0x0000030e   0x0000030e   0x00000002   PAD
    0x00000310   0x00000310   0x00000008   Code   RO         1357    .text               c_w.l(libspace.o)
    0x00000318   0x00000318   0x0000000c   Code   RO         1418    .text               c_w.l(sys_exit.o)
    0x00000324   0x00000324   0x00000002   Code   RO         1429    .text               c_w.l(use_no_semi.o)
    0x00000326   0x00000326   0x00000000   Code   RO         1431    .text               c_w.l(indicate_semi.o)
    0x00000326   0x00000326   0x00000002   PAD
    0x00000328   0x00000328   0x00000060   Code   RO            5    i.BSP_Accelerometer_Init  bsp.o
    0x00000388   0x00000388   0x0000008c   Code   RO            6    i.BSP_Accelerometer_Input  bsp.o
    0x00000414   0x00000414   0x0000003c   Code   RO            7    i.BSP_Button1_Init  bsp.o
    0x00000450   0x00000450   0x0000000c   Code   RO            8    i.BSP_Button1_Input  bsp.o
    0x0000045c   0x0000045c   0x0000003c   Code   RO            9    i.BSP_Button2_Init  bsp.o
    0x00000498   0x00000498   0x00000090   Code   RO           11    i.BSP_Buzzer_Init   bsp.o
    0x00000528   0x00000528   0x00000020   Code   RO           12    i.BSP_Buzzer_Set    bsp.o
    0x00000548   0x00000548   0x0000000c   Code   RO           13    i.BSP_Clock_GetFreq  bsp.o
    0x00000554   0x00000554   0x00000188   Code   RO           14    i.BSP_Clock_InitFastest  bsp.o
    0x000006dc   0x000006dc   0x00000016   Code   RO           15    i.BSP_Delay1ms      bsp.o
    0x000006f2   0x000006f2   0x00000018   Code   RO           18    i.BSP_LCD_Color565  bsp.o
    0x0000070a   0x0000070a   0x00000002   PAD
    0x0000070c   0x0000070c   0x00000110   Code   RO           20    i.BSP_LCD_DrawChar  bsp.o
    0x0000081c   0x0000081c   0x0000007c   Code   RO           22    i.BSP_LCD_DrawFastHLine  bsp.o
    0x00000898   0x00000898   0x0000007c   Code   RO           23    i.BSP_LCD_DrawFastVLine  bsp.o
    0x00000914   0x00000914   0x00000048   Code   RO           24    i.BSP_LCD_DrawPixel  bsp.o
    0x0000095c   0x0000095c   0x00000056   Code   RO           25    i.BSP_LCD_DrawString  bsp.o
    0x000009b2   0x000009b2   0x00000002   PAD
    0x000009b4   0x000009b4   0x00000124   Code   RO           26    i.BSP_LCD_Drawaxes  bsp.o
    0x00000ad8   0x00000ad8   0x000000ac   Code   RO           27    i.BSP_LCD_FillRect  bsp.o
    0x00000b84   0x00000b84   0x00000024   Code   RO           28    i.BSP_LCD_FillScreen  bsp.o
    0x00000ba8   0x00000ba8   0x0000000a   Code   RO           29    i.BSP_LCD_Init      bsp.o
    0x00000bb2   0x00000bb2   0x00000002   PAD
    0x00000bb4   0x00000bb4   0x00000088   Code   RO           31    i.BSP_LCD_OutUDec4  bsp.o
    0x00000c3c   0x00000c3c   0x00000070   Code   RO           33    i.BSP_LCD_OutUFix2_1  bsp.o
    0x00000cac   0x00000cac   0x00000038   Code   RO           35    i.BSP_LCD_PlotIncrement  bsp.o
    0x00000ce4   0x00000ce4   0x00000064   Code   RO           36    i.BSP_LCD_PlotPoint  bsp.o
    0x00000d48   0x00000d48   0x00000020   Code   RO           37    i.BSP_LCD_SetCursor  bsp.o
    0x00000d68   0x00000d68   0x00000044   Code   RO           39    i.BSP_LightSensor_End  bsp.o
    0x00000dac   0x00000dac   0x00000040   Code   RO           40    i.BSP_LightSensor_Init  bsp.o
    0x00000dec   0x00000dec   0x0000001c   Code   RO           42    i.BSP_LightSensor_Start  bsp.o
    0x00000e08   0x00000e08   0x0000003c   Code   RO           43    i.BSP_Microphone_Init  bsp.o
    0x00000e44   0x00000e44   0x00000074   Code   RO           44    i.BSP_Microphone_Input  bsp.o
    0x00000eb8   0x00000eb8   0x00000070   Code   RO           45    i.BSP_PeriodicTask_Init  bsp.o
    0x00000f28   0x00000f28   0x000000a0   Code   RO           47    i.BSP_PeriodicTask_InitC  bsp.o
    0x00000fc8   0x00000fc8   0x00000124   Code   RO           54    i.BSP_RGB_Init      bsp.o
    0x000010ec   0x000010ec   0x0000004c   Code   RO           56    i.BSP_TempSensor_End  bsp.o
    0x00001138   0x00001138   0x00000040   Code   RO           57    i.BSP_TempSensor_Init  bsp.o
    0x00001178   0x00001178   0x0000001c   Code   RO           59    i.BSP_TempSensor_Start  bsp.o
    0x00001194   0x00001194   0x00000014   Code   RO           60    i.BSP_Time_Get      bsp.o
    0x000011a8   0x000011a8   0x00000024   Code   RO           61    i.BSP_Time_Init     bsp.o
    0x000011cc   0x000011cc   0x00000068   Code   RO          942    i.Encrypt           texas.o
    0x00001234   0x00001234   0x000004ac   Code   RO          943    i.Grader            texas.o
    0x000016e0   0x000016e0   0x000000bc   Code   RO           62    i.I2C_Recv2         bsp.o
    0x0000179c   0x0000179c   0x000000a0   Code   RO           63    i.I2C_Send1         bsp.o
    0x0000183c   0x0000183c   0x00000110   Code   RO           64    i.I2C_Send3         bsp.o
    0x0000194c   0x0000194c   0x00000014   Code   RO          944    i.LogicAnalyzer     texas.o
    0x00001960   0x00001960   0x000000a0   Code   RO          945    i.NonrealTimeResults  texas.o
    0x00001a00   0x00001a00   0x0000012c   Code   RO          546    i.OS_AddThreads     os.o
    0x00001b2c   0x00001b2c   0x000000a4   Code   RO          547    i.OS_EdgeTrigger_Init  os.o
    0x00001bd0   0x00001bd0   0x0000002c   Code   RO          548    i.OS_EdgeTrigger_Restart  os.o
    0x00001bfc   0x00001bfc   0x00000038   Code   RO          549    i.OS_FIFO_Get       os.o
    0x00001c34   0x00001c34   0x0000002c   Code   RO          550    i.OS_FIFO_Init      os.o
    0x00001c60   0x00001c60   0x00000054   Code   RO          551    i.OS_FIFO_Put       os.o
    0x00001cb4   0x00001cb4   0x0000001c   Code   RO          552    i.OS_Init           os.o
    0x00001cd0   0x00001cd0   0x00000004   Code   RO          553    i.OS_InitSemaphore  os.o
    0x00001cd4   0x00001cd4   0x00000034   Code   RO          554    i.OS_Launch         os.o
    0x00001d08   0x00001d08   0x00000028   Code   RO          555    i.OS_PeriodTrigger0_Init  os.o
    0x00001d30   0x00001d30   0x00000028   Code   RO          556    i.OS_PeriodTrigger1_Init  os.o
    0x00001d58   0x00001d58   0x00000034   Code   RO          557    i.OS_Signal         os.o
    0x00001d8c   0x00001d8c   0x00000014   Code   RO          558    i.OS_Sleep          os.o
    0x00001da0   0x00001da0   0x00000018   Code   RO          559    i.OS_Suspend        os.o
    0x00001db8   0x00001db8   0x0000002c   Code   RO          560    i.OS_Wait           os.o
    0x00001de4   0x00001de4   0x00000028   Code   RO          561    i.PORT1_IRQHandler  os.o
    0x00001e0c   0x00001e0c   0x0000009c   Code   RO          946    i.PeriodicTask2_Init  texas.o
    0x00001ea8   0x00001ea8   0x0000001c   Code   RO          947    i.PeriodicTask2_Stop  texas.o
    0x00001ec4   0x00001ec4   0x00000158   Code   RO          707    i.Profile_Init      profile.o
    0x0000201c   0x0000201c   0x0000006c   Code   RO          562    i.RealTimeEvents    os.o
    0x00002088   0x00002088   0x000000b8   Code   RO          948    i.RealTimeResults   texas.o
    0x00002140   0x00002140   0x000000b4   Code   RO          949    i.RealTimeResultsNoJitter  texas.o
    0x000021f4   0x000021f4   0x00000074   Code   RO           65    i.ST7735_InitR      bsp.o
    0x00002268   0x00002268   0x00000030   Code   RO          563    i.Scheduler         os.o
    0x00002298   0x00002298   0x000000cc   Code   RO          950    i.SetGrade          texas.o
    0x00002364   0x00002364   0x00000150   Code   RO          564    i.SetInitialStack   os.o
    0x000024b4   0x000024b4   0x0000039c   Code   RO          951    i.Step1Test         texas.o
    0x00002850   0x00002850   0x0000039c   Code   RO          952    i.Step2Test         texas.o
    0x00002bec   0x00002bec   0x00000330   Code   RO          953    i.Step3Test         texas.o
    0x00002f1c   0x00002f1c   0x00000060   Code   RO         1253    i.SystemInit        system_msp432p401r.o
    0x00002f7c   0x00002f7c   0x00000018   Code   RO           66    i.T32_INT1_IRQHandler  bsp.o
    0x00002f94   0x00002f94   0x00000020   Code   RO           67    i.TA1_0_IRQHandler  bsp.o
    0x00002fb4   0x00002fb4   0x00000020   Code   RO           68    i.TA2_0_IRQHandler  bsp.o
    0x00002fd4   0x00002fd4   0x00000020   Code   RO          954    i.TA3_0_IRQHandler  texas.o
    0x00002ff4   0x00002ff4   0x000001ac   Code   RO          955    i.TExaS_Init        texas.o
    0x000031a0   0x000031a0   0x00000008   Code   RO          956    i.TExaS_Stop        texas.o
    0x000031a8   0x000031a8   0x00000040   Code   RO          957    i.TExaS_Task0       texas.o
    0x000031e8   0x000031e8   0x00000040   Code   RO          958    i.TExaS_Task1       texas.o
    0x00003228   0x00003228   0x00000040   Code   RO          959    i.TExaS_Task2       texas.o
    0x00003268   0x00003268   0x00000040   Code   RO          960    i.TExaS_Task3       texas.o
    0x000032a8   0x000032a8   0x00000040   Code   RO          961    i.TExaS_Task4       texas.o
    0x000032e8   0x000032e8   0x00000040   Code   RO          962    i.TExaS_Task5       texas.o
    0x00003328   0x00003328   0x00000040   Code   RO          963    i.TExaS_Task6       texas.o
    0x00003368   0x00003368   0x000000b0   Code   RO          733    i.Task0             lab4.o
    0x00003418   0x00003418   0x000000dc   Code   RO          734    i.Task1             lab4.o
    0x000034f4   0x000034f4   0x000001c4   Code   RO          735    i.Task2             lab4.o
    0x000036b8   0x000036b8   0x000000a4   Code   RO          736    i.Task3             lab4.o
    0x0000375c   0x0000375c   0x00000068   Code   RO          737    i.Task4             lab4.o
    0x000037c4   0x000037c4   0x00000188   Code   RO          738    i.Task5             lab4.o
    0x0000394c   0x0000394c   0x00000064   Code   RO          739    i.Task6             lab4.o
    0x000039b0   0x000039b0   0x0000001c   Code   RO          740    i.Task7             lab4.o
    0x000039cc   0x000039cc   0x0000006c   Code   RO          969    i.UART_Init         texas.o
    0x00003a38   0x00003a38   0x00000018   Code   RO          970    i.UART_OutChar      texas.o
    0x00003a50   0x00003a50   0x00000018   Code   RO          972    i.UART_OutString    texas.o
    0x00003a68   0x00003a68   0x0000002a   Code   RO          973    i.UART_OutUDec      texas.o
    0x00003a92   0x00003a92   0x00000002   PAD
    0x00003a94   0x00003a94   0x00000044   Code   RO          977    i.UART_OutUDec7     texas.o
    0x00003ad8   0x00003ad8   0x0000002e   Code   RO          978    i.UART_OutUFix1     texas.o
    0x00003b06   0x00003b06   0x00000002   PAD
    0x00003b08   0x00003b08   0x00000040   Code   RO           69    i.adcinit           bsp.o
    0x00003b48   0x00003b48   0x00000056   Code   RO           70    i.commandList       bsp.o
    0x00003b9e   0x00003b9e   0x00000002   PAD
    0x00003ba0   0x00003ba0   0x000000fc   Code   RO           71    i.commonInit        bsp.o
    0x00003c9c   0x00003c9c   0x00000114   Code   RO          759    i.drawaxes          lab4.o
    0x00003db0   0x00003db0   0x00000048   Code   RO           72    i.fillmessage       bsp.o
    0x00003df8   0x00003df8   0x00000060   Code   RO           73    i.fillmessage2_1    bsp.o
    0x00003e58   0x00003e58   0x00000064   Code   RO           75    i.fillmessage4      bsp.o
    0x00003ebc   0x00003ebc   0x000000c4   Code   RO          983    i.fillmessage7b     texas.o
    0x00003f80   0x00003f80   0x00000048   Code   RO          984    i.fillmessageb      texas.o
    0x00003fc8   0x00003fc8   0x00000058   Code   RO           77    i.i2cinit           bsp.o
    0x00004020   0x00004020   0x00000050   Code   RO           78    i.lightsensorend    bsp.o
    0x00004070   0x00004070   0x00000024   Code   RO           79    i.lightsensorstart  bsp.o
    0x00004094   0x00004094   0x00000128   Code   RO          760    i.main              lab4.o
    0x000041bc   0x000041bc   0x00000012   Code   RO           80    i.pushColor         bsp.o
    0x000041ce   0x000041ce   0x00000002   PAD
    0x000041d0   0x000041d0   0x00000038   Code   RO          565    i.runperiodicevents  os.o
    0x00004208   0x00004208   0x00000074   Code   RO           81    i.setAddrWindow     bsp.o
    0x0000427c   0x0000427c   0x0000001e   Code   RO          764    i.sqrt32            lab4.o
    0x0000429a   0x0000429a   0x00000044   Code   RO           82    i.tempsensorend     bsp.o
    0x000042de   0x000042de   0x00000012   Code   RO           83    i.tempsensorstart   bsp.o
    0x000042f0   0x000042f0   0x00000048   Code   RO           84    i.writecommand      bsp.o
    0x00004338   0x00004338   0x00000048   Code   RO           85    i.writedata         bsp.o
    0x00004380   0x00004380   0x0000057b   Data   RO           87    .constdata          bsp.o
    0x000048fb   0x000048fb   0x00000001   PAD
    0x000048fc   0x000048fc   0x00000048   Data   RO          986    .constdata          texas.o
    0x00004944   0x00004944   0x00000020   Data   RO         1484    Region$$Table       anon$$obj.o


    Execution Region ER_RW (Exec base: 0x20000000, Load base: 0x00004964, Size: 0x0000019c, Max: 0xffffffff, ABSOLUTE, COMPRESSED[0x00000018])

    Exec Addr    Load Addr    Size         Type   Attr      Idx    E Section Name        Object

    0x20000000   COMPRESSED   0x0000005c   Data   RW           88    .data               bsp.o
    0x2000005c   COMPRESSED   0x0000002c   Data   RW          567    .data               os.o
    0x20000088   COMPRESSED   0x000000d0   Data   RW          766    .data               lab4.o
    0x20000158   COMPRESSED   0x00000044   Data   RW          987    .data               texas.o


    Execution Region ER_ZI (Exec base: 0x2000019c, Load base: 0x0000497c, Size: 0x00001e54, Max: 0xffffffff, ABSOLUTE)

    Exec Addr    Load Addr    Size         Type   Attr      Idx    E Section Name        Object

    0x2000019c        -       0x0000000c   Zero   RW           86    .bss                bsp.o
    0x200001a8        -       0x00000d48   Zero   RW          566    .bss                os.o
    0x20000ef0        -       0x000007d0   Zero   RW          765    .bss                lab4.o
    0x200016c0        -       0x000006cc   Zero   RW          985    .bss                texas.o
    0x20001d8c        -       0x00000060   Zero   RW         1358    .bss                c_w.l(libspace.o)
    0x20001dec   0x0000497c   0x00000004   PAD
    0x20001df0        -       0x00000000   Zero   RW         1243    HEAP                startup_msp432p401r_uvision.o
    0x20001df0        -       0x00000200   Zero   RW         1242    STACK               startup_msp432p401r_uvision.o


==============================================================================

Image component sizes


      Code (inc. data)   RO Data    RW Data    ZI Data      Debug   Object Name

      5810        562       1403         92         12      40851   bsp.o
        32          0          0          0          0        544   cortexm.o
      2238        388          0        208       2000       8497   lab4.o
      1584        188          0         44       3400      11333   os.o
        72          4          0          0          0        236   osasm.o
       344          6          0          0          0        495   profile.o
        60         22        324          0        512        880   startup_msp432p401r_uvision.o
        96         22          0          0          0        481   system_msp432p401r.o
      6392       1092         72         68       1740      24672   texas.o

    ----------------------------------------------------------------------
     16644       2284       1832        412       7664      87989   Object Totals
         0          0         32          0          0          0   (incl. Generated)
        16          0          1          0          0          0   (incl. Padding)

    ----------------------------------------------------------------------

      Code (inc. data)   RO Data    RW Data    ZI Data      Debug   Library Member Name

        58          0          0          0          0          0   __dczerorl.o
         8          0          0          0          0         68   __main.o
         0          0          0          0          0          0   __rtentry.o
        12          0          0          0          0          0   __rtentry2.o
         6          0          0          0          0          0   __rtentry4.o
        52          8          0          0          0          0   __scatter.o
        28          0          0          0          0          0   __scatter_zi.o
        18          0          0          0          0         80   exit.o
         6          0          0          0          0        152   heapauxi.o
         0          0          0          0          0          0   indicate_semi.o
         2          0          0          0          0          0   libinit.o
         2          0          0          0          0          0   libinit2.o
         2          0          0          0          0          0   libshutdown.o
         2          0          0          0          0          0   libshutdown2.o
         8          4          0          0         96         68   libspace.o
         2          0          0          0          0          0   rtexit.o
        10          0          0          0          0          0   rtexit2.o
        12          4          0          0          0         68   sys_exit.o
        74          0          0          0          0         80   sys_stackheap_outer.o
         2          0          0          0          0         68   use_no_semi.o

    ----------------------------------------------------------------------
       312         16          0          0        100        584   Library Totals
         8          0          0          0          4          0   (incl. Padding)

    ----------------------------------------------------------------------

      Code (inc. data)   RO Data    RW Data    ZI Data      Debug   Library Name

       304         16          0          0         96        584   c_w.l

    ----------------------------------------------------------------------
       312         16          0          0        100        584   Library Totals

    ----------------------------------------------------------------------

==============================================================================


      Code (inc. data)   RO Data    RW Data    ZI Data      Debug   

     16956       2300       1832        412       7764      82121   Grand Totals
     16956       2300       1832         24       7764      82121   ELF Image Totals (compressed)
     16956       2300       1832         24          0          0   ROM Totals

==============================================================================

    Total RO  Size (Code + RO Data)                18788 (  18.35kB)
    Total RW  Size (RW Data + ZI Data)              8176 (   7.98kB)
    Total ROM Size (Code + RO Data + RW Data)      18812 (  18.37kB)

==============================================================================

