<?xml version="1.0"?>
<link_info>
   <banner>TI ARM Linker PC v15.12.1.LTS</banner>
   <copyright>Copyright (c) 1996-2015 Texas Instruments Incorporated</copyright>
   <link_time>0x575f7804</link_time>
   <link_errors>0x0</link_errors>
   <output_file>SysTickInts_MSP432.out</output_file>
   <entry_point>
      <name>_c_int00</name>
      <address>0x461</address>
   </entry_point>
   <input_file_list>
      <input_file id="fl-2">
         <path>.\</path>
         <kind>object</kind>
         <file>CortexM.obj</file>
         <name>CortexM.obj</name>
      </input_file>
      <input_file id="fl-3">
         <path>.\</path>
         <kind>object</kind>
         <file>Profile.obj</file>
         <name>Profile.obj</name>
      </input_file>
      <input_file id="fl-4">
         <path>.\</path>
         <kind>object</kind>
         <file>SysTickInts.obj</file>
         <name>SysTickInts.obj</name>
      </input_file>
      <input_file id="fl-5">
         <path>.\</path>
         <kind>object</kind>
         <file>msp432_startup_ccs.obj</file>
         <name>msp432_startup_ccs.obj</name>
      </input_file>
      <input_file id="fl-bf">
         <path>C:\ti\ccs613\ccsv6\tools\compiler\ti-cgt-arm_15.12.1.LTS\lib\</path>
         <kind>archive</kind>
         <file>rtsv7M4_T_le_v4SPD16_eabi.lib</file>
         <name>boot.obj</name>
      </input_file>
      <input_file id="fl-c0">
         <path>C:\ti\ccs613\ccsv6\tools\compiler\ti-cgt-arm_15.12.1.LTS\lib\</path>
         <kind>archive</kind>
         <file>rtsv7M4_T_le_v4SPD16_eabi.lib</file>
         <name>copy_decompress_none.obj</name>
      </input_file>
      <input_file id="fl-c1">
         <path>C:\ti\ccs613\ccsv6\tools\compiler\ti-cgt-arm_15.12.1.LTS\lib\</path>
         <kind>archive</kind>
         <file>rtsv7M4_T_le_v4SPD16_eabi.lib</file>
         <name>copy_decompress_rle.obj</name>
      </input_file>
      <input_file id="fl-c2">
         <path>C:\ti\ccs613\ccsv6\tools\compiler\ti-cgt-arm_15.12.1.LTS\lib\</path>
         <kind>archive</kind>
         <file>rtsv7M4_T_le_v4SPD16_eabi.lib</file>
         <name>copy_zero_init.obj</name>
      </input_file>
      <input_file id="fl-c3">
         <path>C:\ti\ccs613\ccsv6\tools\compiler\ti-cgt-arm_15.12.1.LTS\lib\</path>
         <kind>archive</kind>
         <file>rtsv7M4_T_le_v4SPD16_eabi.lib</file>
         <name>exit.obj</name>
      </input_file>
      <input_file id="fl-c4">
         <path>C:\ti\ccs613\ccsv6\tools\compiler\ti-cgt-arm_15.12.1.LTS\lib\</path>
         <kind>archive</kind>
         <file>rtsv7M4_T_le_v4SPD16_eabi.lib</file>
         <name>memcpy_t2.obj</name>
      </input_file>
      <input_file id="fl-c5">
         <path>C:\ti\ccs613\ccsv6\tools\compiler\ti-cgt-arm_15.12.1.LTS\lib\</path>
         <kind>archive</kind>
         <file>rtsv7M4_T_le_v4SPD16_eabi.lib</file>
         <name>memset_t2.obj</name>
      </input_file>
      <input_file id="fl-c6">
         <path>C:\ti\ccs613\ccsv6\tools\compiler\ti-cgt-arm_15.12.1.LTS\lib\</path>
         <kind>archive</kind>
         <file>rtsv7M4_T_le_v4SPD16_eabi.lib</file>
         <name>mpu_init.obj</name>
      </input_file>
      <input_file id="fl-c7">
         <path>C:\ti\ccs613\ccsv6\tools\compiler\ti-cgt-arm_15.12.1.LTS\lib\</path>
         <kind>archive</kind>
         <file>rtsv7M4_T_le_v4SPD16_eabi.lib</file>
         <name>pre_init.obj</name>
      </input_file>
      <input_file id="fl-c8">
         <path>C:\ti\ccs613\ccsv6\tools\compiler\ti-cgt-arm_15.12.1.LTS\lib\</path>
         <kind>archive</kind>
         <file>rtsv7M4_T_le_v4SPD16_eabi.lib</file>
         <name>stkdepth_vars.obj</name>
      </input_file>
      <input_file id="fl-c9">
         <path>C:\ti\ccs613\ccsv6\tools\compiler\ti-cgt-arm_15.12.1.LTS\lib\</path>
         <kind>archive</kind>
         <file>rtsv7M4_T_le_v4SPD16_eabi.lib</file>
         <name>_lock.obj</name>
      </input_file>
      <input_file id="fl-ca">
         <path>C:\ti\ccs613\ccsv6\tools\compiler\ti-cgt-arm_15.12.1.LTS\lib\</path>
         <kind>archive</kind>
         <file>rtsv7M4_T_le_v4SPD16_eabi.lib</file>
         <name>args_main.obj</name>
      </input_file>
      <input_file id="fl-cb">
         <path>C:\ti\ccs613\ccsv6\tools\compiler\ti-cgt-arm_15.12.1.LTS\lib\</path>
         <kind>archive</kind>
         <file>rtsv7M4_T_le_v4SPD16_eabi.lib</file>
         <name>autoinit.obj</name>
      </input_file>
      <input_file id="fl-cc">
         <path>C:\ti\ccs613\ccsv6\tools\compiler\ti-cgt-arm_15.12.1.LTS\lib\</path>
         <kind>archive</kind>
         <file>rtsv7M4_T_le_v4SPD16_eabi.lib</file>
         <name>cpy_tbl.obj</name>
      </input_file>
      <input_file id="fl-cd">
         <path>C:\ti\ccs613\ccsv6\tools\compiler\ti-cgt-arm_15.12.1.LTS\lib\</path>
         <kind>archive</kind>
         <file>rtsv7M4_T_le_v4SPD16_eabi.lib</file>
         <name>startup.obj</name>
      </input_file>
   </input_file_list>
   <object_component_list>
      <object_component id="oc-c2">
         <name>.text</name>
         <load_address>0x0</load_address>
         <run_address>0x0</run_address>
         <size>0x12c</size>
         <input_file_ref idref="fl-3"/>
      </object_component>
      <object_component id="oc-9a">
         <name>.text</name>
         <load_address>0x12c</load_address>
         <run_address>0x12c</run_address>
         <size>0xa8</size>
         <input_file_ref idref="fl-4"/>
      </object_component>
      <object_component id="oc-2b">
         <name>.text</name>
         <load_address>0x1d4</load_address>
         <run_address>0x1d4</run_address>
         <size>0x9c</size>
         <input_file_ref idref="fl-c4"/>
      </object_component>
      <object_component id="oc-bc">
         <name>.text</name>
         <load_address>0x270</load_address>
         <run_address>0x270</run_address>
         <size>0x9a</size>
         <input_file_ref idref="fl-5"/>
      </object_component>
      <object_component id="oc-44">
         <name>.text</name>
         <load_address>0x30a</load_address>
         <run_address>0x30a</run_address>
         <size>0x7a</size>
         <input_file_ref idref="fl-c5"/>
      </object_component>
      <object_component id="oc-5c">
         <name>.text</name>
         <load_address>0x384</load_address>
         <run_address>0x384</run_address>
         <size>0x70</size>
         <input_file_ref idref="fl-cb"/>
      </object_component>
      <object_component id="oc-37">
         <name>.text</name>
         <load_address>0x3f4</load_address>
         <run_address>0x3f4</run_address>
         <size>0x6a</size>
         <input_file_ref idref="fl-c1"/>
      </object_component>
      <object_component id="oc-50">
         <name>.text</name>
         <load_address>0x45e</load_address>
         <run_address>0x45e</run_address>
         <size>0x2</size>
         <input_file_ref idref="fl-c6"/>
      </object_component>
      <object_component id="oc-24">
         <name>.text</name>
         <load_address>0x460</load_address>
         <run_address>0x460</run_address>
         <size>0x54</size>
         <input_file_ref idref="fl-bf"/>
      </object_component>
      <object_component id="oc-68">
         <name>.text</name>
         <load_address>0x4b4</load_address>
         <run_address>0x4b4</run_address>
         <size>0x54</size>
         <input_file_ref idref="fl-c3"/>
      </object_component>
      <object_component id="oc-8c">
         <name>.text</name>
         <load_address>0x508</load_address>
         <run_address>0x508</run_address>
         <size>0x4c</size>
         <input_file_ref idref="fl-cc"/>
      </object_component>
      <object_component id="oc-62">
         <name>.text</name>
         <load_address>0x554</load_address>
         <run_address>0x554</run_address>
         <size>0x18</size>
         <input_file_ref idref="fl-ca"/>
      </object_component>
      <object_component id="oc-da">
         <name>.text</name>
         <load_address>0x56c</load_address>
         <run_address>0x56c</run_address>
         <size>0x14</size>
         <input_file_ref idref="fl-c9"/>
      </object_component>
      <object_component id="oc-12">
         <name>.text:decompress:none</name>
         <load_address>0x580</load_address>
         <run_address>0x580</run_address>
         <size>0xe</size>
         <input_file_ref idref="fl-c0"/>
      </object_component>
      <object_component id="oc-18">
         <name>.text:decompress:rle24</name>
         <load_address>0x58e</load_address>
         <run_address>0x58e</run_address>
         <size>0x6</size>
         <input_file_ref idref="fl-c1"/>
      </object_component>
      <object_component id="oc-56">
         <name>.text</name>
         <load_address>0x594</load_address>
         <run_address>0x594</run_address>
         <size>0x4</size>
         <input_file_ref idref="fl-c7"/>
      </object_component>
      <object_component id="oc-92">
         <name>.text</name>
         <load_address>0x598</load_address>
         <run_address>0x598</run_address>
         <size>0x2</size>
         <input_file_ref idref="fl-cd"/>
      </object_component>
      <object_component id="oc-11c">
         <name>.cinit..data.load</name>
         <load_address>0x5a0</load_address>
         <run_address>0x5a0</run_address>
         <size>0x16</size>
      </object_component>
      <object_component id="oc-11a">
         <name>__TI_handler_table</name>
         <load_address>0x5b8</load_address>
         <run_address>0x5b8</run_address>
         <size>0x8</size>
      </object_component>
      <object_component id="oc-11b">
         <name>__TI_cinit_table</name>
         <load_address>0x5c0</load_address>
         <run_address>0x5c0</run_address>
         <size>0x8</size>
      </object_component>
      <object_component id="oc-f9">
         <name>.binit</name>
         <load_address>0x0</load_address>
         <run_address>0x0</run_address>
         <size>0x0</size>
      </object_component>
      <object_component id="oc-c8">
         <name>.data</name>
         <load_address>0x20000014</load_address>
         <run_address>0x20000014</run_address>
         <size>0x4</size>
         <input_file_ref idref="fl-4"/>
      </object_component>
      <object_component id="oc-a2">
         <name>.data:$O1$$</name>
         <load_address>0x20000000</load_address>
         <run_address>0x20000000</run_address>
         <size>0xc</size>
         <input_file_ref idref="fl-c3"/>
      </object_component>
      <object_component id="oc-6e">
         <name>.data</name>
         <load_address>0x20000018</load_address>
         <run_address>0x20000018</run_address>
         <size>0x4</size>
         <input_file_ref idref="fl-c8"/>
      </object_component>
      <object_component id="oc-a5">
         <name>.data:$O1$$</name>
         <load_address>0x2000000c</load_address>
         <run_address>0x2000000c</run_address>
         <size>0x8</size>
         <input_file_ref idref="fl-c9"/>
      </object_component>
      <object_component id="oc-2a">
         <name>.stack</name>
         <uninitialized>true</uninitialized>
         <run_address>0x2000fe00</run_address>
         <size>0x0</size>
         <input_file_ref idref="fl-bf"/>
      </object_component>
      <object_component id="oc-11d">
         <name>.stack</name>
         <uninitialized>true</uninitialized>
         <run_address>0x2000fe00</run_address>
         <size>0x0</size>
      </object_component>
      <object_component id="oc-c3">
         <name>.debug_info</name>
         <load_address>0x0</load_address>
         <run_address>0x0</run_address>
         <size>0x22d</size>
         <input_file_ref idref="fl-3"/>
      </object_component>
      <object_component id="oc-7a">
         <name>.debug_info</name>
         <load_address>0x22d</load_address>
         <run_address>0x22d</run_address>
         <size>0x84</size>
         <input_file_ref idref="fl-3"/>
      </object_component>
      <object_component id="oc-cc">
         <name>.debug_info</name>
         <load_address>0x2b1</load_address>
         <run_address>0x2b1</run_address>
         <size>0x18b</size>
         <input_file_ref idref="fl-3"/>
      </object_component>
      <object_component id="oc-f1">
         <name>.debug_info</name>
         <load_address>0x43c</load_address>
         <run_address>0x43c</run_address>
         <size>0x15d</size>
         <input_file_ref idref="fl-4"/>
      </object_component>
      <object_component id="oc-c9">
         <name>.debug_info</name>
         <load_address>0x599</load_address>
         <run_address>0x599</run_address>
         <size>0xdf</size>
         <input_file_ref idref="fl-4"/>
      </object_component>
      <object_component id="oc-9b">
         <name>.debug_info</name>
         <load_address>0x678</load_address>
         <run_address>0x678</run_address>
         <size>0x265</size>
         <input_file_ref idref="fl-4"/>
      </object_component>
      <object_component id="oc-bd">
         <name>.debug_info</name>
         <load_address>0x8dd</load_address>
         <run_address>0x8dd</run_address>
         <size>0x16a6</size>
         <input_file_ref idref="fl-5"/>
      </object_component>
      <object_component id="oc-27">
         <name>.debug_info</name>
         <load_address>0x1f83</load_address>
         <run_address>0x1f83</run_address>
         <size>0x17c</size>
         <input_file_ref idref="fl-bf"/>
      </object_component>
      <object_component id="oc-36">
         <name>.debug_info</name>
         <load_address>0x20ff</load_address>
         <run_address>0x20ff</run_address>
         <size>0x15c</size>
         <input_file_ref idref="fl-c0"/>
      </object_component>
      <object_component id="oc-15">
         <name>.debug_info</name>
         <load_address>0x225b</load_address>
         <run_address>0x225b</run_address>
         <size>0x1fb</size>
         <input_file_ref idref="fl-c0"/>
      </object_component>
      <object_component id="oc-31">
         <name>.debug_info</name>
         <load_address>0x2456</load_address>
         <run_address>0x2456</run_address>
         <size>0x46</size>
         <input_file_ref idref="fl-c0"/>
      </object_component>
      <object_component id="oc-73">
         <name>.debug_info</name>
         <load_address>0x249c</load_address>
         <run_address>0x249c</run_address>
         <size>0x2c</size>
         <input_file_ref idref="fl-c0"/>
      </object_component>
      <object_component id="oc-3e">
         <name>.debug_info</name>
         <load_address>0x24c8</load_address>
         <run_address>0x24c8</run_address>
         <size>0x150</size>
         <input_file_ref idref="fl-c1"/>
      </object_component>
      <object_component id="oc-38">
         <name>.debug_info</name>
         <load_address>0x2618</load_address>
         <run_address>0x2618</run_address>
         <size>0x263</size>
         <input_file_ref idref="fl-c1"/>
      </object_component>
      <object_component id="oc-19">
         <name>.debug_info</name>
         <load_address>0x287b</load_address>
         <run_address>0x287b</run_address>
         <size>0x1cd</size>
         <input_file_ref idref="fl-c1"/>
      </object_component>
      <object_component id="oc-3f">
         <name>.debug_info</name>
         <load_address>0x2a48</load_address>
         <run_address>0x2a48</run_address>
         <size>0x39</size>
         <input_file_ref idref="fl-c1"/>
      </object_component>
      <object_component id="oc-82">
         <name>.debug_info</name>
         <load_address>0x2a81</load_address>
         <run_address>0x2a81</run_address>
         <size>0x2c</size>
         <input_file_ref idref="fl-c1"/>
      </object_component>
      <object_component id="oc-a9">
         <name>.debug_info</name>
         <load_address>0x2aad</load_address>
         <run_address>0x2aad</run_address>
         <size>0x250</size>
         <input_file_ref idref="fl-c3"/>
      </object_component>
      <object_component id="oc-a3">
         <name>.debug_info</name>
         <load_address>0x2cfd</load_address>
         <run_address>0x2cfd</run_address>
         <size>0x1a1</size>
         <input_file_ref idref="fl-c3"/>
      </object_component>
      <object_component id="oc-6a">
         <name>.debug_info</name>
         <load_address>0x2e9e</load_address>
         <run_address>0x2e9e</run_address>
         <size>0x230</size>
         <input_file_ref idref="fl-c3"/>
      </object_component>
      <object_component id="oc-2d">
         <name>.debug_info</name>
         <load_address>0x30ce</load_address>
         <run_address>0x30ce</run_address>
         <size>0x12d</size>
         <input_file_ref idref="fl-c4"/>
      </object_component>
      <object_component id="oc-45">
         <name>.debug_info</name>
         <load_address>0x31fb</load_address>
         <run_address>0x31fb</run_address>
         <size>0x15b</size>
         <input_file_ref idref="fl-c5"/>
      </object_component>
      <object_component id="oc-51">
         <name>.debug_info</name>
         <load_address>0x3356</load_address>
         <run_address>0x3356</run_address>
         <size>0x154</size>
         <input_file_ref idref="fl-c6"/>
      </object_component>
      <object_component id="oc-57">
         <name>.debug_info</name>
         <load_address>0x34aa</load_address>
         <run_address>0x34aa</run_address>
         <size>0x164</size>
         <input_file_ref idref="fl-c7"/>
      </object_component>
      <object_component id="oc-6f">
         <name>.debug_info</name>
         <load_address>0x360e</load_address>
         <run_address>0x360e</run_address>
         <size>0x125</size>
         <input_file_ref idref="fl-c8"/>
      </object_component>
      <object_component id="oc-e2">
         <name>.debug_info</name>
         <load_address>0x3733</load_address>
         <run_address>0x3733</run_address>
         <size>0x140</size>
         <input_file_ref idref="fl-c9"/>
      </object_component>
      <object_component id="oc-a6">
         <name>.debug_info</name>
         <load_address>0x3873</load_address>
         <run_address>0x3873</run_address>
         <size>0x12f</size>
         <input_file_ref idref="fl-c9"/>
      </object_component>
      <object_component id="oc-db">
         <name>.debug_info</name>
         <load_address>0x39a2</load_address>
         <run_address>0x39a2</run_address>
         <size>0x23b</size>
         <input_file_ref idref="fl-c9"/>
      </object_component>
      <object_component id="oc-a1">
         <name>.debug_info</name>
         <load_address>0x3bdd</load_address>
         <run_address>0x3bdd</run_address>
         <size>0x182</size>
         <input_file_ref idref="fl-ca"/>
      </object_component>
      <object_component id="oc-63">
         <name>.debug_info</name>
         <load_address>0x3d5f</load_address>
         <run_address>0x3d5f</run_address>
         <size>0x183</size>
         <input_file_ref idref="fl-ca"/>
      </object_component>
      <object_component id="oc-d3">
         <name>.debug_info</name>
         <load_address>0x3ee2</load_address>
         <run_address>0x3ee2</run_address>
         <size>0x5e</size>
         <input_file_ref idref="fl-ca"/>
      </object_component>
      <object_component id="oc-99">
         <name>.debug_info</name>
         <load_address>0x3f40</load_address>
         <run_address>0x3f40</run_address>
         <size>0x305</size>
         <input_file_ref idref="fl-cb"/>
      </object_component>
      <object_component id="oc-5d">
         <name>.debug_info</name>
         <load_address>0x4245</load_address>
         <run_address>0x4245</run_address>
         <size>0x1ac</size>
         <input_file_ref idref="fl-cb"/>
      </object_component>
      <object_component id="oc-b2">
         <name>.debug_info</name>
         <load_address>0x43f1</load_address>
         <run_address>0x43f1</run_address>
         <size>0x39</size>
         <input_file_ref idref="fl-cb"/>
      </object_component>
      <object_component id="oc-b7">
         <name>.debug_info</name>
         <load_address>0x442a</load_address>
         <run_address>0x442a</run_address>
         <size>0xcd</size>
         <input_file_ref idref="fl-cb"/>
      </object_component>
      <object_component id="oc-ae">
         <name>.debug_info</name>
         <load_address>0x44f7</load_address>
         <run_address>0x44f7</run_address>
         <size>0x1fc</size>
         <input_file_ref idref="fl-cc"/>
      </object_component>
      <object_component id="oc-8d">
         <name>.debug_info</name>
         <load_address>0x46f3</load_address>
         <run_address>0x46f3</run_address>
         <size>0x19f</size>
         <input_file_ref idref="fl-cc"/>
      </object_component>
      <object_component id="oc-e8">
         <name>.debug_info</name>
         <load_address>0x4892</load_address>
         <run_address>0x4892</run_address>
         <size>0x2c</size>
         <input_file_ref idref="fl-cc"/>
      </object_component>
      <object_component id="oc-94">
         <name>.debug_info</name>
         <load_address>0x48be</load_address>
         <run_address>0x48be</run_address>
         <size>0x161</size>
         <input_file_ref idref="fl-cd"/>
      </object_component>
      <object_component id="oc-11e">
         <name>.debug_info</name>
         <load_address>0x4a1f</load_address>
         <run_address>0x4a1f</run_address>
         <size>0xae</size>
      </object_component>
      <object_component id="oc-c6">
         <name>.debug_line</name>
         <load_address>0x0</load_address>
         <run_address>0x0</run_address>
         <size>0x98</size>
         <input_file_ref idref="fl-3"/>
      </object_component>
      <object_component id="oc-7d">
         <name>.debug_line</name>
         <load_address>0x98</load_address>
         <run_address>0x98</run_address>
         <size>0x20</size>
         <input_file_ref idref="fl-3"/>
      </object_component>
      <object_component id="oc-cf">
         <name>.debug_line</name>
         <load_address>0xb8</load_address>
         <run_address>0xb8</run_address>
         <size>0x6d</size>
         <input_file_ref idref="fl-3"/>
      </object_component>
      <object_component id="oc-f6">
         <name>.debug_line</name>
         <load_address>0x125</load_address>
         <run_address>0x125</run_address>
         <size>0x4e</size>
         <input_file_ref idref="fl-4"/>
      </object_component>
      <object_component id="oc-f0">
         <name>.debug_line</name>
         <load_address>0x173</load_address>
         <run_address>0x173</run_address>
         <size>0x34</size>
         <input_file_ref idref="fl-4"/>
      </object_component>
      <object_component id="oc-9e">
         <name>.debug_line</name>
         <load_address>0x1a7</load_address>
         <run_address>0x1a7</run_address>
         <size>0x91</size>
         <input_file_ref idref="fl-4"/>
      </object_component>
      <object_component id="oc-c0">
         <name>.debug_line</name>
         <load_address>0x238</load_address>
         <run_address>0x238</run_address>
         <size>0x55a</size>
         <input_file_ref idref="fl-5"/>
      </object_component>
      <object_component id="oc-26">
         <name>.debug_line</name>
         <load_address>0x792</load_address>
         <run_address>0x792</run_address>
         <size>0x53</size>
         <input_file_ref idref="fl-bf"/>
      </object_component>
      <object_component id="oc-79">
         <name>.debug_line</name>
         <load_address>0x7e5</load_address>
         <run_address>0x7e5</run_address>
         <size>0xa5</size>
         <input_file_ref idref="fl-c0"/>
      </object_component>
      <object_component id="oc-17">
         <name>.debug_line</name>
         <load_address>0x88a</load_address>
         <run_address>0x88a</run_address>
         <size>0x55</size>
         <input_file_ref idref="fl-c0"/>
      </object_component>
      <object_component id="oc-34">
         <name>.debug_line</name>
         <load_address>0x8df</load_address>
         <run_address>0x8df</run_address>
         <size>0x3a</size>
         <input_file_ref idref="fl-c0"/>
      </object_component>
      <object_component id="oc-76">
         <name>.debug_line</name>
         <load_address>0x919</load_address>
         <run_address>0x919</run_address>
         <size>0xa5</size>
         <input_file_ref idref="fl-c0"/>
      </object_component>
      <object_component id="oc-81">
         <name>.debug_line</name>
         <load_address>0x9be</load_address>
         <run_address>0x9be</run_address>
         <size>0xa5</size>
         <input_file_ref idref="fl-c1"/>
      </object_component>
      <object_component id="oc-3b">
         <name>.debug_line</name>
         <load_address>0xa63</load_address>
         <run_address>0xa63</run_address>
         <size>0x98</size>
         <input_file_ref idref="fl-c1"/>
      </object_component>
      <object_component id="oc-1c">
         <name>.debug_line</name>
         <load_address>0xafb</load_address>
         <run_address>0xafb</run_address>
         <size>0x4b</size>
         <input_file_ref idref="fl-c1"/>
      </object_component>
      <object_component id="oc-42">
         <name>.debug_line</name>
         <load_address>0xb46</load_address>
         <run_address>0xb46</run_address>
         <size>0x39</size>
         <input_file_ref idref="fl-c1"/>
      </object_component>
      <object_component id="oc-85">
         <name>.debug_line</name>
         <load_address>0xb7f</load_address>
         <run_address>0xb7f</run_address>
         <size>0xa5</size>
         <input_file_ref idref="fl-c1"/>
      </object_component>
      <object_component id="oc-e5">
         <name>.debug_line</name>
         <load_address>0xc24</load_address>
         <run_address>0xc24</run_address>
         <size>0x128</size>
         <input_file_ref idref="fl-c3"/>
      </object_component>
      <object_component id="oc-d9">
         <name>.debug_line</name>
         <load_address>0xd4c</load_address>
         <run_address>0xd4c</run_address>
         <size>0x2a</size>
         <input_file_ref idref="fl-c3"/>
      </object_component>
      <object_component id="oc-6d">
         <name>.debug_line</name>
         <load_address>0xd76</load_address>
         <run_address>0xd76</run_address>
         <size>0x86</size>
         <input_file_ref idref="fl-c3"/>
      </object_component>
      <object_component id="oc-2c">
         <name>.debug_line</name>
         <load_address>0xdfc</load_address>
         <run_address>0xdfc</run_address>
         <size>0x88</size>
         <input_file_ref idref="fl-c4"/>
      </object_component>
      <object_component id="oc-48">
         <name>.debug_line</name>
         <load_address>0xe84</load_address>
         <run_address>0xe84</run_address>
         <size>0x79</size>
         <input_file_ref idref="fl-c5"/>
      </object_component>
      <object_component id="oc-54">
         <name>.debug_line</name>
         <load_address>0xefd</load_address>
         <run_address>0xefd</run_address>
         <size>0x3d</size>
         <input_file_ref idref="fl-c6"/>
      </object_component>
      <object_component id="oc-5a">
         <name>.debug_line</name>
         <load_address>0xf3a</load_address>
         <run_address>0xf3a</run_address>
         <size>0x40</size>
         <input_file_ref idref="fl-c7"/>
      </object_component>
      <object_component id="oc-ac">
         <name>.debug_line</name>
         <load_address>0xf7a</load_address>
         <run_address>0xf7a</run_address>
         <size>0x33</size>
         <input_file_ref idref="fl-c8"/>
      </object_component>
      <object_component id="oc-f4">
         <name>.debug_line</name>
         <load_address>0xfad</load_address>
         <run_address>0xfad</run_address>
         <size>0x20</size>
         <input_file_ref idref="fl-c9"/>
      </object_component>
      <object_component id="oc-e1">
         <name>.debug_line</name>
         <load_address>0xfcd</load_address>
         <run_address>0xfcd</run_address>
         <size>0x2b</size>
         <input_file_ref idref="fl-c9"/>
      </object_component>
      <object_component id="oc-de">
         <name>.debug_line</name>
         <load_address>0xff8</load_address>
         <run_address>0xff8</run_address>
         <size>0x68</size>
         <input_file_ref idref="fl-c9"/>
      </object_component>
      <object_component id="oc-d2">
         <name>.debug_line</name>
         <load_address>0x1060</load_address>
         <run_address>0x1060</run_address>
         <size>0x2b</size>
         <input_file_ref idref="fl-ca"/>
      </object_component>
      <object_component id="oc-66">
         <name>.debug_line</name>
         <load_address>0x108b</load_address>
         <run_address>0x108b</run_address>
         <size>0x50</size>
         <input_file_ref idref="fl-ca"/>
      </object_component>
      <object_component id="oc-d6">
         <name>.debug_line</name>
         <load_address>0x10db</load_address>
         <run_address>0x10db</run_address>
         <size>0x2b</size>
         <input_file_ref idref="fl-ca"/>
      </object_component>
      <object_component id="oc-b1">
         <name>.debug_line</name>
         <load_address>0x1106</load_address>
         <run_address>0x1106</run_address>
         <size>0xc4</size>
         <input_file_ref idref="fl-cb"/>
      </object_component>
      <object_component id="oc-60">
         <name>.debug_line</name>
         <load_address>0x11ca</load_address>
         <run_address>0x11ca</run_address>
         <size>0x8b</size>
         <input_file_ref idref="fl-cb"/>
      </object_component>
      <object_component id="oc-b5">
         <name>.debug_line</name>
         <load_address>0x1255</load_address>
         <run_address>0x1255</run_address>
         <size>0x2e</size>
         <input_file_ref idref="fl-cb"/>
      </object_component>
      <object_component id="oc-ba">
         <name>.debug_line</name>
         <load_address>0x1283</load_address>
         <run_address>0x1283</run_address>
         <size>0xa6</size>
         <input_file_ref idref="fl-cb"/>
      </object_component>
      <object_component id="oc-e7">
         <name>.debug_line</name>
         <load_address>0x1329</load_address>
         <run_address>0x1329</run_address>
         <size>0xb3</size>
         <input_file_ref idref="fl-cc"/>
      </object_component>
      <object_component id="oc-90">
         <name>.debug_line</name>
         <load_address>0x13dc</load_address>
         <run_address>0x13dc</run_address>
         <size>0x68</size>
         <input_file_ref idref="fl-cc"/>
      </object_component>
      <object_component id="oc-eb">
         <name>.debug_line</name>
         <load_address>0x1444</load_address>
         <run_address>0x1444</run_address>
         <size>0x2e</size>
         <input_file_ref idref="fl-cc"/>
      </object_component>
      <object_component id="oc-97">
         <name>.debug_line</name>
         <load_address>0x1472</load_address>
         <run_address>0x1472</run_address>
         <size>0x3c</size>
         <input_file_ref idref="fl-cd"/>
      </object_component>
      <object_component id="oc-c7">
         <name>.debug_frame</name>
         <load_address>0x0</load_address>
         <run_address>0x0</run_address>
         <size>0x98</size>
         <input_file_ref idref="fl-3"/>
      </object_component>
      <object_component id="oc-9f">
         <name>.debug_frame</name>
         <load_address>0x98</load_address>
         <run_address>0x98</run_address>
         <size>0xb3</size>
         <input_file_ref idref="fl-4"/>
      </object_component>
      <object_component id="oc-c1">
         <name>.debug_frame</name>
         <load_address>0x14b</load_address>
         <run_address>0x14b</run_address>
         <size>0x404</size>
         <input_file_ref idref="fl-5"/>
      </object_component>
      <object_component id="oc-14">
         <name>.debug_frame</name>
         <load_address>0x54f</load_address>
         <run_address>0x54f</run_address>
         <size>0x7f</size>
         <input_file_ref idref="fl-c0"/>
      </object_component>
      <object_component id="oc-3c">
         <name>.debug_frame</name>
         <load_address>0x5ce</load_address>
         <run_address>0x5ce</run_address>
         <size>0x8e</size>
         <input_file_ref idref="fl-c1"/>
      </object_component>
      <object_component id="oc-1d">
         <name>.debug_frame</name>
         <load_address>0x65c</load_address>
         <run_address>0x65c</run_address>
         <size>0x7f</size>
         <input_file_ref idref="fl-c1"/>
      </object_component>
      <object_component id="oc-69">
         <name>.debug_frame</name>
         <load_address>0x6db</load_address>
         <run_address>0x6db</run_address>
         <size>0xb3</size>
         <input_file_ref idref="fl-c3"/>
      </object_component>
      <object_component id="oc-55">
         <name>.debug_frame</name>
         <load_address>0x78e</load_address>
         <run_address>0x78e</run_address>
         <size>0x7f</size>
         <input_file_ref idref="fl-c6"/>
      </object_component>
      <object_component id="oc-5b">
         <name>.debug_frame</name>
         <load_address>0x80d</load_address>
         <run_address>0x80d</run_address>
         <size>0x7f</size>
         <input_file_ref idref="fl-c7"/>
      </object_component>
      <object_component id="oc-df">
         <name>.debug_frame</name>
         <load_address>0x88c</load_address>
         <run_address>0x88c</run_address>
         <size>0xa1</size>
         <input_file_ref idref="fl-c9"/>
      </object_component>
      <object_component id="oc-67">
         <name>.debug_frame</name>
         <load_address>0x92d</load_address>
         <run_address>0x92d</run_address>
         <size>0x7f</size>
         <input_file_ref idref="fl-ca"/>
      </object_component>
      <object_component id="oc-61">
         <name>.debug_frame</name>
         <load_address>0x9ac</load_address>
         <run_address>0x9ac</run_address>
         <size>0x8a</size>
         <input_file_ref idref="fl-cb"/>
      </object_component>
      <object_component id="oc-91">
         <name>.debug_frame</name>
         <load_address>0xa36</load_address>
         <run_address>0xa36</run_address>
         <size>0x8e</size>
         <input_file_ref idref="fl-cc"/>
      </object_component>
      <object_component id="oc-93">
         <name>.debug_frame</name>
         <load_address>0xac4</load_address>
         <run_address>0xac4</run_address>
         <size>0x7f</size>
         <input_file_ref idref="fl-cd"/>
      </object_component>
      <object_component id="oc-ee">
         <name>.debug_abbrev</name>
         <load_address>0x0</load_address>
         <run_address>0x0</run_address>
         <size>0x7f</size>
         <input_file_ref idref="fl-3"/>
      </object_component>
      <object_component id="oc-7c">
         <name>.debug_abbrev</name>
         <load_address>0x7f</load_address>
         <run_address>0x7f</run_address>
         <size>0x1f</size>
         <input_file_ref idref="fl-3"/>
      </object_component>
      <object_component id="oc-ce">
         <name>.debug_abbrev</name>
         <load_address>0x9e</load_address>
         <run_address>0x9e</run_address>
         <size>0x35</size>
         <input_file_ref idref="fl-3"/>
      </object_component>
      <object_component id="oc-f5">
         <name>.debug_abbrev</name>
         <load_address>0xd3</load_address>
         <run_address>0xd3</run_address>
         <size>0x61</size>
         <input_file_ref idref="fl-4"/>
      </object_component>
      <object_component id="oc-ef">
         <name>.debug_abbrev</name>
         <load_address>0x134</load_address>
         <run_address>0x134</run_address>
         <size>0x29</size>
         <input_file_ref idref="fl-4"/>
      </object_component>
      <object_component id="oc-cb">
         <name>.debug_abbrev</name>
         <load_address>0x15d</load_address>
         <run_address>0x15d</run_address>
         <size>0xa9</size>
         <input_file_ref idref="fl-4"/>
      </object_component>
      <object_component id="oc-ed">
         <name>.debug_abbrev</name>
         <load_address>0x206</load_address>
         <run_address>0x206</run_address>
         <size>0xf8</size>
         <input_file_ref idref="fl-5"/>
      </object_component>
      <object_component id="oc-71">
         <name>.debug_abbrev</name>
         <load_address>0x2fe</load_address>
         <run_address>0x2fe</run_address>
         <size>0x3e</size>
         <input_file_ref idref="fl-bf"/>
      </object_component>
      <object_component id="oc-78">
         <name>.debug_abbrev</name>
         <load_address>0x33c</load_address>
         <run_address>0x33c</run_address>
         <size>0x52</size>
         <input_file_ref idref="fl-c0"/>
      </object_component>
      <object_component id="oc-30">
         <name>.debug_abbrev</name>
         <load_address>0x38e</load_address>
         <run_address>0x38e</run_address>
         <size>0x74</size>
         <input_file_ref idref="fl-c0"/>
      </object_component>
      <object_component id="oc-33">
         <name>.debug_abbrev</name>
         <load_address>0x402</load_address>
         <run_address>0x402</run_address>
         <size>0x24</size>
         <input_file_ref idref="fl-c0"/>
      </object_component>
      <object_component id="oc-75">
         <name>.debug_abbrev</name>
         <load_address>0x426</load_address>
         <run_address>0x426</run_address>
         <size>0x24</size>
         <input_file_ref idref="fl-c0"/>
      </object_component>
      <object_component id="oc-80">
         <name>.debug_abbrev</name>
         <load_address>0x44a</load_address>
         <run_address>0x44a</run_address>
         <size>0x52</size>
         <input_file_ref idref="fl-c1"/>
      </object_component>
      <object_component id="oc-7f">
         <name>.debug_abbrev</name>
         <load_address>0x49c</load_address>
         <run_address>0x49c</run_address>
         <size>0x7b</size>
         <input_file_ref idref="fl-c1"/>
      </object_component>
      <object_component id="oc-3d">
         <name>.debug_abbrev</name>
         <load_address>0x517</load_address>
         <run_address>0x517</run_address>
         <size>0x66</size>
         <input_file_ref idref="fl-c1"/>
      </object_component>
      <object_component id="oc-41">
         <name>.debug_abbrev</name>
         <load_address>0x57d</load_address>
         <run_address>0x57d</run_address>
         <size>0x24</size>
         <input_file_ref idref="fl-c1"/>
      </object_component>
      <object_component id="oc-84">
         <name>.debug_abbrev</name>
         <load_address>0x5a1</load_address>
         <run_address>0x5a1</run_address>
         <size>0x24</size>
         <input_file_ref idref="fl-c1"/>
      </object_component>
      <object_component id="oc-e4">
         <name>.debug_abbrev</name>
         <load_address>0x5c5</load_address>
         <run_address>0x5c5</run_address>
         <size>0xa8</size>
         <input_file_ref idref="fl-c3"/>
      </object_component>
      <object_component id="oc-d8">
         <name>.debug_abbrev</name>
         <load_address>0x66d</load_address>
         <run_address>0x66d</run_address>
         <size>0x29</size>
         <input_file_ref idref="fl-c3"/>
      </object_component>
      <object_component id="oc-a8">
         <name>.debug_abbrev</name>
         <load_address>0x696</load_address>
         <run_address>0x696</run_address>
         <size>0xba</size>
         <input_file_ref idref="fl-c3"/>
      </object_component>
      <object_component id="oc-72">
         <name>.debug_abbrev</name>
         <load_address>0x750</load_address>
         <run_address>0x750</run_address>
         <size>0x3e</size>
         <input_file_ref idref="fl-c4"/>
      </object_component>
      <object_component id="oc-87">
         <name>.debug_abbrev</name>
         <load_address>0x78e</load_address>
         <run_address>0x78e</run_address>
         <size>0x4f</size>
         <input_file_ref idref="fl-c5"/>
      </object_component>
      <object_component id="oc-8a">
         <name>.debug_abbrev</name>
         <load_address>0x7dd</load_address>
         <run_address>0x7dd</run_address>
         <size>0x53</size>
         <input_file_ref idref="fl-c6"/>
      </object_component>
      <object_component id="oc-8b">
         <name>.debug_abbrev</name>
         <load_address>0x830</load_address>
         <run_address>0x830</run_address>
         <size>0x55</size>
         <input_file_ref idref="fl-c7"/>
      </object_component>
      <object_component id="oc-ab">
         <name>.debug_abbrev</name>
         <load_address>0x885</load_address>
         <run_address>0x885</run_address>
         <size>0x27</size>
         <input_file_ref idref="fl-c8"/>
      </object_component>
      <object_component id="oc-f3">
         <name>.debug_abbrev</name>
         <load_address>0x8ac</load_address>
         <run_address>0x8ac</run_address>
         <size>0x45</size>
         <input_file_ref idref="fl-c9"/>
      </object_component>
      <object_component id="oc-e0">
         <name>.debug_abbrev</name>
         <load_address>0x8f1</load_address>
         <run_address>0x8f1</run_address>
         <size>0x29</size>
         <input_file_ref idref="fl-c9"/>
      </object_component>
      <object_component id="oc-f2">
         <name>.debug_abbrev</name>
         <load_address>0x91a</load_address>
         <run_address>0x91a</run_address>
         <size>0x6f</size>
         <input_file_ref idref="fl-c9"/>
      </object_component>
      <object_component id="oc-d1">
         <name>.debug_abbrev</name>
         <load_address>0x989</load_address>
         <run_address>0x989</run_address>
         <size>0x8e</size>
         <input_file_ref idref="fl-ca"/>
      </object_component>
      <object_component id="oc-a0">
         <name>.debug_abbrev</name>
         <load_address>0xa17</load_address>
         <run_address>0xa17</run_address>
         <size>0x68</size>
         <input_file_ref idref="fl-ca"/>
      </object_component>
      <object_component id="oc-d5">
         <name>.debug_abbrev</name>
         <load_address>0xa7f</load_address>
         <run_address>0xa7f</run_address>
         <size>0x49</size>
         <input_file_ref idref="fl-ca"/>
      </object_component>
      <object_component id="oc-b0">
         <name>.debug_abbrev</name>
         <load_address>0xac8</load_address>
         <run_address>0xac8</run_address>
         <size>0xae</size>
         <input_file_ref idref="fl-cb"/>
      </object_component>
      <object_component id="oc-98">
         <name>.debug_abbrev</name>
         <load_address>0xb76</load_address>
         <run_address>0xb76</run_address>
         <size>0x7e</size>
         <input_file_ref idref="fl-cb"/>
      </object_component>
      <object_component id="oc-b4">
         <name>.debug_abbrev</name>
         <load_address>0xbf4</load_address>
         <run_address>0xbf4</run_address>
         <size>0x24</size>
         <input_file_ref idref="fl-cb"/>
      </object_component>
      <object_component id="oc-b9">
         <name>.debug_abbrev</name>
         <load_address>0xc18</load_address>
         <run_address>0xc18</run_address>
         <size>0x4b</size>
         <input_file_ref idref="fl-cb"/>
      </object_component>
      <object_component id="oc-e6">
         <name>.debug_abbrev</name>
         <load_address>0xc63</load_address>
         <run_address>0xc63</run_address>
         <size>0x9c</size>
         <input_file_ref idref="fl-cc"/>
      </object_component>
      <object_component id="oc-ad">
         <name>.debug_abbrev</name>
         <load_address>0xcff</load_address>
         <run_address>0xcff</run_address>
         <size>0x8c</size>
         <input_file_ref idref="fl-cc"/>
      </object_component>
      <object_component id="oc-ea">
         <name>.debug_abbrev</name>
         <load_address>0xd8b</load_address>
         <run_address>0xd8b</run_address>
         <size>0x24</size>
         <input_file_ref idref="fl-cc"/>
      </object_component>
      <object_component id="oc-af">
         <name>.debug_abbrev</name>
         <load_address>0xdaf</load_address>
         <run_address>0xdaf</run_address>
         <size>0x53</size>
         <input_file_ref idref="fl-cd"/>
      </object_component>
      <object_component id="oc-11f">
         <name>.debug_abbrev</name>
         <load_address>0xe02</load_address>
         <run_address>0xe02</run_address>
         <size>0xf</size>
      </object_component>
      <object_component id="oc-7e">
         <name>.debug_str</name>
         <load_address>0x0</load_address>
         <run_address>0x0</run_address>
         <size>0xfb</size>
         <input_file_ref idref="fl-3"/>
      </object_component>
      <object_component id="oc-d0">
         <name>.debug_str</name>
         <load_address>0xfb</load_address>
         <run_address>0xfb</run_address>
         <size>0x22d</size>
         <input_file_ref idref="fl-3"/>
      </object_component>
      <object_component id="oc-35">
         <name>.debug_str</name>
         <load_address>0x328</load_address>
         <run_address>0x328</run_address>
         <size>0x11c</size>
         <input_file_ref idref="fl-c0"/>
      </object_component>
      <object_component id="oc-77">
         <name>.debug_str</name>
         <load_address>0x444</load_address>
         <run_address>0x444</run_address>
         <size>0x164</size>
         <input_file_ref idref="fl-c0"/>
      </object_component>
      <object_component id="oc-43">
         <name>.debug_str</name>
         <load_address>0x5a8</load_address>
         <run_address>0x5a8</run_address>
         <size>0x10e</size>
         <input_file_ref idref="fl-c1"/>
      </object_component>
      <object_component id="oc-86">
         <name>.debug_str</name>
         <load_address>0x6b6</load_address>
         <run_address>0x6b6</run_address>
         <size>0x164</size>
         <input_file_ref idref="fl-c1"/>
      </object_component>
      <object_component id="oc-d7">
         <name>.debug_str</name>
         <load_address>0x81a</load_address>
         <run_address>0x81a</run_address>
         <size>0xf2</size>
         <input_file_ref idref="fl-ca"/>
      </object_component>
      <object_component id="oc-b6">
         <name>.debug_str</name>
         <load_address>0x90c</load_address>
         <run_address>0x90c</run_address>
         <size>0xfe</size>
         <input_file_ref idref="fl-cb"/>
      </object_component>
      <object_component id="oc-bb">
         <name>.debug_str</name>
         <load_address>0xa0a</load_address>
         <run_address>0xa0a</run_address>
         <size>0x1bb</size>
         <input_file_ref idref="fl-cb"/>
      </object_component>
      <object_component id="oc-ec">
         <name>.debug_str</name>
         <load_address>0xbc5</load_address>
         <run_address>0xbc5</run_address>
         <size>0xf3</size>
         <input_file_ref idref="fl-cc"/>
      </object_component>
      <object_component id="oc-c4">
         <name>.debug_aranges</name>
         <load_address>0x0</load_address>
         <run_address>0x0</run_address>
         <size>0x28</size>
         <input_file_ref idref="fl-3"/>
      </object_component>
      <object_component id="oc-9c">
         <name>.debug_aranges</name>
         <load_address>0x28</load_address>
         <run_address>0x28</run_address>
         <size>0x30</size>
         <input_file_ref idref="fl-4"/>
      </object_component>
      <object_component id="oc-be">
         <name>.debug_aranges</name>
         <load_address>0x58</load_address>
         <run_address>0x58</run_address>
         <size>0x1c8</size>
         <input_file_ref idref="fl-5"/>
      </object_component>
      <object_component id="oc-25">
         <name>.debug_aranges</name>
         <load_address>0x220</load_address>
         <run_address>0x220</run_address>
         <size>0x20</size>
         <input_file_ref idref="fl-bf"/>
      </object_component>
      <object_component id="oc-13">
         <name>.debug_aranges</name>
         <load_address>0x240</load_address>
         <run_address>0x240</run_address>
         <size>0x20</size>
         <input_file_ref idref="fl-c0"/>
      </object_component>
      <object_component id="oc-39">
         <name>.debug_aranges</name>
         <load_address>0x260</load_address>
         <run_address>0x260</run_address>
         <size>0x20</size>
         <input_file_ref idref="fl-c1"/>
      </object_component>
      <object_component id="oc-1a">
         <name>.debug_aranges</name>
         <load_address>0x280</load_address>
         <run_address>0x280</run_address>
         <size>0x20</size>
         <input_file_ref idref="fl-c1"/>
      </object_component>
      <object_component id="oc-6b">
         <name>.debug_aranges</name>
         <load_address>0x2a0</load_address>
         <run_address>0x2a0</run_address>
         <size>0x30</size>
         <input_file_ref idref="fl-c3"/>
      </object_component>
      <object_component id="oc-2e">
         <name>.debug_aranges</name>
         <load_address>0x2d0</load_address>
         <run_address>0x2d0</run_address>
         <size>0x20</size>
         <input_file_ref idref="fl-c4"/>
      </object_component>
      <object_component id="oc-46">
         <name>.debug_aranges</name>
         <load_address>0x2f0</load_address>
         <run_address>0x2f0</run_address>
         <size>0x28</size>
         <input_file_ref idref="fl-c5"/>
      </object_component>
      <object_component id="oc-52">
         <name>.debug_aranges</name>
         <load_address>0x318</load_address>
         <run_address>0x318</run_address>
         <size>0x20</size>
         <input_file_ref idref="fl-c6"/>
      </object_component>
      <object_component id="oc-58">
         <name>.debug_aranges</name>
         <load_address>0x338</load_address>
         <run_address>0x338</run_address>
         <size>0x20</size>
         <input_file_ref idref="fl-c7"/>
      </object_component>
      <object_component id="oc-dc">
         <name>.debug_aranges</name>
         <load_address>0x358</load_address>
         <run_address>0x358</run_address>
         <size>0x30</size>
         <input_file_ref idref="fl-c9"/>
      </object_component>
      <object_component id="oc-64">
         <name>.debug_aranges</name>
         <load_address>0x388</load_address>
         <run_address>0x388</run_address>
         <size>0x20</size>
         <input_file_ref idref="fl-ca"/>
      </object_component>
      <object_component id="oc-5e">
         <name>.debug_aranges</name>
         <load_address>0x3a8</load_address>
         <run_address>0x3a8</run_address>
         <size>0x20</size>
         <input_file_ref idref="fl-cb"/>
      </object_component>
      <object_component id="oc-8e">
         <name>.debug_aranges</name>
         <load_address>0x3c8</load_address>
         <run_address>0x3c8</run_address>
         <size>0x20</size>
         <input_file_ref idref="fl-cc"/>
      </object_component>
      <object_component id="oc-95">
         <name>.debug_aranges</name>
         <load_address>0x3e8</load_address>
         <run_address>0x3e8</run_address>
         <size>0x20</size>
         <input_file_ref idref="fl-cd"/>
      </object_component>
      <object_component id="oc-c5">
         <name>.debug_pubnames</name>
         <load_address>0x0</load_address>
         <run_address>0x0</run_address>
         <size>0x33</size>
         <input_file_ref idref="fl-3"/>
      </object_component>
      <object_component id="oc-ca">
         <name>.debug_pubnames</name>
         <load_address>0x33</load_address>
         <run_address>0x33</run_address>
         <size>0x1d</size>
         <input_file_ref idref="fl-4"/>
      </object_component>
      <object_component id="oc-9d">
         <name>.debug_pubnames</name>
         <load_address>0x50</load_address>
         <run_address>0x50</run_address>
         <size>0x40</size>
         <input_file_ref idref="fl-4"/>
      </object_component>
      <object_component id="oc-bf">
         <name>.debug_pubnames</name>
         <load_address>0x90</load_address>
         <run_address>0x90</run_address>
         <size>0x474</size>
         <input_file_ref idref="fl-5"/>
      </object_component>
      <object_component id="oc-28">
         <name>.debug_pubnames</name>
         <load_address>0x504</load_address>
         <run_address>0x504</run_address>
         <size>0x1f</size>
         <input_file_ref idref="fl-bf"/>
      </object_component>
      <object_component id="oc-16">
         <name>.debug_pubnames</name>
         <load_address>0x523</load_address>
         <run_address>0x523</run_address>
         <size>0x2b</size>
         <input_file_ref idref="fl-c0"/>
      </object_component>
      <object_component id="oc-3a">
         <name>.debug_pubnames</name>
         <load_address>0x54e</load_address>
         <run_address>0x54e</run_address>
         <size>0x2f</size>
         <input_file_ref idref="fl-c1"/>
      </object_component>
      <object_component id="oc-1b">
         <name>.debug_pubnames</name>
         <load_address>0x57d</load_address>
         <run_address>0x57d</run_address>
         <size>0x2c</size>
         <input_file_ref idref="fl-c1"/>
      </object_component>
      <object_component id="oc-a4">
         <name>.debug_pubnames</name>
         <load_address>0x5a9</load_address>
         <run_address>0x5a9</run_address>
         <size>0x5e</size>
         <input_file_ref idref="fl-c3"/>
      </object_component>
      <object_component id="oc-6c">
         <name>.debug_pubnames</name>
         <load_address>0x607</load_address>
         <run_address>0x607</run_address>
         <size>0x35</size>
         <input_file_ref idref="fl-c3"/>
      </object_component>
      <object_component id="oc-2f">
         <name>.debug_pubnames</name>
         <load_address>0x63c</load_address>
         <run_address>0x63c</run_address>
         <size>0x1d</size>
         <input_file_ref idref="fl-c4"/>
      </object_component>
      <object_component id="oc-47">
         <name>.debug_pubnames</name>
         <load_address>0x659</load_address>
         <run_address>0x659</run_address>
         <size>0x37</size>
         <input_file_ref idref="fl-c5"/>
      </object_component>
      <object_component id="oc-53">
         <name>.debug_pubnames</name>
         <load_address>0x690</load_address>
         <run_address>0x690</run_address>
         <size>0x21</size>
         <input_file_ref idref="fl-c6"/>
      </object_component>
      <object_component id="oc-59">
         <name>.debug_pubnames</name>
         <load_address>0x6b1</load_address>
         <run_address>0x6b1</run_address>
         <size>0x27</size>
         <input_file_ref idref="fl-c7"/>
      </object_component>
      <object_component id="oc-70">
         <name>.debug_pubnames</name>
         <load_address>0x6d8</load_address>
         <run_address>0x6d8</run_address>
         <size>0x23</size>
         <input_file_ref idref="fl-c8"/>
      </object_component>
      <object_component id="oc-a7">
         <name>.debug_pubnames</name>
         <load_address>0x6fb</load_address>
         <run_address>0x6fb</run_address>
         <size>0x28</size>
         <input_file_ref idref="fl-c9"/>
      </object_component>
      <object_component id="oc-dd">
         <name>.debug_pubnames</name>
         <load_address>0x723</load_address>
         <run_address>0x723</run_address>
         <size>0x43</size>
         <input_file_ref idref="fl-c9"/>
      </object_component>
      <object_component id="oc-65">
         <name>.debug_pubnames</name>
         <load_address>0x766</load_address>
         <run_address>0x766</run_address>
         <size>0x21</size>
         <input_file_ref idref="fl-ca"/>
      </object_component>
      <object_component id="oc-5f">
         <name>.debug_pubnames</name>
         <load_address>0x787</load_address>
         <run_address>0x787</run_address>
         <size>0x25</size>
         <input_file_ref idref="fl-cb"/>
      </object_component>
      <object_component id="oc-8f">
         <name>.debug_pubnames</name>
         <load_address>0x7ac</load_address>
         <run_address>0x7ac</run_address>
         <size>0x1e</size>
         <input_file_ref idref="fl-cc"/>
      </object_component>
      <object_component id="oc-96">
         <name>.debug_pubnames</name>
         <load_address>0x7ca</load_address>
         <run_address>0x7ca</run_address>
         <size>0x29</size>
         <input_file_ref idref="fl-cd"/>
      </object_component>
      <object_component id="oc-7b">
         <name>.debug_pubtypes</name>
         <load_address>0x0</load_address>
         <run_address>0x0</run_address>
         <size>0xed</size>
         <input_file_ref idref="fl-3"/>
      </object_component>
      <object_component id="oc-cd">
         <name>.debug_pubtypes</name>
         <load_address>0xed</load_address>
         <run_address>0xed</run_address>
         <size>0x1c6</size>
         <input_file_ref idref="fl-3"/>
      </object_component>
      <object_component id="oc-32">
         <name>.debug_pubtypes</name>
         <load_address>0x2b3</load_address>
         <run_address>0x2b3</run_address>
         <size>0x48</size>
         <input_file_ref idref="fl-c0"/>
      </object_component>
      <object_component id="oc-74">
         <name>.debug_pubtypes</name>
         <load_address>0x2fb</load_address>
         <run_address>0x2fb</run_address>
         <size>0x1d</size>
         <input_file_ref idref="fl-c0"/>
      </object_component>
      <object_component id="oc-40">
         <name>.debug_pubtypes</name>
         <load_address>0x318</load_address>
         <run_address>0x318</run_address>
         <size>0x37</size>
         <input_file_ref idref="fl-c1"/>
      </object_component>
      <object_component id="oc-83">
         <name>.debug_pubtypes</name>
         <load_address>0x34f</load_address>
         <run_address>0x34f</run_address>
         <size>0x1d</size>
         <input_file_ref idref="fl-c1"/>
      </object_component>
      <object_component id="oc-aa">
         <name>.debug_pubtypes</name>
         <load_address>0x36c</load_address>
         <run_address>0x36c</run_address>
         <size>0x1f</size>
         <input_file_ref idref="fl-c3"/>
      </object_component>
      <object_component id="oc-e3">
         <name>.debug_pubtypes</name>
         <load_address>0x38b</load_address>
         <run_address>0x38b</run_address>
         <size>0x1f</size>
         <input_file_ref idref="fl-c9"/>
      </object_component>
      <object_component id="oc-d4">
         <name>.debug_pubtypes</name>
         <load_address>0x3aa</load_address>
         <run_address>0x3aa</run_address>
         <size>0x1b</size>
         <input_file_ref idref="fl-ca"/>
      </object_component>
      <object_component id="oc-b3">
         <name>.debug_pubtypes</name>
         <load_address>0x3c5</load_address>
         <run_address>0x3c5</run_address>
         <size>0x32</size>
         <input_file_ref idref="fl-cb"/>
      </object_component>
      <object_component id="oc-b8">
         <name>.debug_pubtypes</name>
         <load_address>0x3f7</load_address>
         <run_address>0x3f7</run_address>
         <size>0x50</size>
         <input_file_ref idref="fl-cb"/>
      </object_component>
      <object_component id="oc-e9">
         <name>.debug_pubtypes</name>
         <load_address>0x447</load_address>
         <run_address>0x447</run_address>
         <size>0x23</size>
         <input_file_ref idref="fl-cc"/>
      </object_component>
   </object_component_list>
   <logical_group_list>
      <logical_group id="lg-3" display="no" color="cyan">
         <name>.intvecs</name>
         <run_address>0x0</run_address>
         <size>0x0</size>
         <contents>
         </contents>
      </logical_group>
      <logical_group id="lg-4" display="no" color="cyan">
         <name>.text</name>
         <load_address>0x0</load_address>
         <run_address>0x0</run_address>
         <size>0x59a</size>
         <contents>
            <object_component_ref idref="oc-c2"/>
            <object_component_ref idref="oc-9a"/>
            <object_component_ref idref="oc-2b"/>
            <object_component_ref idref="oc-bc"/>
            <object_component_ref idref="oc-44"/>
            <object_component_ref idref="oc-5c"/>
            <object_component_ref idref="oc-37"/>
            <object_component_ref idref="oc-50"/>
            <object_component_ref idref="oc-24"/>
            <object_component_ref idref="oc-68"/>
            <object_component_ref idref="oc-8c"/>
            <object_component_ref idref="oc-62"/>
            <object_component_ref idref="oc-da"/>
            <object_component_ref idref="oc-12"/>
            <object_component_ref idref="oc-18"/>
            <object_component_ref idref="oc-56"/>
            <object_component_ref idref="oc-92"/>
         </contents>
      </logical_group>
      <logical_group id="lg-5" display="no" color="cyan">
         <name>.const</name>
         <run_address>0x0</run_address>
         <size>0x0</size>
         <contents>
         </contents>
      </logical_group>
      <logical_group id="lg-6" display="no" color="cyan">
         <name>.cinit</name>
         <load_address>0x5a0</load_address>
         <run_address>0x5a0</run_address>
         <size>0x28</size>
         <contents>
            <object_component_ref idref="oc-11c"/>
            <object_component_ref idref="oc-11a"/>
            <object_component_ref idref="oc-11b"/>
         </contents>
      </logical_group>
      <logical_group id="lg-7" display="no" color="cyan">
         <name>.pinit</name>
         <run_address>0x0</run_address>
         <size>0x0</size>
         <contents>
         </contents>
      </logical_group>
      <logical_group id="lg-8" display="no" color="cyan">
         <name>.init_array</name>
         <run_address>0x0</run_address>
         <size>0x0</size>
         <contents>
         </contents>
      </logical_group>
      <logical_group id="lg-9" display="no" color="cyan">
         <name>.binit</name>
         <load_address>0x0</load_address>
         <run_address>0x0</run_address>
         <size>0x0</size>
         <contents>
            <object_component_ref idref="oc-f9"/>
         </contents>
      </logical_group>
      <logical_group id="lg-a" display="no" color="cyan">
         <name>.flashMailbox</name>
         <run_address>0x0</run_address>
         <size>0x0</size>
         <contents>
         </contents>
      </logical_group>
      <logical_group id="lg-b" display="no" color="cyan">
         <name>.vtable</name>
         <run_address>0x0</run_address>
         <size>0x0</size>
         <contents>
         </contents>
      </logical_group>
      <logical_group id="lg-c" display="no" color="cyan">
         <name>.data</name>
         <run_address>0x20000000</run_address>
         <size>0x1c</size>
         <contents>
            <object_component_ref idref="oc-c8"/>
            <object_component_ref idref="oc-a2"/>
            <object_component_ref idref="oc-6e"/>
            <object_component_ref idref="oc-a5"/>
         </contents>
      </logical_group>
      <logical_group id="lg-d" display="no" color="cyan">
         <name>.bss</name>
         <run_address>0x0</run_address>
         <size>0x0</size>
         <contents>
         </contents>
      </logical_group>
      <logical_group id="lg-e" display="no" color="cyan">
         <name>.sysmem</name>
         <run_address>0x0</run_address>
         <size>0x0</size>
         <contents>
         </contents>
      </logical_group>
      <logical_group id="lg-f" display="no" color="cyan">
         <name>.stack</name>
         <run_address>0x2000fe00</run_address>
         <size>0x200</size>
         <contents>
            <object_component_ref idref="oc-2a"/>
            <object_component_ref idref="oc-11d"/>
         </contents>
      </logical_group>
      <logical_group id="lg-10" display="no" color="cyan">
         <name>.TI.ramfunc</name>
         <run_address>0x0</run_address>
         <size>0x0</size>
         <contents>
         </contents>
      </logical_group>
      <logical_group id="lg-f7" display="no" color="cyan">
         <name>.TI.noinit</name>
         <run_address>0x0</run_address>
         <size>0x0</size>
         <contents>
         </contents>
      </logical_group>
      <logical_group id="lg-f8" display="no" color="cyan">
         <name>.TI.persistent</name>
         <run_address>0x0</run_address>
         <size>0x0</size>
         <contents>
         </contents>
      </logical_group>
      <logical_group id="lg-10a" display="never" color="cyan">
         <name>.debug_info</name>
         <load_address>0x0</load_address>
         <run_address>0x0</run_address>
         <size>0x4acd</size>
         <contents>
            <object_component_ref idref="oc-c3"/>
            <object_component_ref idref="oc-7a"/>
            <object_component_ref idref="oc-cc"/>
            <object_component_ref idref="oc-f1"/>
            <object_component_ref idref="oc-c9"/>
            <object_component_ref idref="oc-9b"/>
            <object_component_ref idref="oc-bd"/>
            <object_component_ref idref="oc-27"/>
            <object_component_ref idref="oc-36"/>
            <object_component_ref idref="oc-15"/>
            <object_component_ref idref="oc-31"/>
            <object_component_ref idref="oc-73"/>
            <object_component_ref idref="oc-3e"/>
            <object_component_ref idref="oc-38"/>
            <object_component_ref idref="oc-19"/>
            <object_component_ref idref="oc-3f"/>
            <object_component_ref idref="oc-82"/>
            <object_component_ref idref="oc-a9"/>
            <object_component_ref idref="oc-a3"/>
            <object_component_ref idref="oc-6a"/>
            <object_component_ref idref="oc-2d"/>
            <object_component_ref idref="oc-45"/>
            <object_component_ref idref="oc-51"/>
            <object_component_ref idref="oc-57"/>
            <object_component_ref idref="oc-6f"/>
            <object_component_ref idref="oc-e2"/>
            <object_component_ref idref="oc-a6"/>
            <object_component_ref idref="oc-db"/>
            <object_component_ref idref="oc-a1"/>
            <object_component_ref idref="oc-63"/>
            <object_component_ref idref="oc-d3"/>
            <object_component_ref idref="oc-99"/>
            <object_component_ref idref="oc-5d"/>
            <object_component_ref idref="oc-b2"/>
            <object_component_ref idref="oc-b7"/>
            <object_component_ref idref="oc-ae"/>
            <object_component_ref idref="oc-8d"/>
            <object_component_ref idref="oc-e8"/>
            <object_component_ref idref="oc-94"/>
            <object_component_ref idref="oc-11e"/>
         </contents>
      </logical_group>
      <logical_group id="lg-10c" display="never" color="cyan">
         <name>.debug_line</name>
         <load_address>0x0</load_address>
         <run_address>0x0</run_address>
         <size>0x14ae</size>
         <contents>
            <object_component_ref idref="oc-c6"/>
            <object_component_ref idref="oc-7d"/>
            <object_component_ref idref="oc-cf"/>
            <object_component_ref idref="oc-f6"/>
            <object_component_ref idref="oc-f0"/>
            <object_component_ref idref="oc-9e"/>
            <object_component_ref idref="oc-c0"/>
            <object_component_ref idref="oc-26"/>
            <object_component_ref idref="oc-79"/>
            <object_component_ref idref="oc-17"/>
            <object_component_ref idref="oc-34"/>
            <object_component_ref idref="oc-76"/>
            <object_component_ref idref="oc-81"/>
            <object_component_ref idref="oc-3b"/>
            <object_component_ref idref="oc-1c"/>
            <object_component_ref idref="oc-42"/>
            <object_component_ref idref="oc-85"/>
            <object_component_ref idref="oc-e5"/>
            <object_component_ref idref="oc-d9"/>
            <object_component_ref idref="oc-6d"/>
            <object_component_ref idref="oc-2c"/>
            <object_component_ref idref="oc-48"/>
            <object_component_ref idref="oc-54"/>
            <object_component_ref idref="oc-5a"/>
            <object_component_ref idref="oc-ac"/>
            <object_component_ref idref="oc-f4"/>
            <object_component_ref idref="oc-e1"/>
            <object_component_ref idref="oc-de"/>
            <object_component_ref idref="oc-d2"/>
            <object_component_ref idref="oc-66"/>
            <object_component_ref idref="oc-d6"/>
            <object_component_ref idref="oc-b1"/>
            <object_component_ref idref="oc-60"/>
            <object_component_ref idref="oc-b5"/>
            <object_component_ref idref="oc-ba"/>
            <object_component_ref idref="oc-e7"/>
            <object_component_ref idref="oc-90"/>
            <object_component_ref idref="oc-eb"/>
            <object_component_ref idref="oc-97"/>
         </contents>
      </logical_group>
      <logical_group id="lg-10e" display="never" color="cyan">
         <name>.debug_frame</name>
         <load_address>0x0</load_address>
         <run_address>0x0</run_address>
         <size>0xb43</size>
         <contents>
            <object_component_ref idref="oc-c7"/>
            <object_component_ref idref="oc-9f"/>
            <object_component_ref idref="oc-c1"/>
            <object_component_ref idref="oc-14"/>
            <object_component_ref idref="oc-3c"/>
            <object_component_ref idref="oc-1d"/>
            <object_component_ref idref="oc-69"/>
            <object_component_ref idref="oc-55"/>
            <object_component_ref idref="oc-5b"/>
            <object_component_ref idref="oc-df"/>
            <object_component_ref idref="oc-67"/>
            <object_component_ref idref="oc-61"/>
            <object_component_ref idref="oc-91"/>
            <object_component_ref idref="oc-93"/>
         </contents>
      </logical_group>
      <logical_group id="lg-110" display="never" color="cyan">
         <name>.debug_abbrev</name>
         <load_address>0x0</load_address>
         <run_address>0x0</run_address>
         <size>0xe11</size>
         <contents>
            <object_component_ref idref="oc-ee"/>
            <object_component_ref idref="oc-7c"/>
            <object_component_ref idref="oc-ce"/>
            <object_component_ref idref="oc-f5"/>
            <object_component_ref idref="oc-ef"/>
            <object_component_ref idref="oc-cb"/>
            <object_component_ref idref="oc-ed"/>
            <object_component_ref idref="oc-71"/>
            <object_component_ref idref="oc-78"/>
            <object_component_ref idref="oc-30"/>
            <object_component_ref idref="oc-33"/>
            <object_component_ref idref="oc-75"/>
            <object_component_ref idref="oc-80"/>
            <object_component_ref idref="oc-7f"/>
            <object_component_ref idref="oc-3d"/>
            <object_component_ref idref="oc-41"/>
            <object_component_ref idref="oc-84"/>
            <object_component_ref idref="oc-e4"/>
            <object_component_ref idref="oc-d8"/>
            <object_component_ref idref="oc-a8"/>
            <object_component_ref idref="oc-72"/>
            <object_component_ref idref="oc-87"/>
            <object_component_ref idref="oc-8a"/>
            <object_component_ref idref="oc-8b"/>
            <object_component_ref idref="oc-ab"/>
            <object_component_ref idref="oc-f3"/>
            <object_component_ref idref="oc-e0"/>
            <object_component_ref idref="oc-f2"/>
            <object_component_ref idref="oc-d1"/>
            <object_component_ref idref="oc-a0"/>
            <object_component_ref idref="oc-d5"/>
            <object_component_ref idref="oc-b0"/>
            <object_component_ref idref="oc-98"/>
            <object_component_ref idref="oc-b4"/>
            <object_component_ref idref="oc-b9"/>
            <object_component_ref idref="oc-e6"/>
            <object_component_ref idref="oc-ad"/>
            <object_component_ref idref="oc-ea"/>
            <object_component_ref idref="oc-af"/>
            <object_component_ref idref="oc-11f"/>
         </contents>
      </logical_group>
      <logical_group id="lg-112" display="never" color="cyan">
         <name>.debug_str</name>
         <load_address>0x0</load_address>
         <run_address>0x0</run_address>
         <size>0xcb8</size>
         <contents>
            <object_component_ref idref="oc-7e"/>
            <object_component_ref idref="oc-d0"/>
            <object_component_ref idref="oc-35"/>
            <object_component_ref idref="oc-77"/>
            <object_component_ref idref="oc-43"/>
            <object_component_ref idref="oc-86"/>
            <object_component_ref idref="oc-d7"/>
            <object_component_ref idref="oc-b6"/>
            <object_component_ref idref="oc-bb"/>
            <object_component_ref idref="oc-ec"/>
         </contents>
      </logical_group>
      <logical_group id="lg-114" display="never" color="cyan">
         <name>.debug_aranges</name>
         <load_address>0x0</load_address>
         <run_address>0x0</run_address>
         <size>0x408</size>
         <contents>
            <object_component_ref idref="oc-c4"/>
            <object_component_ref idref="oc-9c"/>
            <object_component_ref idref="oc-be"/>
            <object_component_ref idref="oc-25"/>
            <object_component_ref idref="oc-13"/>
            <object_component_ref idref="oc-39"/>
            <object_component_ref idref="oc-1a"/>
            <object_component_ref idref="oc-6b"/>
            <object_component_ref idref="oc-2e"/>
            <object_component_ref idref="oc-46"/>
            <object_component_ref idref="oc-52"/>
            <object_component_ref idref="oc-58"/>
            <object_component_ref idref="oc-dc"/>
            <object_component_ref idref="oc-64"/>
            <object_component_ref idref="oc-5e"/>
            <object_component_ref idref="oc-8e"/>
            <object_component_ref idref="oc-95"/>
         </contents>
      </logical_group>
      <logical_group id="lg-116" display="never" color="cyan">
         <name>.debug_pubnames</name>
         <load_address>0x0</load_address>
         <run_address>0x0</run_address>
         <size>0x7f3</size>
         <contents>
            <object_component_ref idref="oc-c5"/>
            <object_component_ref idref="oc-ca"/>
            <object_component_ref idref="oc-9d"/>
            <object_component_ref idref="oc-bf"/>
            <object_component_ref idref="oc-28"/>
            <object_component_ref idref="oc-16"/>
            <object_component_ref idref="oc-3a"/>
            <object_component_ref idref="oc-1b"/>
            <object_component_ref idref="oc-a4"/>
            <object_component_ref idref="oc-6c"/>
            <object_component_ref idref="oc-2f"/>
            <object_component_ref idref="oc-47"/>
            <object_component_ref idref="oc-53"/>
            <object_component_ref idref="oc-59"/>
            <object_component_ref idref="oc-70"/>
            <object_component_ref idref="oc-a7"/>
            <object_component_ref idref="oc-dd"/>
            <object_component_ref idref="oc-65"/>
            <object_component_ref idref="oc-5f"/>
            <object_component_ref idref="oc-8f"/>
            <object_component_ref idref="oc-96"/>
         </contents>
      </logical_group>
      <logical_group id="lg-118" display="never" color="cyan">
         <name>.debug_pubtypes</name>
         <load_address>0x0</load_address>
         <run_address>0x0</run_address>
         <size>0x46a</size>
         <contents>
            <object_component_ref idref="oc-7b"/>
            <object_component_ref idref="oc-cd"/>
            <object_component_ref idref="oc-32"/>
            <object_component_ref idref="oc-74"/>
            <object_component_ref idref="oc-40"/>
            <object_component_ref idref="oc-83"/>
            <object_component_ref idref="oc-aa"/>
            <object_component_ref idref="oc-e3"/>
            <object_component_ref idref="oc-d4"/>
            <object_component_ref idref="oc-b3"/>
            <object_component_ref idref="oc-b8"/>
            <object_component_ref idref="oc-e9"/>
         </contents>
      </logical_group>
      <load_segment id="lg-121" display="no" color="cyan">
         <name>SEGMENT_0</name>
         <load_address>0x0</load_address>
         <run_address>0x0</run_address>
         <size>0x5c8</size>
         <flags>0x5</flags>
         <contents>
            <logical_group_ref idref="lg-4"/>
            <logical_group_ref idref="lg-6"/>
         </contents>
      </load_segment>
      <load_segment id="lg-122" display="no" color="cyan">
         <name>SEGMENT_1</name>
         <run_address>0x20000000</run_address>
         <size>0x1c</size>
         <flags>0x6</flags>
         <contents>
            <logical_group_ref idref="lg-c"/>
         </contents>
      </load_segment>
      <load_segment id="lg-123" display="no" color="cyan">
         <name>SEGMENT_2</name>
         <run_address>0x2000fe00</run_address>
         <size>0x200</size>
         <flags>0x6</flags>
         <contents>
            <logical_group_ref idref="lg-f"/>
         </contents>
      </load_segment>
   </logical_group_list>
   <placement_map>
      <memory_area display="yes" color="green">
         <name>MAIN</name>
         <page_id>0x0</page_id>
         <origin>0x0</origin>
         <length>0x40000</length>
         <used_space>0x5c2</used_space>
         <unused_space>0x3fa3e</unused_space>
         <attributes>RX</attributes>
         <usage_details>
            <allocated_space>
               <start_address>0x0</start_address>
               <size>0x0</size>
               <logical_group_ref idref="lg-9"/>
            </allocated_space>
            <allocated_space>
               <start_address>0x0</start_address>
               <size>0x59a</size>
               <logical_group_ref idref="lg-4"/>
            </allocated_space>
            <available_space>
               <start_address>0x59a</start_address>
               <size>0x6</size>
            </available_space>
            <allocated_space>
               <start_address>0x5a0</start_address>
               <size>0x28</size>
               <logical_group_ref idref="lg-6"/>
            </allocated_space>
            <available_space>
               <start_address>0x5c8</start_address>
               <size>0x3fa38</size>
            </available_space>
         </usage_details>
      </memory_area>
      <memory_area display="yes" color="green">
         <name>INFO</name>
         <page_id>0x0</page_id>
         <origin>0x200000</origin>
         <length>0x4000</length>
         <used_space>0x0</used_space>
         <unused_space>0x4000</unused_space>
         <attributes>RX</attributes>
         <usage_details>
         </usage_details>
      </memory_area>
      <memory_area display="yes" color="green">
         <name>SRAM_CODE</name>
         <page_id>0x0</page_id>
         <origin>0x1000000</origin>
         <length>0x10000</length>
         <used_space>0x21c</used_space>
         <unused_space>0xfde4</unused_space>
         <attributes>RWX</attributes>
         <usage_details>
            <allocated_space>
               <start_address>0x1000000</start_address>
               <size>0x1c</size>
               <logical_group_ref idref="lg-c"/>
            </allocated_space>
            <available_space>
               <start_address>0x100001c</start_address>
               <size>0xfde4</size>
            </available_space>
            <allocated_space>
               <start_address>0x100fe00</start_address>
               <size>0x200</size>
               <logical_group_ref idref="lg-f"/>
            </allocated_space>
         </usage_details>
      </memory_area>
      <memory_area display="yes" color="green">
         <name>SRAM_DATA</name>
         <page_id>0x0</page_id>
         <origin>0x20000000</origin>
         <length>0x10000</length>
         <used_space>0x21c</used_space>
         <unused_space>0xfde4</unused_space>
         <attributes>RW</attributes>
         <usage_details>
            <allocated_space>
               <start_address>0x20000000</start_address>
               <size>0x1c</size>
               <logical_group_ref idref="lg-c"/>
            </allocated_space>
            <available_space>
               <start_address>0x2000001c</start_address>
               <size>0xfde4</size>
            </available_space>
            <allocated_space>
               <start_address>0x2000fe00</start_address>
               <size>0x200</size>
               <logical_group_ref idref="lg-f"/>
            </allocated_space>
         </usage_details>
      </memory_area>
   </placement_map>
   <cptbl_list>
      <cptbl>
         <name>__TI_cinit_table</name>
         <cprec>
            <name>.data</name>
            <load_address>0x5a0</load_address>
            <load_size>0x16</load_size>
            <run_address>0x20000000</run_address>
            <run_size>0x1c</run_size>
            <compression>rle</compression>
         </cprec>
      </cptbl>
   </cptbl_list>
   <handler_table>
      <handler_table_name>__TI_handler_table</handler_table_name>
      <handler>
         <index>0x0</index>
         <name>__TI_decompress_rle24</name>
      </handler>
      <handler>
         <index>0x1</index>
         <name>__TI_decompress_none</name>
      </handler>
   </handler_table>
   <symbol_table>
      <symbol id="sm-1">
         <name>WDTCTL_SYM</name>
         <value>0x4000480c</value>
      </symbol>
      <symbol id="sm-2">
         <name>__TI_CINIT_Base</name>
         <value>0x5c0</value>
      </symbol>
      <symbol id="sm-3">
         <name>__TI_CINIT_Limit</name>
         <value>0x5c8</value>
      </symbol>
      <symbol id="sm-4">
         <name>__TI_Handler_Table_Base</name>
         <value>0x5b8</value>
      </symbol>
      <symbol id="sm-5">
         <name>__TI_Handler_Table_Limit</name>
         <value>0x5c0</value>
      </symbol>
      <symbol id="sm-6">
         <name>binit</name>
         <value>0xffffffff</value>
      </symbol>
      <symbol id="sm-7">
         <name>__binit__</name>
         <value>0xffffffff</value>
      </symbol>
      <symbol id="sm-8">
         <name>__STACK_SIZE</name>
         <value>0x200</value>
      </symbol>
      <symbol id="sm-9">
         <name>__STACK_END</name>
         <value>0x20010000</value>
      </symbol>
      <symbol id="sm-a">
         <name>__c_args__</name>
         <value>0xffffffff</value>
      </symbol>
      <symbol id="sm-b">
         <name>__TI_pprof_out_hndl</name>
         <value>0xffffffff</value>
      </symbol>
      <symbol id="sm-c">
         <name>__TI_prof_data_start</name>
         <value>0xffffffff</value>
      </symbol>
      <symbol id="sm-d">
         <name>__TI_prof_data_size</name>
         <value>0xffffffff</value>
      </symbol>
      <symbol id="sm-4d">
         <name>Profile_Init</name>
         <value>0x1</value>
         <object_component_ref idref="oc-c2"/>
      </symbol>
      <symbol id="sm-4e">
         <name>Profile_Get</name>
         <value>0xa3</value>
         <object_component_ref idref="oc-c2"/>
      </symbol>
      <symbol id="sm-6d">
         <name>SysTick_Handler</name>
         <value>0x173</value>
         <object_component_ref idref="oc-9a"/>
      </symbol>
      <symbol id="sm-6e">
         <name>main</name>
         <value>0x19d</value>
         <object_component_ref idref="oc-9a"/>
      </symbol>
      <symbol id="sm-6f">
         <name>Counts</name>
         <value>0x20000014</value>
         <object_component_ref idref="oc-c8"/>
      </symbol>
      <symbol id="sm-70">
         <name>SysTick_Init</name>
         <value>0x12d</value>
         <object_component_ref idref="oc-9a"/>
      </symbol>
      <symbol id="sm-e7">
         <name>T32_INT2_IRQHandler</name>
         <value>0x2c9</value>
         <object_component_ref idref="oc-bc"/>
      </symbol>
      <symbol id="sm-e8">
         <name>PendSV_Handler</name>
         <value>0x291</value>
         <object_component_ref idref="oc-bc"/>
      </symbol>
      <symbol id="sm-e9">
         <name>EUSCIA3_IRQHandler</name>
         <value>0x2bb</value>
         <object_component_ref idref="oc-bc"/>
      </symbol>
      <symbol id="sm-ea">
         <name>SVC_Handler</name>
         <value>0x28d</value>
         <object_component_ref idref="oc-bc"/>
      </symbol>
      <symbol id="sm-eb">
         <name>EUSCIB1_IRQHandler</name>
         <value>0x2bf</value>
         <object_component_ref idref="oc-bc"/>
      </symbol>
      <symbol id="sm-ec">
         <name>PORT4_IRQHandler</name>
         <value>0x2e1</value>
         <object_component_ref idref="oc-bc"/>
      </symbol>
      <symbol id="sm-ed">
         <name>AES256_IRQHandler</name>
         <value>0x2cd</value>
         <object_component_ref idref="oc-bc"/>
      </symbol>
      <symbol id="sm-ee">
         <name>FPU_IRQHandler</name>
         <value>0x29d</value>
         <object_component_ref idref="oc-bc"/>
      </symbol>
      <symbol id="sm-ef">
         <name>EUSCIB2_IRQHandler</name>
         <value>0x2c1</value>
         <object_component_ref idref="oc-bc"/>
      </symbol>
      <symbol id="sm-f0">
         <name>PORT1_IRQHandler</name>
         <value>0x2db</value>
         <object_component_ref idref="oc-bc"/>
      </symbol>
      <symbol id="sm-f1">
         <name>RTC_C_IRQHandler</name>
         <value>0x2cf</value>
         <object_component_ref idref="oc-bc"/>
      </symbol>
      <symbol id="sm-f2">
         <name>TA2_0_IRQHandler</name>
         <value>0x2ad</value>
         <object_component_ref idref="oc-bc"/>
      </symbol>
      <symbol id="sm-f3">
         <name>TA3_N_IRQHandler</name>
         <value>0x2b3</value>
         <object_component_ref idref="oc-bc"/>
      </symbol>
      <symbol id="sm-f4">
         <name>DMA_INT3_IRQHandler</name>
         <value>0x2d3</value>
         <object_component_ref idref="oc-bc"/>
      </symbol>
      <symbol id="sm-f5">
         <name>PORT2_IRQHandler</name>
         <value>0x2dd</value>
         <object_component_ref idref="oc-bc"/>
      </symbol>
      <symbol id="sm-f6">
         <name>StartCritical</name>
         <value>0x2f3</value>
         <object_component_ref idref="oc-bc"/>
      </symbol>
      <symbol id="sm-f7">
         <name>TA0_0_IRQHandler</name>
         <value>0x2a5</value>
         <object_component_ref idref="oc-bc"/>
      </symbol>
      <symbol id="sm-f8">
         <name>PSS_IRQHandler</name>
         <value>0x295</value>
         <object_component_ref idref="oc-bc"/>
      </symbol>
      <symbol id="sm-f9">
         <name>TA1_N_IRQHandler</name>
         <value>0x2ab</value>
         <object_component_ref idref="oc-bc"/>
      </symbol>
      <symbol id="sm-fa">
         <name>EUSCIA1_IRQHandler</name>
         <value>0x2b7</value>
         <object_component_ref idref="oc-bc"/>
      </symbol>
      <symbol id="sm-fb">
         <name>EUSCIA2_IRQHandler</name>
         <value>0x2b9</value>
         <object_component_ref idref="oc-bc"/>
      </symbol>
      <symbol id="sm-fc">
         <name>COMP_E0_IRQHandler</name>
         <value>0x2a1</value>
         <object_component_ref idref="oc-bc"/>
      </symbol>
      <symbol id="sm-fd">
         <name>WDT_A_IRQHandler</name>
         <value>0x29b</value>
         <object_component_ref idref="oc-bc"/>
      </symbol>
      <symbol id="sm-fe">
         <name>EUSCIB0_IRQHandler</name>
         <value>0x2bd</value>
         <object_component_ref idref="oc-bc"/>
      </symbol>
      <symbol id="sm-ff">
         <name>FLCTL_IRQHandler</name>
         <value>0x29f</value>
         <object_component_ref idref="oc-bc"/>
      </symbol>
      <symbol id="sm-100">
         <name>EndCritical</name>
         <value>0x2fd</value>
         <object_component_ref idref="oc-bc"/>
      </symbol>
      <symbol id="sm-101">
         <name>DMA_INT1_IRQHandler</name>
         <value>0x2d7</value>
         <object_component_ref idref="oc-bc"/>
      </symbol>
      <symbol id="sm-102">
         <name>PCM_IRQHandler</name>
         <value>0x299</value>
         <object_component_ref idref="oc-bc"/>
      </symbol>
      <symbol id="sm-103">
         <name>ADC14_IRQHandler</name>
         <value>0x2c5</value>
         <object_component_ref idref="oc-bc"/>
      </symbol>
      <symbol id="sm-104">
         <name>T32_INTC_IRQHandler</name>
         <value>0x2cb</value>
         <object_component_ref idref="oc-bc"/>
      </symbol>
      <symbol id="sm-105">
         <name>DMA_INT2_IRQHandler</name>
         <value>0x2d5</value>
         <object_component_ref idref="oc-bc"/>
      </symbol>
      <symbol id="sm-106">
         <name>TA3_0_IRQHandler</name>
         <value>0x2b1</value>
         <object_component_ref idref="oc-bc"/>
      </symbol>
      <symbol id="sm-107">
         <name>EUSCIA0_IRQHandler</name>
         <value>0x2b5</value>
         <object_component_ref idref="oc-bc"/>
      </symbol>
      <symbol id="sm-108">
         <name>DMA_ERR_IRQHandler</name>
         <value>0x2d1</value>
         <object_component_ref idref="oc-bc"/>
      </symbol>
      <symbol id="sm-109">
         <name>DisableInterrupts</name>
         <value>0x2e7</value>
         <object_component_ref idref="oc-bc"/>
      </symbol>
      <symbol id="sm-10a">
         <name>PORT5_IRQHandler</name>
         <value>0x2e3</value>
         <object_component_ref idref="oc-bc"/>
      </symbol>
      <symbol id="sm-10b">
         <name>TA1_0_IRQHandler</name>
         <value>0x2a9</value>
         <object_component_ref idref="oc-bc"/>
      </symbol>
      <symbol id="sm-10c">
         <name>TA2_N_IRQHandler</name>
         <value>0x2af</value>
         <object_component_ref idref="oc-bc"/>
      </symbol>
      <symbol id="sm-10d">
         <name>COMP_E1_IRQHandler</name>
         <value>0x2a3</value>
         <object_component_ref idref="oc-bc"/>
      </symbol>
      <symbol id="sm-10e">
         <name>EUSCIB3_IRQHandler</name>
         <value>0x2c3</value>
         <object_component_ref idref="oc-bc"/>
      </symbol>
      <symbol id="sm-10f">
         <name>WaitForInterrupt</name>
         <value>0x305</value>
         <object_component_ref idref="oc-bc"/>
      </symbol>
      <symbol id="sm-110">
         <name>EnableInterrupts</name>
         <value>0x2ed</value>
         <object_component_ref idref="oc-bc"/>
      </symbol>
      <symbol id="sm-111">
         <name>PORT6_IRQHandler</name>
         <value>0x2e5</value>
         <object_component_ref idref="oc-bc"/>
      </symbol>
      <symbol id="sm-112">
         <name>TA0_N_IRQHandler</name>
         <value>0x2a7</value>
         <object_component_ref idref="oc-bc"/>
      </symbol>
      <symbol id="sm-113">
         <name>T32_INT1_IRQHandler</name>
         <value>0x2c7</value>
         <object_component_ref idref="oc-bc"/>
      </symbol>
      <symbol id="sm-114">
         <name>DebugMon_Handler</name>
         <value>0x28f</value>
         <object_component_ref idref="oc-bc"/>
      </symbol>
      <symbol id="sm-115">
         <name>DMA_INT0_IRQHandler</name>
         <value>0x2d9</value>
         <object_component_ref idref="oc-bc"/>
      </symbol>
      <symbol id="sm-116">
         <name>PORT3_IRQHandler</name>
         <value>0x2df</value>
         <object_component_ref idref="oc-bc"/>
      </symbol>
      <symbol id="sm-117">
         <name>CS_IRQHandler</name>
         <value>0x297</value>
         <object_component_ref idref="oc-bc"/>
      </symbol>
      <symbol id="sm-128">
         <name>_c_int00</name>
         <value>0x461</value>
         <object_component_ref idref="oc-24"/>
      </symbol>
      <symbol id="sm-129">
         <name>__stack</name>
         <value>0x2000fe00</value>
         <object_component_ref idref="oc-2a"/>
      </symbol>
      <symbol id="sm-140">
         <name>__TI_decompress_none</name>
         <value>0x581</value>
         <object_component_ref idref="oc-12"/>
      </symbol>
      <symbol id="sm-168">
         <name>__TI_decompress_rle24</name>
         <value>0x58f</value>
         <object_component_ref idref="oc-18"/>
      </symbol>
      <symbol id="sm-18a">
         <name>C$$EXIT</name>
         <value>0x4b5</value>
         <object_component_ref idref="oc-68"/>
      </symbol>
      <symbol id="sm-18b">
         <name>abort</name>
         <value>0x4b9</value>
         <object_component_ref idref="oc-68"/>
      </symbol>
      <symbol id="sm-18c">
         <name>exit</name>
         <value>0x4c1</value>
         <object_component_ref idref="oc-68"/>
      </symbol>
      <symbol id="sm-18d">
         <name>__TI_dtors_ptr</name>
         <value>0x20000004</value>
         <object_component_ref idref="oc-a2"/>
      </symbol>
      <symbol id="sm-18e">
         <name>__TI_cleanup_ptr</name>
         <value>0x20000000</value>
         <object_component_ref idref="oc-a2"/>
      </symbol>
      <symbol id="sm-18f">
         <name>__TI_enable_exit_profile_output</name>
         <value>0x20000008</value>
         <object_component_ref idref="oc-a2"/>
      </symbol>
      <symbol id="sm-1aa">
         <name>memcpy</name>
         <value>0x1d5</value>
         <object_component_ref idref="oc-2b"/>
      </symbol>
      <symbol id="sm-1ab">
         <name>__aeabi_memcpy</name>
         <value>0x1d5</value>
         <object_component_ref idref="oc-2b"/>
      </symbol>
      <symbol id="sm-1ac">
         <name>__aeabi_memcpy8</name>
         <value>0x1d5</value>
         <object_component_ref idref="oc-2b"/>
      </symbol>
      <symbol id="sm-1ad">
         <name>__aeabi_memcpy4</name>
         <value>0x1d5</value>
         <object_component_ref idref="oc-2b"/>
      </symbol>
      <symbol id="sm-1bc">
         <name>__aeabi_memset</name>
         <value>0x30d</value>
         <object_component_ref idref="oc-44"/>
      </symbol>
      <symbol id="sm-1bd">
         <name>memset</name>
         <value>0x313</value>
         <object_component_ref idref="oc-44"/>
      </symbol>
      <symbol id="sm-1be">
         <name>__aeabi_memset8</name>
         <value>0x30d</value>
         <object_component_ref idref="oc-44"/>
      </symbol>
      <symbol id="sm-1bf">
         <name>__aeabi_memset4</name>
         <value>0x30d</value>
         <object_component_ref idref="oc-44"/>
      </symbol>
      <symbol id="sm-1c0">
         <name>__aeabi_memclr8</name>
         <value>0x30b</value>
         <object_component_ref idref="oc-44"/>
      </symbol>
      <symbol id="sm-1c1">
         <name>__aeabi_memclr4</name>
         <value>0x30b</value>
         <object_component_ref idref="oc-44"/>
      </symbol>
      <symbol id="sm-1c2">
         <name>__aeabi_memclr</name>
         <value>0x30b</value>
         <object_component_ref idref="oc-44"/>
      </symbol>
      <symbol id="sm-1cc">
         <name>__mpu_init</name>
         <value>0x45f</value>
         <object_component_ref idref="oc-50"/>
      </symbol>
      <symbol id="sm-1d6">
         <name>_system_pre_init</name>
         <value>0x595</value>
         <object_component_ref idref="oc-56"/>
      </symbol>
      <symbol id="sm-1de">
         <name>main_func_sp</name>
         <value>0x20000018</value>
         <object_component_ref idref="oc-6e"/>
      </symbol>
      <symbol id="sm-1f7">
         <name>_nop</name>
         <value>0x57b</value>
         <object_component_ref idref="oc-da"/>
      </symbol>
      <symbol id="sm-1f8">
         <name>_lock</name>
         <value>0x2000000c</value>
         <object_component_ref idref="oc-a5"/>
      </symbol>
      <symbol id="sm-1f9">
         <name>_unlock</name>
         <value>0x20000010</value>
         <object_component_ref idref="oc-a5"/>
      </symbol>
      <symbol id="sm-1fa">
         <name>_register_lock</name>
         <value>0x573</value>
         <object_component_ref idref="oc-da"/>
      </symbol>
      <symbol id="sm-1fb">
         <name>_register_unlock</name>
         <value>0x56d</value>
         <object_component_ref idref="oc-da"/>
      </symbol>
      <symbol id="sm-20f">
         <name>_args_main</name>
         <value>0x555</value>
         <object_component_ref idref="oc-62"/>
      </symbol>
      <symbol id="sm-234">
         <name>__TI_auto_init</name>
         <value>0x385</value>
         <object_component_ref idref="oc-5c"/>
      </symbol>
      <symbol id="sm-24e">
         <name>copy_in</name>
         <value>0x509</value>
         <object_component_ref idref="oc-8c"/>
      </symbol>
      <symbol id="sm-258">
         <name>_system_post_cinit</name>
         <value>0x599</value>
         <object_component_ref idref="oc-92"/>
      </symbol>
      <symbol id="sm-259">
         <name>__TI_static_base__</name>
         <value>0x0</value>
      </symbol>
      <symbol id="sm-25c">
         <name>SHT$$INIT_ARRAY$$Limit</name>
         <value>0x0</value>
      </symbol>
      <symbol id="sm-25d">
         <name>SHT$$INIT_ARRAY$$Base</name>
         <value>0x0</value>
      </symbol>
   </symbol_table>
   <title>Link successful</title>
</link_info>
