******************************************************************************
                  TI ARM Linker PC v15.12.1                    
******************************************************************************
>> Linked Mon Jun 13 22:20:36 2016

OUTPUT FILE NAME:   <SysTickInts_MSP432.out>
ENTRY POINT SYMBOL: "_c_int00"  address: 00000461


MEMORY CONFIGURATION

         name            origin    length      used     unused   attr    fill
----------------------  --------  ---------  --------  --------  ----  --------
  MAIN                  00000000   00040000  000005c2  0003fa3e  R  X
  INFO                  00200000   00004000  00000000  00004000  R  X
  SRAM_CODE             01000000   00010000  0000021c  0000fde4  RW X
  SRAM_DATA             20000000   00010000  0000021c  0000fde4  RW  


SEGMENT ALLOCATION MAP

run origin  load origin   length   init length attrs members
----------  ----------- ---------- ----------- ----- -------
00000000    00000000    000005c8   000005c8    r-x
  00000000    00000000    0000059a   0000059a    r-x .text
  000005a0    000005a0    00000028   00000028    r-- .cinit
20000000    20000000    0000001c   00000000    rw-
  20000000    20000000    0000001c   00000000    rw- .data
2000fe00    2000fe00    00000200   00000000    rw-
  2000fe00    2000fe00    00000200   00000000    rw- .stack


SECTION ALLOCATION MAP

 output                                  attributes/
section   page    origin      length       input sections
--------  ----  ----------  ----------   ----------------
.text      0    00000000    0000059a     
                  00000000    0000012c     Profile.obj (.text)
                  0000012c    000000a8     SysTickInts.obj (.text)
                  000001d4    0000009c     rtsv7M4_T_le_v4SPD16_eabi.lib : memcpy_t2.obj (.text)
                  00000270    0000009a     msp432_startup_ccs.obj (.text)
                  0000030a    0000007a     rtsv7M4_T_le_v4SPD16_eabi.lib : memset_t2.obj (.text)
                  00000384    00000070                                   : autoinit.obj (.text)
                  000003f4    0000006a                                   : copy_decompress_rle.obj (.text)
                  0000045e    00000002                                   : mpu_init.obj (.text)
                  00000460    00000054                                   : boot.obj (.text)
                  000004b4    00000054                                   : exit.obj (.text)
                  00000508    0000004c                                   : cpy_tbl.obj (.text)
                  00000554    00000018                                   : args_main.obj (.text)
                  0000056c    00000014                                   : _lock.obj (.text)
                  00000580    0000000e                                   : copy_decompress_none.obj (.text:decompress:none)
                  0000058e    00000006                                   : copy_decompress_rle.obj (.text:decompress:rle24)
                  00000594    00000004                                   : pre_init.obj (.text)
                  00000598    00000002                                   : startup.obj (.text)

.binit     0    00000000    00000000     

.cinit     0    000005a0    00000028     
                  000005a0    00000016     (.cinit..data.load) [load image, compression = rle]
                  000005b6    00000002     --HOLE-- [fill = 0]
                  000005b8    00000008     (__TI_handler_table)
                  000005c0    00000008     (__TI_cinit_table)

.init_array 
*          0    00000000    00000000     UNINITIALIZED

.data      0    20000000    0000001c     UNINITIALIZED
                  20000000    0000000c     rtsv7M4_T_le_v4SPD16_eabi.lib : exit.obj (.data:$O1$$)
                  2000000c    00000008                                   : _lock.obj (.data:$O1$$)
                  20000014    00000004     SysTickInts.obj (.data)
                  20000018    00000004     rtsv7M4_T_le_v4SPD16_eabi.lib : stkdepth_vars.obj (.data)

.stack     0    2000fe00    00000200     UNINITIALIZED
                  2000fe00    00000200     --HOLE--

MODULE SUMMARY

       Module                     code   ro data   rw data
       ------                     ----   -------   -------
    .\
       Profile.obj                300    0         0      
       SysTickInts.obj            168    0         8      
       msp432_startup_ccs.obj     154    0         0      
    +--+--------------------------+------+---------+---------+
       Total:                     622    0         8      
                                                          
    C:\ti\ccs613\ccsv6\tools\compiler\ti-cgt-arm_15.12.1.LTS\lib\rtsv7M4_T_le_v4SPD16_eabi.lib
       memcpy_t2.obj              156    0         0      
       memset_t2.obj              122    0         0      
       autoinit.obj               112    0         0      
       copy_decompress_rle.obj    112    0         0      
       exit.obj                   84     0         24     
       boot.obj                   84     0         0      
       cpy_tbl.obj                76     0         0      
       _lock.obj                  20     0         16     
       args_main.obj              24     0         0      
       copy_decompress_none.obj   14     0         0      
       stkdepth_vars.obj          0      0         8      
       pre_init.obj               4      0         0      
       mpu_init.obj               2      0         0      
       startup.obj                2      0         0      
    +--+--------------------------+------+---------+---------+
       Total:                     812    0         48     
                                                          
       Stack:                     0      0         1024   
       Linker Generated:          0      38        0      
    +--+--------------------------+------+---------+---------+
       Grand Total:               1434   38        1080   


LINKER GENERATED COPY TABLES

__TI_cinit_table @ 000005c0 records: 1, size/record: 8, table size: 8
	.data: load addr=000005a0, load size=00000016 bytes, run addr=20000000, run size=0000001c bytes, compression=rle


LINKER GENERATED HANDLER TABLE

__TI_handler_table @ 000005b8 records: 2, size/record: 4, table size: 8
	index: 0, handler: __TI_decompress_rle24
	index: 1, handler: __TI_decompress_none


GLOBAL SYMBOLS: SORTED ALPHABETICALLY BY Name 

address   name                           
-------   ----                           
000002c5  ADC14_IRQHandler               
000002cd  AES256_IRQHandler              
000004b5  C$$EXIT                        
000002a1  COMP_E0_IRQHandler             
000002a3  COMP_E1_IRQHandler             
00000297  CS_IRQHandler                  
20000014  Counts                         
000002d1  DMA_ERR_IRQHandler             
000002d9  DMA_INT0_IRQHandler            
000002d7  DMA_INT1_IRQHandler            
000002d5  DMA_INT2_IRQHandler            
000002d3  DMA_INT3_IRQHandler            
0000028f  DebugMon_Handler               
000002e7  DisableInterrupts              
000002b5  EUSCIA0_IRQHandler             
000002b7  EUSCIA1_IRQHandler             
000002b9  EUSCIA2_IRQHandler             
000002bb  EUSCIA3_IRQHandler             
000002bd  EUSCIB0_IRQHandler             
000002bf  EUSCIB1_IRQHandler             
000002c1  EUSCIB2_IRQHandler             
000002c3  EUSCIB3_IRQHandler             
000002ed  EnableInterrupts               
000002fd  EndCritical                    
0000029f  FLCTL_IRQHandler               
0000029d  FPU_IRQHandler                 
00000299  PCM_IRQHandler                 
000002db  PORT1_IRQHandler               
000002dd  PORT2_IRQHandler               
000002df  PORT3_IRQHandler               
000002e1  PORT4_IRQHandler               
000002e3  PORT5_IRQHandler               
000002e5  PORT6_IRQHandler               
00000295  PSS_IRQHandler                 
00000291  PendSV_Handler                 
000000a3  Profile_Get                    
00000001  Profile_Init                   
000002cf  RTC_C_IRQHandler               
UNDEFED   SHT$$INIT_ARRAY$$Base          
UNDEFED   SHT$$INIT_ARRAY$$Limit         
0000028d  SVC_Handler                    
000002f3  StartCritical                  
00000173  SysTick_Handler                
0000012d  SysTick_Init                   
000002c7  T32_INT1_IRQHandler            
000002c9  T32_INT2_IRQHandler            
000002cb  T32_INTC_IRQHandler            
000002a5  TA0_0_IRQHandler               
000002a7  TA0_N_IRQHandler               
000002a9  TA1_0_IRQHandler               
000002ab  TA1_N_IRQHandler               
000002ad  TA2_0_IRQHandler               
000002af  TA2_N_IRQHandler               
000002b1  TA3_0_IRQHandler               
000002b3  TA3_N_IRQHandler               
4000480c  WDTCTL_SYM                     
0000029b  WDT_A_IRQHandler               
00000305  WaitForInterrupt               
20010000  __STACK_END                    
00000200  __STACK_SIZE                   
000005c0  __TI_CINIT_Base                
000005c8  __TI_CINIT_Limit               
000005b8  __TI_Handler_Table_Base        
000005c0  __TI_Handler_Table_Limit       
00000385  __TI_auto_init                 
20000000  __TI_cleanup_ptr               
00000581  __TI_decompress_none           
0000058f  __TI_decompress_rle24          
20000004  __TI_dtors_ptr                 
20000008  __TI_enable_exit_profile_output
ffffffff  __TI_pprof_out_hndl            
ffffffff  __TI_prof_data_size            
ffffffff  __TI_prof_data_start           
00000000  __TI_static_base__             
0000030b  __aeabi_memclr                 
0000030b  __aeabi_memclr4                
0000030b  __aeabi_memclr8                
000001d5  __aeabi_memcpy                 
000001d5  __aeabi_memcpy4                
000001d5  __aeabi_memcpy8                
0000030d  __aeabi_memset                 
0000030d  __aeabi_memset4                
0000030d  __aeabi_memset8                
ffffffff  __binit__                      
ffffffff  __c_args__                     
0000045f  __mpu_init                     
2000fe00  __stack                        
00000555  _args_main                     
00000461  _c_int00                       
2000000c  _lock                          
0000057b  _nop                           
00000573  _register_lock                 
0000056d  _register_unlock               
00000599  _system_post_cinit             
00000595  _system_pre_init               
20000010  _unlock                        
000004b9  abort                          
ffffffff  binit                          
00000509  copy_in                        
000004c1  exit                           
0000019d  main                           
20000018  main_func_sp                   
000001d5  memcpy                         
00000313  memset                         


GLOBAL SYMBOLS: SORTED BY Symbol Address 

address   name                           
-------   ----                           
00000000  __TI_static_base__             
00000001  Profile_Init                   
000000a3  Profile_Get                    
0000012d  SysTick_Init                   
00000173  SysTick_Handler                
0000019d  main                           
000001d5  __aeabi_memcpy                 
000001d5  __aeabi_memcpy4                
000001d5  __aeabi_memcpy8                
000001d5  memcpy                         
00000200  __STACK_SIZE                   
0000028d  SVC_Handler                    
0000028f  DebugMon_Handler               
00000291  PendSV_Handler                 
00000295  PSS_IRQHandler                 
00000297  CS_IRQHandler                  
00000299  PCM_IRQHandler                 
0000029b  WDT_A_IRQHandler               
0000029d  FPU_IRQHandler                 
0000029f  FLCTL_IRQHandler               
000002a1  COMP_E0_IRQHandler             
000002a3  COMP_E1_IRQHandler             
000002a5  TA0_0_IRQHandler               
000002a7  TA0_N_IRQHandler               
000002a9  TA1_0_IRQHandler               
000002ab  TA1_N_IRQHandler               
000002ad  TA2_0_IRQHandler               
000002af  TA2_N_IRQHandler               
000002b1  TA3_0_IRQHandler               
000002b3  TA3_N_IRQHandler               
000002b5  EUSCIA0_IRQHandler             
000002b7  EUSCIA1_IRQHandler             
000002b9  EUSCIA2_IRQHandler             
000002bb  EUSCIA3_IRQHandler             
000002bd  EUSCIB0_IRQHandler             
000002bf  EUSCIB1_IRQHandler             
000002c1  EUSCIB2_IRQHandler             
000002c3  EUSCIB3_IRQHandler             
000002c5  ADC14_IRQHandler               
000002c7  T32_INT1_IRQHandler            
000002c9  T32_INT2_IRQHandler            
000002cb  T32_INTC_IRQHandler            
000002cd  AES256_IRQHandler              
000002cf  RTC_C_IRQHandler               
000002d1  DMA_ERR_IRQHandler             
000002d3  DMA_INT3_IRQHandler            
000002d5  DMA_INT2_IRQHandler            
000002d7  DMA_INT1_IRQHandler            
000002d9  DMA_INT0_IRQHandler            
000002db  PORT1_IRQHandler               
000002dd  PORT2_IRQHandler               
000002df  PORT3_IRQHandler               
000002e1  PORT4_IRQHandler               
000002e3  PORT5_IRQHandler               
000002e5  PORT6_IRQHandler               
000002e7  DisableInterrupts              
000002ed  EnableInterrupts               
000002f3  StartCritical                  
000002fd  EndCritical                    
00000305  WaitForInterrupt               
0000030b  __aeabi_memclr                 
0000030b  __aeabi_memclr4                
0000030b  __aeabi_memclr8                
0000030d  __aeabi_memset                 
0000030d  __aeabi_memset4                
0000030d  __aeabi_memset8                
00000313  memset                         
00000385  __TI_auto_init                 
0000045f  __mpu_init                     
00000461  _c_int00                       
000004b5  C$$EXIT                        
000004b9  abort                          
000004c1  exit                           
00000509  copy_in                        
00000555  _args_main                     
0000056d  _register_unlock               
00000573  _register_lock                 
0000057b  _nop                           
00000581  __TI_decompress_none           
0000058f  __TI_decompress_rle24          
00000595  _system_pre_init               
00000599  _system_post_cinit             
000005b8  __TI_Handler_Table_Base        
000005c0  __TI_CINIT_Base                
000005c0  __TI_Handler_Table_Limit       
000005c8  __TI_CINIT_Limit               
20000000  __TI_cleanup_ptr               
20000004  __TI_dtors_ptr                 
20000008  __TI_enable_exit_profile_output
2000000c  _lock                          
20000010  _unlock                        
20000014  Counts                         
20000018  main_func_sp                   
2000fe00  __stack                        
20010000  __STACK_END                    
4000480c  WDTCTL_SYM                     
ffffffff  __TI_pprof_out_hndl            
ffffffff  __TI_prof_data_size            
ffffffff  __TI_prof_data_start           
ffffffff  __binit__                      
ffffffff  __c_args__                     
ffffffff  binit                          
UNDEFED   SHT$$INIT_ARRAY$$Base          
UNDEFED   SHT$$INIT_ARRAY$$Limit         

[104 symbols]
