Component: ARM Compiler 5.06 update 5 (build 528) Tool: armlink [4d35e2]

==============================================================================

Section Cross References

    lab2.o(i.Task0) refers to texas.o(i.TExaS_Task0) for TExaS_Task0
    lab2.o(i.Task0) refers to cortexm.o(.emb_text) for StartCritical
    lab2.o(i.Task0) refers to bsp.o(i.BSP_Microphone_Input) for BSP_Microphone_Input
    lab2.o(i.Task0) refers to os.o(i.OS_Signal) for OS_Signal
    lab2.o(i.Task0) refers to lab2.o(.data) for SoundData
    lab2.o(i.Task0) refers to lab2.o(.bss) for SoundArray
    lab2.o(i.Task0_Init) refers to bsp.o(i.BSP_Microphone_Init) for BSP_Microphone_Init
    lab2.o(i.Task1) refers to texas.o(i.TExaS_Task1) for TExaS_Task1
    lab2.o(i.Task1) refers to cortexm.o(.emb_text) for StartCritical
    lab2.o(i.Task1) refers to bsp.o(i.BSP_Accelerometer_Input) for BSP_Accelerometer_Input
    lab2.o(i.Task1) refers to os.o(i.OS_MailBox_Send) for OS_MailBox_Send
    lab2.o(i.Task1) refers to lab2.o(.data) for AccZ
    lab2.o(i.Task1_Init) refers to bsp.o(i.BSP_Accelerometer_Init) for BSP_Accelerometer_Init
    lab2.o(i.Task1_Init) refers to bsp.o(i.BSP_Accelerometer_Input) for BSP_Accelerometer_Input
    lab2.o(i.Task1_Init) refers to lab2.o(i.sqrt32) for sqrt32
    lab2.o(i.Task1_Init) refers to lab2.o(.data) for AccZ
    lab2.o(i.Task2) refers to lab2.o(i.drawaxes) for drawaxes
    lab2.o(i.Task2) refers to os.o(i.OS_MailBox_Recv) for OS_MailBox_Recv
    lab2.o(i.Task2) refers to texas.o(i.TExaS_Task2) for TExaS_Task2
    lab2.o(i.Task2) refers to lab2.o(i.sqrt32) for sqrt32
    lab2.o(i.Task2) refers to os.o(i.OS_Wait) for OS_Wait
    lab2.o(i.Task2) refers to bsp.o(i.BSP_LCD_PlotPoint) for BSP_LCD_PlotPoint
    lab2.o(i.Task2) refers to bsp.o(i.BSP_LCD_PlotIncrement) for BSP_LCD_PlotIncrement
    lab2.o(i.Task2) refers to os.o(i.OS_Signal) for OS_Signal
    lab2.o(i.Task2) refers to bsp.o(i.BSP_RGB_Set) for BSP_RGB_Set
    lab2.o(i.Task2) refers to lab2.o(.data) for Magnitude
    lab2.o(i.Task3) refers to bsp.o(i.BSP_Button1_Init) for BSP_Button1_Init
    lab2.o(i.Task3) refers to bsp.o(i.BSP_Button2_Init) for BSP_Button2_Init
    lab2.o(i.Task3) refers to bsp.o(i.BSP_Buzzer_Init) for BSP_Buzzer_Init
    lab2.o(i.Task3) refers to bsp.o(i.BSP_RGB_Init) for BSP_RGB_Init
    lab2.o(i.Task3) refers to texas.o(i.TExaS_Task3) for TExaS_Task3
    lab2.o(i.Task3) refers to bsp.o(i.BSP_Buzzer_Set) for BSP_Buzzer_Set
    lab2.o(i.Task3) refers to bsp.o(i.BSP_Button1_Input) for BSP_Button1_Input
    lab2.o(i.Task3) refers to bsp.o(i.BSP_Button2_Input) for BSP_Button2_Input
    lab2.o(i.Task3) refers to bsp.o(i.BSP_Delay1ms) for BSP_Delay1ms
    lab2.o(i.Task3) refers to lab2.o(.data) for prev1
    lab2.o(i.Task4) refers to bsp.o(i.BSP_TempSensor_Init) for BSP_TempSensor_Init
    lab2.o(i.Task4) refers to texas.o(i.TExaS_Task4) for TExaS_Task4
    lab2.o(i.Task4) refers to bsp.o(i.BSP_TempSensor_Start) for BSP_TempSensor_Start
    lab2.o(i.Task4) refers to bsp.o(i.BSP_TempSensor_End) for BSP_TempSensor_End
    lab2.o(i.Task4) refers to lab2.o(.data) for TemperatureData
    lab2.o(i.Task5) refers to os.o(i.OS_Wait) for OS_Wait
    lab2.o(i.Task5) refers to bsp.o(i.BSP_LCD_DrawString) for BSP_LCD_DrawString
    lab2.o(i.Task5) refers to os.o(i.OS_Signal) for OS_Signal
    lab2.o(i.Task5) refers to texas.o(i.TExaS_Task5) for TExaS_Task5
    lab2.o(i.Task5) refers to lab2.o(i.sqrt32) for sqrt32
    lab2.o(i.Task5) refers to bsp.o(i.BSP_LCD_SetCursor) for BSP_LCD_SetCursor
    lab2.o(i.Task5) refers to bsp.o(i.BSP_LCD_OutUDec4) for BSP_LCD_OutUDec4
    lab2.o(i.Task5) refers to bsp.o(i.BSP_LCD_OutUFix2_1) for BSP_LCD_OutUFix2_1
    lab2.o(i.Task5) refers to lab2.o(.data) for LCDmutex
    lab2.o(i.Task5) refers to lab2.o(.bss) for SoundArray
    lab2.o(i.drawaxes) refers to os.o(i.OS_Wait) for OS_Wait
    lab2.o(i.drawaxes) refers to bsp.o(i.BSP_LCD_Drawaxes) for BSP_LCD_Drawaxes
    lab2.o(i.drawaxes) refers to os.o(i.OS_Signal) for OS_Signal
    lab2.o(i.drawaxes) refers to lab2.o(.data) for LCDmutex
    lab2.o(i.main) refers to os.o(i.OS_MailBox_Init) for OS_MailBox_Init
    lab2.o(i.main) refers to os.o(i.OS_MailBox_Send) for OS_MailBox_Send
    lab2.o(i.main) refers to os.o(i.OS_MailBox_Recv) for OS_MailBox_Recv
    lab2.o(i.main) refers to lab2.o(.data) for Out
    lab2.o(i.main_step1) refers to os.o(i.OS_InitSemaphore) for OS_InitSemaphore
    lab2.o(i.main_step1) refers to os.o(i.OS_Wait) for OS_Wait
    lab2.o(i.main_step1) refers to os.o(i.OS_Signal) for OS_Signal
    lab2.o(i.main_step1) refers to lab2.o(.data) for s1
    lab2.o(i.main_step3) refers to os.o(i.OS_Init) for OS_Init
    lab2.o(i.main_step3) refers to profile.o(i.Profile_Init) for Profile_Init
    lab2.o(i.main_step3) refers to lab2.o(i.Task0_Init) for Task0_Init
    lab2.o(i.main_step3) refers to lab2.o(i.Task1_Init) for Task1_Init
    lab2.o(i.main_step3) refers to bsp.o(i.BSP_LCD_Init) for BSP_LCD_Init
[...]
    bsp.o(i.BSP_LCD_DrawFastVLine) refers to bsp.o(i.setAddrWindow) for setAddrWindow
    bsp.o(i.BSP_LCD_DrawFastVLine) refers to bsp.o(i.writedata) for writedata
    bsp.o(i.BSP_LCD_DrawFastVLine) refers to bsp.o(.data) for _width
    bsp.o(i.BSP_LCD_DrawPixel) refers to bsp.o(i.setAddrWindow) for setAddrWindow
    bsp.o(i.BSP_LCD_DrawPixel) refers to bsp.o(i.pushColor) for pushColor
    bsp.o(i.BSP_LCD_DrawPixel) refers to bsp.o(.data) for _width
    bsp.o(i.BSP_LCD_DrawString) refers to bsp.o(i.BSP_LCD_DrawChar) for BSP_LCD_DrawChar
    bsp.o(i.BSP_LCD_Drawaxes) refers to bsp.o(i.BSP_LCD_FillRect) for BSP_LCD_FillRect
    bsp.o(i.BSP_LCD_Drawaxes) refers to bsp.o(i.BSP_LCD_DrawFastHLine) for BSP_LCD_DrawFastHLine
    bsp.o(i.BSP_LCD_Drawaxes) refers to bsp.o(i.BSP_LCD_DrawFastVLine) for BSP_LCD_DrawFastVLine
    bsp.o(i.BSP_LCD_Drawaxes) refers to bsp.o(i.BSP_LCD_DrawPixel) for BSP_LCD_DrawPixel
    bsp.o(i.BSP_LCD_Drawaxes) refers to bsp.o(i.BSP_LCD_DrawChar) for BSP_LCD_DrawChar
    bsp.o(i.BSP_LCD_Drawaxes) refers to bsp.o(.data) for Ymax
    bsp.o(i.BSP_LCD_FillRect) refers to bsp.o(i.setAddrWindow) for setAddrWindow
    bsp.o(i.BSP_LCD_FillRect) refers to bsp.o(i.writedata) for writedata
    bsp.o(i.BSP_LCD_FillRect) refers to bsp.o(.data) for _width
    bsp.o(i.BSP_LCD_FillScreen) refers to bsp.o(i.BSP_LCD_FillRect) for BSP_LCD_FillRect
    bsp.o(i.BSP_LCD_FillScreen) refers to bsp.o(.data) for _height
    bsp.o(i.BSP_LCD_Init) refers to bsp.o(i.ST7735_InitR) for ST7735_InitR
    bsp.o(i.BSP_LCD_OutUDec) refers to bsp.o(i.fillmessage) for fillmessage
    bsp.o(i.BSP_LCD_OutUDec) refers to bsp.o(i.BSP_LCD_DrawString) for BSP_LCD_DrawString
    bsp.o(i.BSP_LCD_OutUDec) refers to bsp.o(i.BSP_LCD_DrawChar) for BSP_LCD_DrawChar
    bsp.o(i.BSP_LCD_OutUDec) refers to bsp.o(.data) for StTextColor
    bsp.o(i.BSP_LCD_OutUDec) refers to bsp.o(.bss) for Message
    bsp.o(i.BSP_LCD_OutUDec4) refers to bsp.o(i.fillmessage4) for fillmessage4
    bsp.o(i.BSP_LCD_OutUDec4) refers to bsp.o(i.BSP_LCD_DrawString) for BSP_LCD_DrawString
    bsp.o(i.BSP_LCD_OutUDec4) refers to bsp.o(i.BSP_LCD_DrawChar) for BSP_LCD_DrawChar
    bsp.o(i.BSP_LCD_OutUDec4) refers to bsp.o(.data) for Messageindex
    bsp.o(i.BSP_LCD_OutUDec4) refers to bsp.o(.bss) for Message
    bsp.o(i.BSP_LCD_OutUDec5) refers to bsp.o(i.fillmessage5) for fillmessage5
    bsp.o(i.BSP_LCD_OutUDec5) refers to bsp.o(i.BSP_LCD_DrawString) for BSP_LCD_DrawString
    bsp.o(i.BSP_LCD_OutUDec5) refers to bsp.o(i.BSP_LCD_DrawChar) for BSP_LCD_DrawChar
    bsp.o(i.BSP_LCD_OutUDec5) refers to bsp.o(.data) for Messageindex
    bsp.o(i.BSP_LCD_OutUDec5) refers to bsp.o(.bss) for Message
    bsp.o(i.BSP_LCD_OutUFix2_1) refers to bsp.o(i.fillmessage2_1) for fillmessage2_1
    bsp.o(i.BSP_LCD_OutUFix2_1) refers to bsp.o(i.BSP_LCD_DrawString) for BSP_LCD_DrawString
    bsp.o(i.BSP_LCD_OutUFix2_1) refers to bsp.o(i.BSP_LCD_DrawChar) for BSP_LCD_DrawChar
    bsp.o(i.BSP_LCD_OutUFix2_1) refers to bsp.o(.data) for StY
    bsp.o(i.BSP_LCD_OutUFix2_1) refers to bsp.o(.bss) for Message
    bsp.o(i.BSP_LCD_OutUHex2) refers to bsp.o(i.fillmessage2_Hex) for fillmessage2_Hex
    bsp.o(i.BSP_LCD_OutUHex2) refers to bsp.o(i.BSP_LCD_DrawString) for BSP_LCD_DrawString
    bsp.o(i.BSP_LCD_OutUHex2) refers to bsp.o(i.BSP_LCD_DrawChar) for BSP_LCD_DrawChar
    bsp.o(i.BSP_LCD_OutUHex2) refers to bsp.o(.data) for StY
    bsp.o(i.BSP_LCD_OutUHex2) refers to bsp.o(.bss) for Message
    bsp.o(i.BSP_LCD_PlotIncrement) refers to bsp.o(i.BSP_LCD_DrawFastVLine) for BSP_LCD_DrawFastVLine
    bsp.o(i.BSP_LCD_PlotIncrement) refers to bsp.o(.data) for TimeIndex
    bsp.o(i.BSP_LCD_PlotPoint) refers to bsp.o(i.BSP_LCD_DrawPixel) for BSP_LCD_DrawPixel
    bsp.o(i.BSP_LCD_PlotPoint) refers to bsp.o(.data) for Ymin
    bsp.o(i.BSP_LCD_SetCursor) refers to bsp.o(.data) for StX
    bsp.o(i.BSP_LightSensor_End) refers to bsp.o(i.lightsensorstart) for lightsensorstart
    bsp.o(i.BSP_LightSensor_End) refers to bsp.o(i.lightsensorend) for lightsensorend
    bsp.o(i.BSP_LightSensor_End) refers to bsp.o(.data) for LightBusy
    bsp.o(i.BSP_LightSensor_Init) refers to bsp.o(i.i2cinit) for i2cinit
    bsp.o(i.BSP_LightSensor_Input) refers to bsp.o(i.lightsensorstart) for lightsensorstart
    bsp.o(i.BSP_LightSensor_Input) refers to bsp.o(i.lightsensorend) for lightsensorend
    bsp.o(i.BSP_LightSensor_Input) refers to bsp.o(.data) for LightBusy
    bsp.o(i.BSP_LightSensor_Start) refers to bsp.o(i.lightsensorstart) for lightsensorstart
    bsp.o(i.BSP_LightSensor_Start) refers to bsp.o(.data) for LightBusy
    bsp.o(i.BSP_Microphone_Init) refers to bsp.o(i.adcinit) for adcinit
    bsp.o(i.BSP_PeriodicTask_Init) refers to cortexm.o(.emb_text) for StartCritical
    bsp.o(i.BSP_PeriodicTask_Init) refers to bsp.o(i.BSP_Clock_GetFreq) for BSP_Clock_GetFreq
    bsp.o(i.BSP_PeriodicTask_Init) refers to bsp.o(.data) for PeriodicTask
    bsp.o(i.BSP_PeriodicTask_InitB) refers to cortexm.o(.emb_text) for StartCritical
    bsp.o(i.BSP_PeriodicTask_InitB) refers to bsp.o(i.BSP_Clock_GetFreq) for BSP_Clock_GetFreq
    bsp.o(i.BSP_PeriodicTask_InitB) refers to bsp.o(.data) for PeriodicTaskB
    bsp.o(i.BSP_PeriodicTask_InitC) refers to cortexm.o(.emb_text) for StartCritical
    bsp.o(i.BSP_PeriodicTask_InitC) refers to bsp.o(i.BSP_Clock_GetFreq) for BSP_Clock_GetFreq
    bsp.o(i.BSP_PeriodicTask_InitC) refers to bsp.o(.data) for PeriodicTaskC
    bsp.o(i.BSP_RGB_Init) refers to bsp.o(.data) for SubsystemFrequency
    bsp.o(i.BSP_RGB_Set) refers to bsp.o(.data) for PWMCycles
    bsp.o(i.BSP_TempSensor_End) refers to bsp.o(i.tempsensorstart) for tempsensorstart
    bsp.o(i.BSP_TempSensor_End) refers to bsp.o(i.tempsensorend) for tempsensorend
    bsp.o(i.BSP_TempSensor_End) refers to bsp.o(.data) for TempBusy
    bsp.o(i.BSP_TempSensor_Init) refers to bsp.o(i.i2cinit) for i2cinit
    bsp.o(i.BSP_TempSensor_Input) refers to bsp.o(i.tempsensorstart) for tempsensorstart
    bsp.o(i.BSP_TempSensor_Input) refers to bsp.o(i.tempsensorend) for tempsensorend
    bsp.o(i.BSP_TempSensor_Input) refers to bsp.o(.data) for TempBusy
    bsp.o(i.BSP_TempSensor_Start) refers to bsp.o(i.tempsensorstart) for tempsensorstart
    bsp.o(i.BSP_TempSensor_Start) refers to bsp.o(.data) for TempBusy
    bsp.o(i.BSP_Time_Init) refers to cortexm.o(.emb_text) for StartCritical
    bsp.o(i.I2C_Recv2) refers to bsp.o(i.i2cinit) for i2cinit
    bsp.o(i.I2C_Send1) refers to bsp.o(i.i2cinit) for i2cinit
    bsp.o(i.I2C_Send3) refers to bsp.o(i.i2cinit) for i2cinit
    bsp.o(i.ST7735_InitR) refers to bsp.o(i.commonInit) for commonInit
    bsp.o(i.ST7735_InitR) refers to bsp.o(i.commandList) for commandList
    bsp.o(i.ST7735_InitR) refers to bsp.o(i.writecommand) for writecommand
    bsp.o(i.ST7735_InitR) refers to bsp.o(i.writedata) for writedata
    bsp.o(i.ST7735_InitR) refers to bsp.o(i.BSP_LCD_SetCursor) for BSP_LCD_SetCursor
    bsp.o(i.ST7735_InitR) refers to bsp.o(i.BSP_LCD_FillScreen) for BSP_LCD_FillScreen
    bsp.o(i.ST7735_InitR) refers to bsp.o(.constdata) for Rcmd1
    bsp.o(i.ST7735_InitR) refers to bsp.o(.data) for ColStart
    bsp.o(i.T32_INT1_IRQHandler) refers to bsp.o(.data) for PeriodicTask
    bsp.o(i.TA1_0_IRQHandler) refers to bsp.o(.data) for PeriodicTaskB
    bsp.o(i.TA2_0_IRQHandler) refers to bsp.o(.data) for PeriodicTaskC
    bsp.o(i.commandList) refers to bsp.o(i.writecommand) for writecommand
    bsp.o(i.commandList) refers to bsp.o(i.writedata) for writedata
    bsp.o(i.commandList) refers to bsp.o(i.BSP_Delay1ms) for BSP_Delay1ms
    bsp.o(i.commonInit) refers to bsp.o(i.BSP_Delay1ms) for BSP_Delay1ms
    bsp.o(i.commonInit) refers to bsp.o(i.commandList) for commandList
    bsp.o(i.commonInit) refers to bsp.o(.data) for RowStart
    bsp.o(i.fillmessage) refers to bsp.o(.bss) for Message
    bsp.o(i.fillmessage) refers to bsp.o(.data) for Messageindex
    bsp.o(i.fillmessage2_1) refers to bsp.o(.bss) for Message
    bsp.o(i.fillmessage2_Hex) refers to bsp.o(.bss) for Message
    bsp.o(i.fillmessage4) refers to bsp.o(i.fillmessage) for fillmessage
    bsp.o(i.fillmessage4) refers to bsp.o(.data) for Messageindex
    bsp.o(i.fillmessage4) refers to bsp.o(.bss) for Message
    bsp.o(i.fillmessage5) refers to bsp.o(i.fillmessage) for fillmessage
    bsp.o(i.fillmessage5) refers to bsp.o(.data) for Messageindex
    bsp.o(i.fillmessage5) refers to bsp.o(.bss) for Message
    bsp.o(i.lightsensorend) refers to bsp.o(i.I2C_Send1) for I2C_Send1
    bsp.o(i.lightsensorend) refers to bsp.o(i.I2C_Recv2) for I2C_Recv2
    bsp.o(i.lightsensorend) refers to bsp.o(i.I2C_Send3) for I2C_Send3
    bsp.o(i.lightsensorstart) refers to bsp.o(i.I2C_Send3) for I2C_Send3
    bsp.o(i.lightsensorstart) refers to bsp.o(i.I2C_Recv2) for I2C_Recv2
    bsp.o(i.pushColor) refers to bsp.o(i.writedata) for writedata
    bsp.o(i.setAddrWindow) refers to bsp.o(i.writecommand) for writecommand
    bsp.o(i.setAddrWindow) refers to bsp.o(i.writedata) for writedata
    bsp.o(i.setAddrWindow) refers to bsp.o(.data) for ColStart
    bsp.o(i.tempsensorend) refers to bsp.o(i.I2C_Send1) for I2C_Send1
    bsp.o(i.tempsensorend) refers to bsp.o(i.I2C_Recv2) for I2C_Recv2
    bsp.o(i.tempsensorstart) refers to bsp.o(i.I2C_Send3) for I2C_Send3
    cortexm.o(i.Clock_Delay1ms) refers to cortexm.o(.emb_text) for delay
    texas.o(i.CheckMailBox) refers to os.o(i.OS_MailBox_Send) for OS_MailBox_Send
    texas.o(i.CheckMailBox) refers to os.o(i.OS_MailBox_Recv) for OS_MailBox_Recv
    texas.o(i.CheckMailBox) refers to texas.o(i.UART_OutString) for UART_OutString
    texas.o(i.CheckRoundRobin) refers to texas.o(i.UART_OutString) for UART_OutString
    texas.o(i.CheckRoundRobin) refers to texas.o(i.UART_OutUDec) for UART_OutUDec
    texas.o(i.CheckRoundRobin) refers to os.o(.bss) for tcbs
    texas.o(i.CheckRunPt) refers to texas.o(i.UART_OutString) for UART_OutString
    texas.o(i.CheckRunPt) refers to os.o(.bss) for tcbs
    texas.o(i.CheckRunPt) refers to os.o(.data) for RunPt
    texas.o(i.CheckScheduler) refers to texas.o(i.UART_OutString) for UART_OutString
    texas.o(i.CheckScheduler) refers to os.o(i.Scheduler) for Scheduler
    texas.o(i.CheckScheduler) refers to texas.o(i.UART_OutUDec) for UART_OutUDec
    texas.o(i.CheckScheduler) refers to os.o(.bss) for tcbs
    texas.o(i.CheckScheduler) refers to os.o(.data) for RunPt
    texas.o(i.CheckSemaphore) refers to os.o(i.OS_InitSemaphore) for OS_InitSemaphore
    texas.o(i.CheckSemaphore) refers to texas.o(i.UART_OutString) for UART_OutString
    texas.o(i.CheckSemaphore) refers to os.o(i.OS_Signal) for OS_Signal
    texas.o(i.CheckSemaphore) refers to os.o(i.OS_Wait) for OS_Wait
    texas.o(i.CheckStack) refers to texas.o(i.UART_OutString) for UART_OutString
    texas.o(i.CheckStack) refers to texas.o(i.UART_OutUDec) for UART_OutUDec
    texas.o(i.CheckStack) refers to os.o(.bss) for tcbs
    texas.o(i.Encrypt) refers to texas.o(.bss) for MagicCode
    texas.o(i.Encrypt) refers to texas.o(.constdata) for Key
    texas.o(i.Grader) refers to texas.o(i.TExaS_Stop) for TExaS_Stop
    texas.o(i.Grader) refers to texas.o(i.UART_OutString) for UART_OutString
    texas.o(i.Grader) refers to texas.o(i.RealTimeResults) for RealTimeResults
    texas.o(i.Grader) refers to texas.o(i.RealTimeResultsNoJitter) for RealTimeResultsNoJitter
    texas.o(i.Grader) refers to texas.o(i.NonrealTimeResults) for NonrealTimeResults
    texas.o(i.Grader) refers to texas.o(i.UART_OutUDec) for UART_OutUDec
    texas.o(i.Grader) refers to texas.o(i.SetGrade) for SetGrade
    texas.o(i.Grader) refers to texas.o(.data) for count
    texas.o(i.Grader) refers to texas.o(.bss) for TimeBuffer0
    texas.o(i.LogicAnalyzer) refers to texas.o(.data) for LogicData
    texas.o(i.NonrealTimeResults) refers to texas.o(i.UART_OutString) for UART_OutString
    texas.o(i.NonrealTimeResults) refers to texas.o(i.UART_OutUDec) for UART_OutUDec
    texas.o(i.NonrealTimeResults) refers to texas.o(i.UART_OutUDec7) for UART_OutUDec7
    texas.o(i.PeriodicTask2_Init) refers to cortexm.o(.emb_text) for StartCritical
    texas.o(i.PeriodicTask2_Init) refers to texas.o(.data) for PeriodicTask2
    texas.o(i.RealTimeResults) refers to texas.o(i.UART_OutString) for UART_OutString
    texas.o(i.RealTimeResults) refers to texas.o(i.UART_OutUDec) for UART_OutUDec
    texas.o(i.RealTimeResults) refers to texas.o(i.UART_OutUDec7) for UART_OutUDec7
    texas.o(i.RealTimeResults) refers to texas.o(i.UART_OutUFix1) for UART_OutUFix1
    texas.o(i.RealTimeResultsNoJitter) refers to texas.o(i.UART_OutString) for UART_OutString
    texas.o(i.RealTimeResultsNoJitter) refers to texas.o(i.UART_OutUDec) for UART_OutUDec
    texas.o(i.RealTimeResultsNoJitter) refers to texas.o(i.UART_OutUDec7) for UART_OutUDec7
    texas.o(i.RealTimeResultsNoJitter) refers to texas.o(i.UART_OutUFix1) for UART_OutUFix1
    texas.o(i.SetGrade) refers to texas.o(i.Encrypt) for Encrypt
    texas.o(i.SetGrade) refers to texas.o(.bss) for MagicCode
    texas.o(i.TA3_0_IRQHandler) refers to texas.o(.data) for PeriodicTask2
    texas.o(i.TExaS_Init) refers to bsp.o(i.BSP_Time_Init) for BSP_Time_Init
    texas.o(i.TExaS_Init) refers to texas.o(i.UART_Init) for UART_Init
    texas.o(i.TExaS_Init) refers to texas.o(i.PeriodicTask2_Init) for PeriodicTask2_Init
    texas.o(i.TExaS_Init) refers to texas.o(i.UART_OutString) for UART_OutString
    texas.o(i.TExaS_Init) refers to texas.o(i.CheckRunPt) for CheckRunPt
    texas.o(i.TExaS_Init) refers to texas.o(i.CheckRoundRobin) for CheckRoundRobin
    texas.o(i.TExaS_Init) refers to texas.o(i.CheckStack) for CheckStack
    texas.o(i.TExaS_Init) refers to texas.o(i.CheckSemaphore) for CheckSemaphore
    texas.o(i.TExaS_Init) refers to texas.o(i.CheckMailBox) for CheckMailBox
    texas.o(i.TExaS_Init) refers to texas.o(.data) for Id
    texas.o(i.TExaS_Init) refers to texas.o(i.LogicAnalyzer) for LogicAnalyzer
    texas.o(i.TExaS_Init) refers to texas.o(i.Grader) for Grader
    texas.o(i.TExaS_Stop) refers to texas.o(i.PeriodicTask2_Stop) for PeriodicTask2_Stop
    texas.o(i.TExaS_Task0) refers to bsp.o(i.BSP_Time_Get) for BSP_Time_Get
    texas.o(i.TExaS_Task0) refers to texas.o(.data) for Index0
    texas.o(i.TExaS_Task0) refers to texas.o(.bss) for TimeBuffer0
    texas.o(i.TExaS_Task1) refers to bsp.o(i.BSP_Time_Get) for BSP_Time_Get
    texas.o(i.TExaS_Task1) refers to texas.o(.data) for Index1
    texas.o(i.TExaS_Task1) refers to texas.o(.bss) for TimeBuffer1
    texas.o(i.TExaS_Task2) refers to bsp.o(i.BSP_Time_Get) for BSP_Time_Get
    texas.o(i.TExaS_Task2) refers to texas.o(.data) for Index2
    texas.o(i.TExaS_Task2) refers to texas.o(.bss) for TimeBuffer2
    texas.o(i.TExaS_Task3) refers to bsp.o(i.BSP_Time_Get) for BSP_Time_Get
    texas.o(i.TExaS_Task3) refers to texas.o(.data) for Index3
    texas.o(i.TExaS_Task3) refers to texas.o(.bss) for TimeBuffer3
    texas.o(i.TExaS_Task4) refers to bsp.o(i.BSP_Time_Get) for BSP_Time_Get
    texas.o(i.TExaS_Task4) refers to texas.o(.data) for Index4
    texas.o(i.TExaS_Task4) refers to texas.o(.bss) for TimeBuffer4
    texas.o(i.TExaS_Task5) refers to bsp.o(i.BSP_Time_Get) for BSP_Time_Get
    texas.o(i.TExaS_Task5) refers to texas.o(.data) for Index5
    texas.o(i.TExaS_Task5) refers to texas.o(.bss) for TimeBuffer5
    texas.o(i.UART_InString) refers to texas.o(i.UART_InChar) for UART_InChar
    texas.o(i.UART_InString) refers to texas.o(i.UART_OutChar) for UART_OutChar
    texas.o(i.UART_InUDec) refers to texas.o(i.UART_InChar) for UART_InChar
    texas.o(i.UART_InUDec) refers to texas.o(i.UART_OutChar) for UART_OutChar
    texas.o(i.UART_InUHex) refers to texas.o(i.UART_InChar) for UART_InChar
    texas.o(i.UART_InUHex) refers to texas.o(i.UART_OutChar) for UART_OutChar
    texas.o(i.UART_OutString) refers to texas.o(i.UART_OutChar) for UART_OutChar
    texas.o(i.UART_OutUDec) refers to texas.o(i.UART_OutChar) for UART_OutChar
    texas.o(i.UART_OutUDec4) refers to texas.o(i.UART_OutString) for UART_OutString
    texas.o(i.UART_OutUDec4) refers to texas.o(i.fillmessage4b) for fillmessage4b
    texas.o(i.UART_OutUDec4) refers to texas.o(.data) for Messageindexb
    texas.o(i.UART_OutUDec5) refers to texas.o(i.UART_OutString) for UART_OutString
    texas.o(i.UART_OutUDec5) refers to texas.o(i.fillmessage5b) for fillmessage5b
    texas.o(i.UART_OutUDec5) refers to texas.o(.data) for Messageindexb
    texas.o(i.UART_OutUDec6) refers to texas.o(i.UART_OutString) for UART_OutString
    texas.o(i.UART_OutUDec6) refers to texas.o(i.fillmessage6b) for fillmessage6b
    texas.o(i.UART_OutUDec6) refers to texas.o(.data) for Messageindexb
    texas.o(i.UART_OutUDec7) refers to texas.o(i.UART_OutString) for UART_OutString
    texas.o(i.UART_OutUDec7) refers to texas.o(i.fillmessage7b) for fillmessage7b
    texas.o(i.UART_OutUDec7) refers to texas.o(.data) for Messageindexb
    texas.o(i.UART_OutUFix1) refers to texas.o(i.UART_OutUDec) for UART_OutUDec
    texas.o(i.UART_OutUFix1) refers to texas.o(i.UART_OutChar) for UART_OutChar
    texas.o(i.UART_OutUHex) refers to texas.o(i.UART_OutChar) for UART_OutChar
    texas.o(i.fillmessage4b) refers to texas.o(i.fillmessageb) for fillmessageb
    texas.o(i.fillmessage4b) refers to texas.o(.data) for Messageindexb
    texas.o(i.fillmessage5b) refers to texas.o(i.fillmessageb) for fillmessageb
    texas.o(i.fillmessage5b) refers to texas.o(.data) for Messageindexb
    texas.o(i.fillmessage6b) refers to texas.o(i.fillmessageb) for fillmessageb
    texas.o(i.fillmessage6b) refers to texas.o(.data) for Messageindexb
    texas.o(i.fillmessage7b) refers to texas.o(i.fillmessageb) for fillmessageb
    texas.o(i.fillmessage7b) refers to texas.o(.data) for Messageindexb
    texas.o(i.fillmessageb) refers to texas.o(.data) for Messageb
    startup_msp432p401r_uvision.o(STACK) refers (Special) to heapauxi.o(.text) for __use_two_region_memory
    startup_msp432p401r_uvision.o(HEAP) refers (Special) to heapauxi.o(.text) for __use_two_region_memory
    startup_msp432p401r_uvision.o(RESET) refers (Special) to heapauxi.o(.text) for __use_two_region_memory
    startup_msp432p401r_uvision.o(RESET) refers to startup_msp432p401r_uvision.o(STACK) for __initial_sp
    startup_msp432p401r_uvision.o(RESET) refers to startup_msp432p401r_uvision.o(.text) for Reset_Handler
    startup_msp432p401r_uvision.o(RESET) refers to osasm.o(.text) for SysTick_Handler
    startup_msp432p401r_uvision.o(RESET) refers to bsp.o(i.TA1_0_IRQHandler) for TA1_0_IRQHandler
    startup_msp432p401r_uvision.o(RESET) refers to bsp.o(i.TA2_0_IRQHandler) for TA2_0_IRQHandler
    startup_msp432p401r_uvision.o(RESET) refers to texas.o(i.TA3_0_IRQHandler) for TA3_0_IRQHandler
    startup_msp432p401r_uvision.o(RESET) refers to bsp.o(i.T32_INT1_IRQHandler) for T32_INT1_IRQHandler
    startup_msp432p401r_uvision.o(.text) refers (Special) to heapauxi.o(.text) for __use_two_region_memory
    startup_msp432p401r_uvision.o(.text) refers to system_msp432p401r.o(i.SystemInit) for SystemInit
    startup_msp432p401r_uvision.o(.text) refers to __main.o(!!!main) for __main
    startup_msp432p401r_uvision.o(.text) refers to startup_msp432p401r_uvision.o(HEAP) for Heap_Mem
    startup_msp432p401r_uvision.o(.text) refers to startup_msp432p401r_uvision.o(STACK) for Stack_Mem
    system_msp432p401r.o(i.SystemCoreClockUpdate) refers to fflt_clz.o(x$fpl$fflt) for __aeabi_i2f
    system_msp432p401r.o(i.SystemCoreClockUpdate) refers to fmul.o(x$fpl$fmul) for __aeabi_fmul
    system_msp432p401r.o(i.SystemCoreClockUpdate) refers to faddsub_clz.o(x$fpl$fadd) for __aeabi_fadd
    system_msp432p401r.o(i.SystemCoreClockUpdate) refers to fdiv.o(x$fpl$fdiv) for __aeabi_fdiv
    system_msp432p401r.o(i.SystemCoreClockUpdate) refers to faddsub_clz.o(x$fpl$frsb) for __aeabi_frsub
    system_msp432p401r.o(i.SystemCoreClockUpdate) refers to fflt_clz.o(x$fpl$ffltu) for __aeabi_ui2f
    system_msp432p401r.o(i.SystemCoreClockUpdate) refers to ffixu.o(x$fpl$ffixu) for __aeabi_f2uiz
    system_msp432p401r.o(i.SystemCoreClockUpdate) refers to system_msp432p401r.o(.data) for SystemCoreClock
    __main.o(!!!main) refers to __rtentry.o(.ARM.Collect$$rtentry$$00000000) for __rt_entry
    faddsub_clz.o(x$fpl$fadd) refers (Special) to usenofp.o(x$fpl$usenofp) for __I$use$fp
    faddsub_clz.o(x$fpl$fadd) refers to faddsub_clz.o(x$fpl$fsub) for _fsub1
    faddsub_clz.o(x$fpl$fadd) refers to fretinf.o(x$fpl$fretinf) for __fpl_fretinf
    faddsub_clz.o(x$fpl$fadd) refers to fnaninf.o(x$fpl$fnaninf) for __fpl_fnaninf
    faddsub_clz.o(x$fpl$frsb) refers (Special) to usenofp.o(x$fpl$usenofp) for __I$use$fp
    faddsub_clz.o(x$fpl$frsb) refers to faddsub_clz.o(x$fpl$fadd) for _fadd1
    faddsub_clz.o(x$fpl$frsb) refers to faddsub_clz.o(x$fpl$fsub) for _fsub1
    faddsub_clz.o(x$fpl$fsub) refers (Special) to usenofp.o(x$fpl$usenofp) for __I$use$fp
    faddsub_clz.o(x$fpl$fsub) refers to faddsub_clz.o(x$fpl$fadd) for _fadd1
    faddsub_clz.o(x$fpl$fsub) refers to fnaninf.o(x$fpl$fnaninf) for __fpl_fnaninf
    fdiv.o(x$fpl$frdiv) refers (Special) to usenofp.o(x$fpl$usenofp) for __I$use$fp
    fdiv.o(x$fpl$frdiv) refers to fdiv.o(x$fpl$fdiv) for _fdiv1
    fdiv.o(x$fpl$fdiv) refers (Special) to usenofp.o(x$fpl$usenofp) for __I$use$fp
    fdiv.o(x$fpl$fdiv) refers to fretinf.o(x$fpl$fretinf) for __fpl_fretinf
    fdiv.o(x$fpl$fdiv) refers to fnaninf.o(x$fpl$fnaninf) for __fpl_fnaninf
    ffixu.o(x$fpl$ffixu) refers (Special) to usenofp.o(x$fpl$usenofp) for __I$use$fp
    ffixu.o(x$fpl$ffixu) refers to fnaninf.o(x$fpl$fnaninf) for __fpl_fnaninf
    ffixu.o(x$fpl$ffixur) refers (Special) to usenofp.o(x$fpl$usenofp) for __I$use$fp
    ffixu.o(x$fpl$ffixur) refers to fnaninf.o(x$fpl$fnaninf) for __fpl_fnaninf
    fflt_clz.o(x$fpl$ffltu) refers (Special) to usenofp.o(x$fpl$usenofp) for __I$use$fp
    fflt_clz.o(x$fpl$fflt) refers (Special) to usenofp.o(x$fpl$usenofp) for __I$use$fp
    fflt_clz.o(x$fpl$ffltn) refers (Special) to usenofp.o(x$fpl$usenofp) for __I$use$fp
    fmul.o(x$fpl$fmul) refers (Special) to usenofp.o(x$fpl$usenofp) for __I$use$fp
    fmul.o(x$fpl$fmul) refers to fretinf.o(x$fpl$fretinf) for __fpl_fretinf
    fmul.o(x$fpl$fmul) refers to fnaninf.o(x$fpl$fnaninf) for __fpl_fnaninf
    __rtentry.o(.ARM.Collect$$rtentry$$00000000) refers (Special) to __rtentry2.o(.ARM.Collect$$rtentry$$0000000A) for __rt_entry_li
    __rtentry.o(.ARM.Collect$$rtentry$$00000000) refers (Special) to __rtentry2.o(.ARM.Collect$$rtentry$$0000000D) for __rt_entry_main
    __rtentry.o(.ARM.Collect$$rtentry$$00000000) refers (Special) to __rtentry2.o(.ARM.Collect$$rtentry$$0000000C) for __rt_entry_postli_1
    __rtentry.o(.ARM.Collect$$rtentry$$00000000) refers (Special) to __rtentry2.o(.ARM.Collect$$rtentry$$00000009) for __rt_entry_postsh_1
    __rtentry.o(.ARM.Collect$$rtentry$$00000000) refers (Special) to __rtentry2.o(.ARM.Collect$$rtentry$$00000002) for __rt_entry_presh_1
    __rtentry.o(.ARM.Collect$$rtentry$$00000000) refers (Special) to __rtentry4.o(.ARM.Collect$$rtentry$$00000004) for __rt_entry_sh
    fnaninf.o(x$fpl$fnaninf) refers (Special) to usenofp.o(x$fpl$usenofp) for __I$use$fp
    fretinf.o(x$fpl$fretinf) refers (Special) to usenofp.o(x$fpl$usenofp) for __I$use$fp
    __rtentry2.o(.ARM.Collect$$rtentry$$00000008) refers to boardinit2.o(.text) for _platform_post_stackheap_init
    __rtentry2.o(.ARM.Collect$$rtentry$$0000000A) refers to libinit.o(.ARM.Collect$$libinit$$00000000) for __rt_lib_init
    __rtentry2.o(.ARM.Collect$$rtentry$$0000000B) refers to boardinit3.o(.text) for _platform_post_lib_init
    __rtentry2.o(.ARM.Collect$$rtentry$$0000000D) refers to lab2.o(i.main) for main
    __rtentry2.o(.ARM.Collect$$rtentry$$0000000D) refers to exit.o(.text) for exit
    __rtentry2.o(.ARM.exidx) refers to __rtentry2.o(.ARM.Collect$$rtentry$$00000001) for .ARM.Collect$$rtentry$$00000001
    __rtentry2.o(.ARM.exidx) refers to __rtentry2.o(.ARM.Collect$$rtentry$$00000008) for .ARM.Collect$$rtentry$$00000008
    __rtentry2.o(.ARM.exidx) refers to __rtentry2.o(.ARM.Collect$$rtentry$$0000000A) for .ARM.Collect$$rtentry$$0000000A
    __rtentry2.o(.ARM.exidx) refers to __rtentry2.o(.ARM.Collect$$rtentry$$0000000B) for .ARM.Collect$$rtentry$$0000000B
    __rtentry2.o(.ARM.exidx) refers to __rtentry2.o(.ARM.Collect$$rtentry$$0000000D) for .ARM.Collect$$rtentry$$0000000D
    __rtentry4.o(.ARM.Collect$$rtentry$$00000004) refers to sys_stackheap_outer.o(.text) for __user_setup_stackheap
    __rtentry4.o(.ARM.exidx) refers to __rtentry4.o(.ARM.Collect$$rtentry$$00000004) for .ARM.Collect$$rtentry$$00000004
    sys_stackheap_outer.o(.text) refers to libspace.o(.text) for __user_perproc_libspace
    sys_stackheap_outer.o(.text) refers to startup_msp432p401r_uvision.o(.text) for __user_initial_stackheap
    exit.o(.text) refers to rtexit.o(.ARM.Collect$$rtexit$$00000000) for __rt_exit
    libinit.o(.ARM.Collect$$libinit$$00000000) refers (Special) to libinit2.o(.ARM.Collect$$libinit$$0000002E) for __rt_lib_init_alloca_1
    libinit.o(.ARM.Collect$$libinit$$00000000) refers (Special) to libinit2.o(.ARM.Collect$$libinit$$0000002C) for __rt_lib_init_argv_1
    libinit.o(.ARM.Collect$$libinit$$00000000) refers (Special) to libinit2.o(.ARM.Collect$$libinit$$0000001B) for __rt_lib_init_atexit_1
    libinit.o(.ARM.Collect$$libinit$$00000000) refers (Special) to libinit2.o(.ARM.Collect$$libinit$$00000021) for __rt_lib_init_clock_1
    libinit.o(.ARM.Collect$$libinit$$00000000) refers (Special) to libinit2.o(.ARM.Collect$$libinit$$00000032) for __rt_lib_init_cpp_1
    libinit.o(.ARM.Collect$$libinit$$00000000) refers (Special) to libinit2.o(.ARM.Collect$$libinit$$00000030) for __rt_lib_init_exceptions_1
    libinit.o(.ARM.Collect$$libinit$$00000000) refers (Special) to libinit2.o(.ARM.Collect$$libinit$$00000002) for __rt_lib_init_fp_1
    libinit.o(.ARM.Collect$$libinit$$00000000) refers (Special) to libinit2.o(.ARM.Collect$$libinit$$0000001F) for __rt_lib_init_fp_trap_1
    libinit.o(.ARM.Collect$$libinit$$00000000) refers (Special) to libinit2.o(.ARM.Collect$$libinit$$00000023) for __rt_lib_init_getenv_1
    libinit.o(.ARM.Collect$$libinit$$00000000) refers (Special) to libinit2.o(.ARM.Collect$$libinit$$0000000A) for __rt_lib_init_heap_1
    libinit.o(.ARM.Collect$$libinit$$00000000) refers (Special) to libinit2.o(.ARM.Collect$$libinit$$00000011) for __rt_lib_init_lc_collate_1
    libinit.o(.ARM.Collect$$libinit$$00000000) refers (Special) to libinit2.o(.ARM.Collect$$libinit$$00000013) for __rt_lib_init_lc_ctype_1
    libinit.o(.ARM.Collect$$libinit$$00000000) refers (Special) to libinit2.o(.ARM.Collect$$libinit$$00000015) for __rt_lib_init_lc_monetary_1
    libinit.o(.ARM.Collect$$libinit$$00000000) refers (Special) to libinit2.o(.ARM.Collect$$libinit$$00000017) for __rt_lib_init_lc_numeric_1
    libinit.o(.ARM.Collect$$libinit$$00000000) refers (Special) to libinit2.o(.ARM.Collect$$libinit$$00000019) for __rt_lib_init_lc_time_1
    libinit.o(.ARM.Collect$$libinit$$00000000) refers (Special) to libinit2.o(.ARM.Collect$$libinit$$00000004) for __rt_lib_init_preinit_1
    libinit.o(.ARM.Collect$$libinit$$00000000) refers (Special) to libinit2.o(.ARM.Collect$$libinit$$0000000E) for __rt_lib_init_rand_1
    libinit.o(.ARM.Collect$$libinit$$00000000) refers (Special) to libinit2.o(.ARM.Collect$$libinit$$00000033) for __rt_lib_init_return
    libinit.o(.ARM.Collect$$libinit$$00000000) refers (Special) to libinit2.o(.ARM.Collect$$libinit$$0000001D) for __rt_lib_init_signal_1
    libinit.o(.ARM.Collect$$libinit$$00000000) refers (Special) to libinit2.o(.ARM.Collect$$libinit$$00000025) for __rt_lib_init_stdio_1
    libinit.o(.ARM.Collect$$libinit$$00000000) refers (Special) to libinit2.o(.ARM.Collect$$libinit$$0000000C) for __rt_lib_init_user_alloc_1
    libspace.o(.text) refers to libspace.o(.bss) for __libspace_start
    rtexit.o(.ARM.Collect$$rtexit$$00000000) refers (Special) to rtexit2.o(.ARM.Collect$$rtexit$$00000004) for __rt_exit_exit
    rtexit.o(.ARM.Collect$$rtexit$$00000000) refers (Special) to rtexit2.o(.ARM.Collect$$rtexit$$00000003) for __rt_exit_ls
    rtexit.o(.ARM.Collect$$rtexit$$00000000) refers (Special) to rtexit2.o(.ARM.Collect$$rtexit$$00000002) for __rt_exit_prels_1
    rtexit.o(.ARM.exidx) refers (Special) to rtexit2.o(.ARM.Collect$$rtexit$$00000004) for __rt_exit_exit
    rtexit.o(.ARM.exidx) refers (Special) to rtexit2.o(.ARM.Collect$$rtexit$$00000003) for __rt_exit_ls
    rtexit.o(.ARM.exidx) refers (Special) to rtexit2.o(.ARM.Collect$$rtexit$$00000002) for __rt_exit_prels_1
    rtexit.o(.ARM.exidx) refers to rtexit.o(.ARM.Collect$$rtexit$$00000000) for .ARM.Collect$$rtexit$$00000000
    libinit2.o(.ARM.Collect$$libinit$$00000010) refers to libinit2.o(.ARM.Collect$$libinit$$0000000F) for .ARM.Collect$$libinit$$0000000F
    libinit2.o(.ARM.Collect$$libinit$$00000012) refers to libinit2.o(.ARM.Collect$$libinit$$0000000F) for .ARM.Collect$$libinit$$0000000F
    libinit2.o(.ARM.Collect$$libinit$$00000014) refers to libinit2.o(.ARM.Collect$$libinit$$0000000F) for .ARM.Collect$$libinit$$0000000F
    libinit2.o(.ARM.Collect$$libinit$$00000016) refers to libinit2.o(.ARM.Collect$$libinit$$0000000F) for .ARM.Collect$$libinit$$0000000F
    libinit2.o(.ARM.Collect$$libinit$$00000018) refers to libinit2.o(.ARM.Collect$$libinit$$0000000F) for .ARM.Collect$$libinit$$0000000F
    libinit2.o(.ARM.Collect$$libinit$$00000026) refers to argv_veneer.o(.emb_text) for __ARM_argv_veneer
    libinit2.o(.ARM.Collect$$libinit$$00000027) refers to argv_veneer.o(.emb_text) for __ARM_argv_veneer
    rtexit2.o(.ARM.Collect$$rtexit$$00000003) refers to libshutdown.o(.ARM.Collect$$libshutdown$$00000000) for __rt_lib_shutdown
    rtexit2.o(.ARM.Collect$$rtexit$$00000004) refers to sys_exit.o(.text) for _sys_exit
    rtexit2.o(.ARM.exidx) refers to rtexit2.o(.ARM.Collect$$rtexit$$00000001) for .ARM.Collect$$rtexit$$00000001
    rtexit2.o(.ARM.exidx) refers to rtexit2.o(.ARM.Collect$$rtexit$$00000003) for .ARM.Collect$$rtexit$$00000003
    rtexit2.o(.ARM.exidx) refers to rtexit2.o(.ARM.Collect$$rtexit$$00000004) for .ARM.Collect$$rtexit$$00000004
    argv_veneer.o(.emb_text) refers to no_argv.o(.text) for __ARM_get_argv
    sys_exit.o(.text) refers (Special) to use_no_semi.o(.text) for __I$use$semihosting
    sys_exit.o(.text) refers (Special) to indicate_semi.o(.text) for __semihosting_library_function
    _get_argv_nomalloc.o(.text) refers (Special) to hrguard.o(.text) for __heap_region$guard
    _get_argv_nomalloc.o(.text) refers to defsig_rtmem_outer.o(.text) for __rt_SIGRTMEM
    _get_argv_nomalloc.o(.text) refers to sys_command.o(.text) for _sys_command_string
    libshutdown.o(.ARM.Collect$$libshutdown$$00000000) refers (Special) to libshutdown2.o(.ARM.Collect$$libshutdown$$00000002) for __rt_lib_shutdown_cpp_1
    libshutdown.o(.ARM.Collect$$libshutdown$$00000000) refers (Special) to libshutdown2.o(.ARM.Collect$$libshutdown$$00000007) for __rt_lib_shutdown_fp_trap_1
    libshutdown.o(.ARM.Collect$$libshutdown$$00000000) refers (Special) to libshutdown2.o(.ARM.Collect$$libshutdown$$0000000F) for __rt_lib_shutdown_heap_1
    libshutdown.o(.ARM.Collect$$libshutdown$$00000000) refers (Special) to libshutdown2.o(.ARM.Collect$$libshutdown$$00000010) for __rt_lib_shutdown_return
    libshutdown.o(.ARM.Collect$$libshutdown$$00000000) refers (Special) to libshutdown2.o(.ARM.Collect$$libshutdown$$0000000A) for __rt_lib_shutdown_signal_1
    libshutdown.o(.ARM.Collect$$libshutdown$$00000000) refers (Special) to libshutdown2.o(.ARM.Collect$$libshutdown$$00000004) for __rt_lib_shutdown_stdio_1
    libshutdown.o(.ARM.Collect$$libshutdown$$00000000) refers (Special) to libshutdown2.o(.ARM.Collect$$libshutdown$$0000000C) for __rt_lib_shutdown_user_alloc_1
    sys_command.o(.text) refers (Special) to use_no_semi.o(.text) for __I$use$semihosting
    sys_command.o(.text) refers (Special) to indicate_semi.o(.text) for __semihosting_library_function
    defsig_rtmem_outer.o(.text) refers to defsig_rtmem_inner.o(.text) for __rt_SIGRTMEM_inner
    defsig_rtmem_outer.o(.text) refers to defsig_exit.o(.text) for __sig_exit
    defsig_rtmem_formal.o(.text) refers to rt_raise.o(.text) for __rt_raise
    rt_raise.o(.text) refers to __raise.o(.text) for __raise
    rt_raise.o(.text) refers to sys_exit.o(.text) for _sys_exit
    defsig_exit.o(.text) refers to sys_exit.o(.text) for _sys_exit
    defsig_rtmem_inner.o(.text) refers to defsig_general.o(.text) for __default_signal_display
    __raise.o(.text) refers to defsig.o(CL$$defsig) for __default_signal_handler
    defsig_general.o(.text) refers to sys_wrch.o(.text) for _ttywrch
    sys_wrch.o(.text) refers (Special) to use_no_semi.o(.text) for __I$use$semihosting
    sys_wrch.o(.text) refers (Special) to indicate_semi.o(.text) for __semihosting_library_function
    defsig.o(CL$$defsig) refers to defsig_rtmem_inner.o(.text) for __rt_SIGRTMEM_inner
    defsig_abrt_inner.o(.text) refers to defsig_general.o(.text) for __default_signal_display
    defsig_fpe_inner.o(.text) refers to defsig_general.o(.text) for __default_signal_display
    defsig_rtred_inner.o(.text) refers to defsig_general.o(.text) for __default_signal_display
    defsig_stak_inner.o(.text) refers to defsig_general.o(.text) for __default_signal_display
    defsig_pvfn_inner.o(.text) refers to defsig_general.o(.text) for __default_signal_display
    defsig_cppl_inner.o(.text) refers to defsig_general.o(.text) for __default_signal_display
    defsig_segv_inner.o(.text) refers to defsig_general.o(.text) for __default_signal_display
    defsig_other.o(.text) refers to defsig_general.o(.text) for __default_signal_display


==============================================================================

Removing Unused input sections from the image.

    Removing lab2.o(i.Dummy), (2 bytes).
    Removing lab2.o(i.Task0), (152 bytes).
    Removing lab2.o(i.Task0_Init), (8 bytes).
    Removing lab2.o(i.Task1), (108 bytes).
    Removing lab2.o(i.Task1_Init), (96 bytes).
    Removing lab2.o(i.Task2), (516 bytes).
    Removing lab2.o(i.Task3), (224 bytes).
    Removing lab2.o(i.Task4), (72 bytes).
    Removing lab2.o(i.Task5), (316 bytes).
    Removing lab2.o(i.drawaxes), (220 bytes).
    Removing lab2.o(i.main_step1), (64 bytes).
    Removing lab2.o(i.main_step3), (104 bytes).
    Removing lab2.o(i.main_step4), (136 bytes).
    Removing lab2.o(i.main_step5), (156 bytes).
    Removing lab2.o(i.mainx), (156 bytes).
    Removing lab2.o(i.sqrt32), (30 bytes).
    Removing lab2.o(.bss), (2000 bytes).
    Removing os.o(i.OS_AddPeriodicEventThreads), (8 bytes).
    Removing os.o(i.OS_AddThreads), (120 bytes).
    Removing os.o(i.OS_AddThreads3), (6 bytes).
    Removing os.o(i.OS_Init), (12 bytes).
    Removing os.o(i.OS_Launch), (52 bytes).
    Removing os.o(i.SetInitialStack), (332 bytes).
    Removing os.o(.bss), (1632 bytes).
    Removing bsp.o(.rev16_text), (4 bytes).
    Removing bsp.o(.revsh_text), (4 bytes).
    Removing bsp.o(.rrx_text), (6 bytes).
    Removing bsp.o(.emb_text), (6 bytes).
    Removing bsp.o(i.BSP_Accelerometer_Init), (96 bytes).
    Removing bsp.o(i.BSP_Accelerometer_Input), (140 bytes).
    Removing bsp.o(i.BSP_Button1_Init), (60 bytes).
    Removing bsp.o(i.BSP_Button1_Input), (12 bytes).
    Removing bsp.o(i.BSP_Button2_Init), (60 bytes).
    Removing bsp.o(i.BSP_Button2_Input), (12 bytes).
    Removing bsp.o(i.BSP_Buzzer_Init), (144 bytes).
    Removing bsp.o(i.BSP_Buzzer_Set), (32 bytes).
    Removing bsp.o(i.BSP_Clock_GetFreq), (12 bytes).
    Removing bsp.o(i.BSP_Clock_InitFastest), (392 bytes).
    Removing bsp.o(i.BSP_Delay1ms), (22 bytes).
    Removing bsp.o(i.BSP_Joystick_Init), (148 bytes).
    Removing bsp.o(i.BSP_Joystick_Input), (136 bytes).
    Removing bsp.o(i.BSP_LCD_Color565), (24 bytes).
    Removing bsp.o(i.BSP_LCD_DrawBitmap), (288 bytes).
    Removing bsp.o(i.BSP_LCD_DrawChar), (272 bytes).
    Removing bsp.o(i.BSP_LCD_DrawCharS), (248 bytes).
    Removing bsp.o(i.BSP_LCD_DrawFastHLine), (124 bytes).
    Removing bsp.o(i.BSP_LCD_DrawFastVLine), (124 bytes).
    Removing bsp.o(i.BSP_LCD_DrawPixel), (72 bytes).
    Removing bsp.o(i.BSP_LCD_DrawString), (86 bytes).
    Removing bsp.o(i.BSP_LCD_Drawaxes), (292 bytes).
    Removing bsp.o(i.BSP_LCD_FillRect), (172 bytes).
    Removing bsp.o(i.BSP_LCD_FillScreen), (36 bytes).
    Removing bsp.o(i.BSP_LCD_Init), (10 bytes).
    Removing bsp.o(i.BSP_LCD_OutUDec), (144 bytes).
    Removing bsp.o(i.BSP_LCD_OutUDec4), (136 bytes).
    Removing bsp.o(i.BSP_LCD_OutUDec5), (136 bytes).
    Removing bsp.o(i.BSP_LCD_OutUFix2_1), (112 bytes).
    Removing bsp.o(i.BSP_LCD_OutUHex2), (112 bytes).
    Removing bsp.o(i.BSP_LCD_PlotIncrement), (56 bytes).
    Removing bsp.o(i.BSP_LCD_PlotPoint), (100 bytes).
    Removing bsp.o(i.BSP_LCD_SetCursor), (32 bytes).
    Removing bsp.o(i.BSP_LCD_SwapColor), (18 bytes).
    Removing bsp.o(i.BSP_LightSensor_End), (68 bytes).
    Removing bsp.o(i.BSP_LightSensor_Init), (64 bytes).
    Removing bsp.o(i.BSP_LightSensor_Input), (52 bytes).
    Removing bsp.o(i.BSP_LightSensor_Start), (28 bytes).
    Removing bsp.o(i.BSP_Microphone_Init), (60 bytes).
    Removing bsp.o(i.BSP_Microphone_Input), (116 bytes).
    Removing bsp.o(i.BSP_PeriodicTask_Init), (112 bytes).
    Removing bsp.o(i.BSP_PeriodicTask_InitB), (160 bytes).
    Removing bsp.o(i.BSP_PeriodicTask_InitC), (160 bytes).
    Removing bsp.o(i.BSP_PeriodicTask_Stop), (24 bytes).
    Removing bsp.o(i.BSP_PeriodicTask_StopB), (28 bytes).
    Removing bsp.o(i.BSP_PeriodicTask_StopC), (28 bytes).
    Removing bsp.o(i.BSP_RGB_D_Init), (152 bytes).
    Removing bsp.o(i.BSP_RGB_D_Set), (64 bytes).
    Removing bsp.o(i.BSP_RGB_D_Toggle), (64 bytes).
    Removing bsp.o(i.BSP_RGB_Init), (292 bytes).
    Removing bsp.o(i.BSP_RGB_Set), (76 bytes).
    Removing bsp.o(i.BSP_TempSensor_End), (76 bytes).
    Removing bsp.o(i.BSP_TempSensor_Init), (64 bytes).
    Removing bsp.o(i.BSP_TempSensor_Input), (64 bytes).
    Removing bsp.o(i.BSP_TempSensor_Start), (28 bytes).
    Removing bsp.o(i.BSP_Time_Get), (20 bytes).
    Removing bsp.o(i.BSP_Time_Init), (36 bytes).
    Removing bsp.o(i.I2C_Recv2), (188 bytes).
    Removing bsp.o(i.I2C_Send1), (160 bytes).
    Removing bsp.o(i.I2C_Send3), (272 bytes).
    Removing bsp.o(i.ST7735_InitR), (116 bytes).
    Removing bsp.o(i.adcinit), (64 bytes).
    Removing bsp.o(i.commandList), (86 bytes).
    Removing bsp.o(i.commonInit), (252 bytes).
    Removing bsp.o(i.fillmessage), (72 bytes).
    Removing bsp.o(i.fillmessage2_1), (96 bytes).
    Removing bsp.o(i.fillmessage2_Hex), (84 bytes).
    Removing bsp.o(i.fillmessage4), (100 bytes).
    Removing bsp.o(i.fillmessage5), (128 bytes).
    Removing bsp.o(i.i2cinit), (88 bytes).
    Removing bsp.o(i.lightsensorend), (80 bytes).
    Removing bsp.o(i.lightsensorstart), (36 bytes).
    Removing bsp.o(i.pushColor), (18 bytes).
    Removing bsp.o(i.setAddrWindow), (116 bytes).
    Removing bsp.o(i.tempsensorend), (68 bytes).
    Removing bsp.o(i.tempsensorstart), (18 bytes).
    Removing bsp.o(i.writecommand), (72 bytes).
    Removing bsp.o(i.writedata), (72 bytes).
    Removing bsp.o(.bss), (12 bytes).
    Removing bsp.o(.constdata), (1403 bytes).
    Removing cortexm.o(.emb_text), (32 bytes).
    Removing cortexm.o(i.Clock_Delay1ms), (22 bytes).
    Removing profile.o(.rev16_text), (4 bytes).
    Removing profile.o(.revsh_text), (4 bytes).
    Removing profile.o(.rrx_text), (6 bytes).
    Removing profile.o(i.Profile_Get), (88 bytes).
    Removing profile.o(i.Profile_Init), (344 bytes).
    Removing texas.o(.rev16_text), (4 bytes).
    Removing texas.o(.revsh_text), (4 bytes).
    Removing texas.o(.rrx_text), (6 bytes).
    Removing texas.o(i.CheckMailBox), (72 bytes).
    Removing texas.o(i.CheckRoundRobin), (220 bytes).
    Removing texas.o(i.CheckRunPt), (100 bytes).
    Removing texas.o(i.CheckScheduler), (288 bytes).
    Removing texas.o(i.CheckSemaphore), (240 bytes).
    Removing texas.o(i.CheckStack), (140 bytes).
    Removing texas.o(i.Encrypt), (104 bytes).
    Removing texas.o(i.Grader), (1160 bytes).
    Removing texas.o(i.LogicAnalyzer), (20 bytes).
    Removing texas.o(i.NonrealTimeResults), (160 bytes).
    Removing texas.o(i.PeriodicTask2_Init), (156 bytes).
    Removing texas.o(i.PeriodicTask2_Stop), (28 bytes).
    Removing texas.o(i.RealTimeResults), (184 bytes).
    Removing texas.o(i.RealTimeResultsNoJitter), (180 bytes).
    Removing texas.o(i.SetGrade), (204 bytes).
    Removing texas.o(i.TExaS_Init), (200 bytes).
    Removing texas.o(i.TExaS_Stop), (8 bytes).
    Removing texas.o(i.TExaS_Task0), (64 bytes).
    Removing texas.o(i.TExaS_Task1), (64 bytes).
    Removing texas.o(i.TExaS_Task2), (64 bytes).
    Removing texas.o(i.TExaS_Task3), (64 bytes).
    Removing texas.o(i.TExaS_Task4), (64 bytes).
    Removing texas.o(i.TExaS_Task5), (64 bytes).
    Removing texas.o(i.UART_InChar), (28 bytes).
    Removing texas.o(i.UART_InCharNonBlocking), (28 bytes).
    Removing texas.o(i.UART_InString), (66 bytes).
    Removing texas.o(i.UART_InUDec), (76 bytes).
    Removing texas.o(i.UART_InUHex), (104 bytes).
    Removing texas.o(i.UART_Init), (108 bytes).
    Removing texas.o(i.UART_OutChar), (24 bytes).
    Removing texas.o(i.UART_OutCharNonBlock), (12 bytes).
    Removing texas.o(i.UART_OutString), (24 bytes).
    Removing texas.o(i.UART_OutUDec), (42 bytes).
    Removing texas.o(i.UART_OutUDec4), (68 bytes).
    Removing texas.o(i.UART_OutUDec5), (68 bytes).
    Removing texas.o(i.UART_OutUDec6), (68 bytes).
    Removing texas.o(i.UART_OutUDec7), (68 bytes).
    Removing texas.o(i.UART_OutUFix1), (46 bytes).
    Removing texas.o(i.UART_OutUHex), (52 bytes).
    Removing texas.o(i.fillmessage4b), (88 bytes).
    Removing texas.o(i.fillmessage5b), (128 bytes).
    Removing texas.o(i.fillmessage6b), (160 bytes).
    Removing texas.o(i.fillmessage7b), (196 bytes).
    Removing texas.o(i.fillmessageb), (72 bytes).
    Removing texas.o(.bss), (1700 bytes).
    Removing texas.o(.constdata), (72 bytes).
    Removing system_msp432p401r.o(.rev16_text), (4 bytes).
    Removing system_msp432p401r.o(.revsh_text), (4 bytes).
    Removing system_msp432p401r.o(.rrx_text), (6 bytes).
    Removing system_msp432p401r.o(i.SystemCoreClockUpdate), (612 bytes).
    Removing system_msp432p401r.o(.data), (4 bytes).

169 unused section(s) (total 24129 bytes) removed from the image.

==============================================================================

Image Symbol Table

    Local Symbols

    Symbol Name                              Value     Ov Type        Size  Object(Section)

    RESET                                    0x00000000   Section      324  startup_msp432p401r_uvision.o(RESET)
    ../clib/angel/boardlib.s                 0x00000000   Number         0  boardinit3.o ABSOLUTE
    ../clib/angel/boardlib.s                 0x00000000   Number         0  boardinit2.o ABSOLUTE
    ../clib/angel/boardlib.s                 0x00000000   Number         0  boardshut.o ABSOLUTE
    ../clib/angel/boardlib.s                 0x00000000   Number         0  boardinit1.o ABSOLUTE
    ../clib/angel/handlers.s                 0x00000000   Number         0  __scatter_copy.o ABSOLUTE
    ../clib/angel/handlers.s                 0x00000000   Number         0  __scatter_zi.o ABSOLUTE
    ../clib/angel/kernel.s                   0x00000000   Number         0  __rtentry.o ABSOLUTE
    ../clib/angel/kernel.s                   0x00000000   Number         0  __rtentry2.o ABSOLUTE
    ../clib/angel/kernel.s                   0x00000000   Number         0  rtexit2.o ABSOLUTE
    ../clib/angel/kernel.s                   0x00000000   Number         0  __rtentry4.o ABSOLUTE
    ../clib/angel/kernel.s                   0x00000000   Number         0  rtexit.o ABSOLUTE
    ../clib/angel/rt.s                       0x00000000   Number         0  rt_raise.o ABSOLUTE
    ../clib/angel/scatter.s                  0x00000000   Number         0  __scatter.o ABSOLUTE
    ../clib/angel/startup.s                  0x00000000   Number         0  __main.o ABSOLUTE
    ../clib/angel/sys.s                      0x00000000   Number         0  use_no_semi.o ABSOLUTE
    ../clib/angel/sys.s                      0x00000000   Number         0  libspace.o ABSOLUTE
    ../clib/angel/sys.s                      0x00000000   Number         0  sys_stackheap_outer.o ABSOLUTE
    ../clib/angel/sys.s                      0x00000000   Number         0  indicate_semi.o ABSOLUTE
    ../clib/angel/sysapp.c                   0x00000000   Number         0  sys_command.o ABSOLUTE
    ../clib/angel/sysapp.c                   0x00000000   Number         0  sys_exit.o ABSOLUTE
    ../clib/angel/sysapp.c                   0x00000000   Number         0  sys_wrch.o ABSOLUTE
    ../clib/armsys.c                         0x00000000   Number         0  no_argv.o ABSOLUTE
    ../clib/armsys.c                         0x00000000   Number         0  argv_veneer.o ABSOLUTE
    ../clib/armsys.c                         0x00000000   Number         0  argv_veneer.o ABSOLUTE
    ../clib/armsys.c                         0x00000000   Number         0  _get_argv_nomalloc.o ABSOLUTE
    ../clib/heapalloc.c                      0x00000000   Number         0  hrguard.o ABSOLUTE
    ../clib/heapaux.c                        0x00000000   Number         0  heapauxi.o ABSOLUTE
    ../clib/libinit.s                        0x00000000   Number         0  libinit2.o ABSOLUTE
    ../clib/libinit.s                        0x00000000   Number         0  libinit.o ABSOLUTE
    ../clib/libinit.s                        0x00000000   Number         0  libshutdown2.o ABSOLUTE
    ../clib/libinit.s                        0x00000000   Number         0  libshutdown.o ABSOLUTE
    ../clib/signal.c                         0x00000000   Number         0  defsig_other.o ABSOLUTE
    ../clib/signal.c                         0x00000000   Number         0  defsig_segv_inner.o ABSOLUTE
    ../clib/signal.c                         0x00000000   Number         0  defsig_cppl_inner.o ABSOLUTE
    ../clib/signal.c                         0x00000000   Number         0  defsig_pvfn_inner.o ABSOLUTE
    ../clib/signal.c                         0x00000000   Number         0  defsig_stak_inner.o ABSOLUTE
    ../clib/signal.c                         0x00000000   Number         0  defsig_rtred_inner.o ABSOLUTE
    ../clib/signal.c                         0x00000000   Number         0  defsig_fpe_inner.o ABSOLUTE
    ../clib/signal.c                         0x00000000   Number         0  defsig_general.o ABSOLUTE
    ../clib/signal.c                         0x00000000   Number         0  __raise.o ABSOLUTE
    ../clib/signal.c                         0x00000000   Number         0  defsig_rtmem_inner.o ABSOLUTE
    ../clib/signal.c                         0x00000000   Number         0  defsig_abrt_inner.o ABSOLUTE
    ../clib/signal.c                         0x00000000   Number         0  defsig_rtmem_formal.o ABSOLUTE
    ../clib/signal.c                         0x00000000   Number         0  defsig_rtmem_outer.o ABSOLUTE
    ../clib/signal.c                         0x00000000   Number         0  defsig_exit.o ABSOLUTE
    ../clib/signal.s                         0x00000000   Number         0  defsig.o ABSOLUTE
    ../clib/stdlib.c                         0x00000000   Number         0  exit.o ABSOLUTE
    ../fplib/faddsub.s                       0x00000000   Number         0  faddsub_clz.o ABSOLUTE
    ../fplib/fdiv.s                          0x00000000   Number         0  fdiv.o ABSOLUTE
    ../fplib/ffixu.s                         0x00000000   Number         0  ffixu.o ABSOLUTE
    ../fplib/fflt.s                          0x00000000   Number         0  fflt_clz.o ABSOLUTE
    ../fplib/fmul.s                          0x00000000   Number         0  fmul.o ABSOLUTE
    ../fplib/fnaninf.s                       0x00000000   Number         0  fnaninf.o ABSOLUTE
    ../fplib/fpinit.s                        0x00000000   Number         0  fpinit.o ABSOLUTE
    ../fplib/fretinf.s                       0x00000000   Number         0  fretinf.o ABSOLUTE
    ../fplib/usenofp.s                       0x00000000   Number         0  usenofp.o ABSOLUTE
    ..\\inc\\BSP.c                           0x00000000   Number         0  bsp.o ABSOLUTE
    ..\\inc\\CortexM.c                       0x00000000   Number         0  cortexm.o ABSOLUTE
    ..\\inc\\Profile.c                       0x00000000   Number         0  profile.o ABSOLUTE
    ..\inc\BSP.c                             0x00000000   Number         0  bsp.o ABSOLUTE
    ..\inc\CortexM.c                         0x00000000   Number         0  cortexm.o ABSOLUTE
    ..\inc\Profile.c                         0x00000000   Number         0  profile.o ABSOLUTE
    Lab2.c                                   0x00000000   Number         0  lab2.o ABSOLUTE
    RTE\Device\MSP432P401R\startup_msp432p401r_uvision.s 0x00000000   Number         0  startup_msp432p401r_uvision.o ABSOLUTE
    RTE\Device\MSP432P401R\system_msp432p401r.c 0x00000000   Number         0  system_msp432p401r.o ABSOLUTE
    RTE\\Device\\MSP432P401R\\system_msp432p401r.c 0x00000000   Number         0  system_msp432p401r.o ABSOLUTE
    Texas.c                                  0x00000000   Number         0  texas.o ABSOLUTE
    Texas.c                                  0x00000000   Number         0  texas.o ABSOLUTE
    dc.s                                     0x00000000   Number         0  dc.o ABSOLUTE
    os.c                                     0x00000000   Number         0  os.o ABSOLUTE
    osasm.s                                  0x00000000   Number         0  osasm.o ABSOLUTE
    !!!main                                  0x00000144   Section        8  __main.o(!!!main)
    !!!scatter                               0x0000014c   Section       52  __scatter.o(!!!scatter)
    !!handler_copy                           0x00000180   Section       26  __scatter_copy.o(!!handler_copy)
    !!handler_zi                             0x0000019c   Section       28  __scatter_zi.o(!!handler_zi)
    .ARM.Collect$$libinit$$00000000          0x000001b8   Section        2  libinit.o(.ARM.Collect$$libinit$$00000000)
    .ARM.Collect$$libinit$$00000002          0x000001ba   Section        0  libinit2.o(.ARM.Collect$$libinit$$00000002)
    .ARM.Collect$$libinit$$00000004          0x000001ba   Section        0  libinit2.o(.ARM.Collect$$libinit$$00000004)
    .ARM.Collect$$libinit$$0000000A          0x000001ba   Section        0  libinit2.o(.ARM.Collect$$libinit$$0000000A)
    .ARM.Collect$$libinit$$0000000C          0x000001ba   Section        0  libinit2.o(.ARM.Collect$$libinit$$0000000C)
    .ARM.Collect$$libinit$$0000000E          0x000001ba   Section        0  libinit2.o(.ARM.Collect$$libinit$$0000000E)
    .ARM.Collect$$libinit$$00000011          0x000001ba   Section        0  libinit2.o(.ARM.Collect$$libinit$$00000011)
    .ARM.Collect$$libinit$$00000013          0x000001ba   Section        0  libinit2.o(.ARM.Collect$$libinit$$00000013)
    .ARM.Collect$$libinit$$00000015          0x000001ba   Section        0  libinit2.o(.ARM.Collect$$libinit$$00000015)
    .ARM.Collect$$libinit$$00000017          0x000001ba   Section        0  libinit2.o(.ARM.Collect$$libinit$$00000017)
    .ARM.Collect$$libinit$$00000019          0x000001ba   Section        0  libinit2.o(.ARM.Collect$$libinit$$00000019)
    .ARM.Collect$$libinit$$0000001B          0x000001ba   Section        0  libinit2.o(.ARM.Collect$$libinit$$0000001B)
    .ARM.Collect$$libinit$$0000001D          0x000001ba   Section        0  libinit2.o(.ARM.Collect$$libinit$$0000001D)
    .ARM.Collect$$libinit$$0000001F          0x000001ba   Section        0  libinit2.o(.ARM.Collect$$libinit$$0000001F)
    .ARM.Collect$$libinit$$00000021          0x000001ba   Section        0  libinit2.o(.ARM.Collect$$libinit$$00000021)
    .ARM.Collect$$libinit$$00000023          0x000001ba   Section        0  libinit2.o(.ARM.Collect$$libinit$$00000023)
    .ARM.Collect$$libinit$$00000025          0x000001ba   Section        0  libinit2.o(.ARM.Collect$$libinit$$00000025)
    .ARM.Collect$$libinit$$0000002C          0x000001ba   Section        0  libinit2.o(.ARM.Collect$$libinit$$0000002C)
    .ARM.Collect$$libinit$$0000002E          0x000001ba   Section        0  libinit2.o(.ARM.Collect$$libinit$$0000002E)
    .ARM.Collect$$libinit$$00000030          0x000001ba   Section        0  libinit2.o(.ARM.Collect$$libinit$$00000030)
    .ARM.Collect$$libinit$$00000032          0x000001ba   Section        0  libinit2.o(.ARM.Collect$$libinit$$00000032)
    .ARM.Collect$$libinit$$00000033          0x000001ba   Section        2  libinit2.o(.ARM.Collect$$libinit$$00000033)
    .ARM.Collect$$libshutdown$$00000000      0x000001bc   Section        2  libshutdown.o(.ARM.Collect$$libshutdown$$00000000)
    .ARM.Collect$$libshutdown$$00000002      0x000001be   Section        0  libshutdown2.o(.ARM.Collect$$libshutdown$$00000002)
    .ARM.Collect$$libshutdown$$00000004      0x000001be   Section        0  libshutdown2.o(.ARM.Collect$$libshutdown$$00000004)
    .ARM.Collect$$libshutdown$$00000007      0x000001be   Section        0  libshutdown2.o(.ARM.Collect$$libshutdown$$00000007)
    .ARM.Collect$$libshutdown$$0000000A      0x000001be   Section        0  libshutdown2.o(.ARM.Collect$$libshutdown$$0000000A)
    .ARM.Collect$$libshutdown$$0000000C      0x000001be   Section        0  libshutdown2.o(.ARM.Collect$$libshutdown$$0000000C)
    .ARM.Collect$$libshutdown$$0000000F      0x000001be   Section        0  libshutdown2.o(.ARM.Collect$$libshutdown$$0000000F)
    .ARM.Collect$$libshutdown$$00000010      0x000001be   Section        2  libshutdown2.o(.ARM.Collect$$libshutdown$$00000010)
    .ARM.Collect$$rtentry$$00000000          0x000001c0   Section        0  __rtentry.o(.ARM.Collect$$rtentry$$00000000)
    .ARM.Collect$$rtentry$$00000002          0x000001c0   Section        0  __rtentry2.o(.ARM.Collect$$rtentry$$00000002)
    .ARM.Collect$$rtentry$$00000004          0x000001c0   Section        6  __rtentry4.o(.ARM.Collect$$rtentry$$00000004)
    .ARM.Collect$$rtentry$$00000009          0x000001c6   Section        0  __rtentry2.o(.ARM.Collect$$rtentry$$00000009)
    .ARM.Collect$$rtentry$$0000000A          0x000001c6   Section        4  __rtentry2.o(.ARM.Collect$$rtentry$$0000000A)
    .ARM.Collect$$rtentry$$0000000C          0x000001ca   Section        0  __rtentry2.o(.ARM.Collect$$rtentry$$0000000C)
    .ARM.Collect$$rtentry$$0000000D          0x000001ca   Section        8  __rtentry2.o(.ARM.Collect$$rtentry$$0000000D)
    .ARM.Collect$$rtexit$$00000000           0x000001d2   Section        2  rtexit.o(.ARM.Collect$$rtexit$$00000000)
    .ARM.Collect$$rtexit$$00000002           0x000001d4   Section        0  rtexit2.o(.ARM.Collect$$rtexit$$00000002)
    .ARM.Collect$$rtexit$$00000003           0x000001d4   Section        4  rtexit2.o(.ARM.Collect$$rtexit$$00000003)
    .ARM.Collect$$rtexit$$00000004           0x000001d8   Section        6  rtexit2.o(.ARM.Collect$$rtexit$$00000004)
    .text                                    0x000001e0   Section       72  osasm.o(.text)
    .text                                    0x00000228   Section       60  startup_msp432p401r_uvision.o(.text)
    .text                                    0x00000264   Section        0  heapauxi.o(.text)
    .text                                    0x0000026a   Section       74  sys_stackheap_outer.o(.text)
    .text                                    0x000002b4   Section        0  exit.o(.text)
    .text                                    0x000002c8   Section        8  libspace.o(.text)
    .text                                    0x000002d0   Section        0  sys_exit.o(.text)
    .text                                    0x000002dc   Section        2  use_no_semi.o(.text)
    .text                                    0x000002de   Section        0  indicate_semi.o(.text)
    i.OS_InitSemaphore                       0x000002de   Section        0  os.o(i.OS_InitSemaphore)
    i.OS_MailBox_Init                        0x000002e4   Section        0  os.o(i.OS_MailBox_Init)
    i.OS_MailBox_Recv                        0x000002f4   Section        0  os.o(i.OS_MailBox_Recv)
    i.OS_MailBox_Send                        0x0000030c   Section        0  os.o(i.OS_MailBox_Send)
    i.OS_Signal                              0x00000324   Section        0  os.o(i.OS_Signal)
    i.OS_Wait                                0x0000032c   Section        0  os.o(i.OS_Wait)
    i.Scheduler                              0x0000033c   Section        0  os.o(i.Scheduler)
    i.SystemInit                             0x00000340   Section        0  system_msp432p401r.o(i.SystemInit)
    i.T32_INT1_IRQHandler                    0x000003a0   Section        0  bsp.o(i.T32_INT1_IRQHandler)
    i.TA1_0_IRQHandler                       0x000003b8   Section        0  bsp.o(i.TA1_0_IRQHandler)
    i.TA2_0_IRQHandler                       0x000003d8   Section        0  bsp.o(i.TA2_0_IRQHandler)
    i.TA3_0_IRQHandler                       0x000003f8   Section        0  texas.o(i.TA3_0_IRQHandler)
    i.main                                   0x00000418   Section        0  lab2.o(i.main)
    .data                                    0x20000000   Section       78  lab2.o(.data)
    soundSum                                 0x20000044   Data           4  lab2.o(.data)
    time                                     0x20000048   Data           4  lab2.o(.data)
    prev1                                    0x2000004c   Data           1  lab2.o(.data)
    prev2                                    0x2000004d   Data           1  lab2.o(.data)
    .data                                    0x20000050   Section       12  os.o(.data)
    .data                                    0x2000005c   Section       92  bsp.o(.data)
    ClockFrequency                           0x2000005c   Data           4  bsp.o(.data)
    SubsystemFrequency                       0x20000060   Data           4  bsp.o(.data)
    PWMCycles                                0x20000064   Data           2  bsp.o(.data)
    ColStart                                 0x20000072   Data           1  bsp.o(.data)
    RowStart                                 0x20000073   Data           1  bsp.o(.data)
    _width                                   0x20000074   Data           2  bsp.o(.data)
    _height                                  0x20000076   Data           2  bsp.o(.data)
    .data                                    0x200000b8   Section       52  texas.o(.data)
    count                                    0x200000e8   Data           4  texas.o(.data)
    .bss                                     0x200000ec   Section       96  libspace.o(.bss)
    HEAP                                     0x20000150   Section        0  startup_msp432p401r_uvision.o(HEAP)
    STACK                                    0x20000150   Section      512  startup_msp432p401r_uvision.o(STACK)
    Heap_Mem                                 0x20000150   Data           0  startup_msp432p401r_uvision.o(HEAP)
    Stack_Mem                                0x20000150   Data         512  startup_msp432p401r_uvision.o(STACK)
    __initial_sp                             0x20000350   Data           0  startup_msp432p401r_uvision.o(STACK)

    Global Symbols

    Symbol Name                              Value     Ov Type        Size  Object(Section)

    BuildAttributes$$THM_ISAv4$E$P$D$K$B$S$7EM$PE$A:L22UL41UL21$X:L11$S22US41US21$IEEE1$IW$USESV6$~STKCKD$USESV7$~SHL$OSPACE$ROPI$EBA8$UX$STANDARDLIB$REQ8$PRES8$EABIv2 0x00000000   Number         0  anon$$obj.o ABSOLUTE
    __ARM_use_no_argv                        0x00000000   Number         0  lab2.o ABSOLUTE
    __Vectors                                0x00000000   Data           4  startup_msp432p401r_uvision.o(RESET)
    __ARM_exceptions_init                     - Undefined Weak Reference
    __alloca_initialize                       - Undefined Weak Reference
    __arm_preinit_                            - Undefined Weak Reference
    __cpp_initialize__aeabi_                  - Undefined Weak Reference
    __cxa_finalize                            - Undefined Weak Reference
    __rt_locale                               - Undefined Weak Reference
    __sigvec_lookup                           - Undefined Weak Reference
    _atexit_init                              - Undefined Weak Reference
    _call_atexit_fns                          - Undefined Weak Reference
    _clock_init                               - Undefined Weak Reference
    _fp_trap_init                             - Undefined Weak Reference
    _fp_trap_shutdown                         - Undefined Weak Reference
    _get_lc_collate                           - Undefined Weak Reference
    _get_lc_ctype                             - Undefined Weak Reference
    _get_lc_monetary                          - Undefined Weak Reference
    _get_lc_numeric                           - Undefined Weak Reference
    _get_lc_time                              - Undefined Weak Reference
    _getenv_init                              - Undefined Weak Reference
    _handle_redirection                       - Undefined Weak Reference
    _init_alloc                               - Undefined Weak Reference
    _init_user_alloc                          - Undefined Weak Reference
    _initio                                   - Undefined Weak Reference
    _rand_init                                - Undefined Weak Reference
    _signal_finish                            - Undefined Weak Reference
    _signal_init                              - Undefined Weak Reference
    _terminate_alloc                          - Undefined Weak Reference
    _terminate_user_alloc                     - Undefined Weak Reference
    _terminateio                              - Undefined Weak Reference
    __Vectors_End                            0x00000144   Data           0  startup_msp432p401r_uvision.o(RESET)
    __Vectors_Size                           0x00000144   Number         0  startup_msp432p401r_uvision.o ABSOLUTE
    __main                                   0x00000145   Thumb Code     8  __main.o(!!!main)
    __scatterload                            0x0000014d   Thumb Code     0  __scatter.o(!!!scatter)
    __scatterload_rt2                        0x0000014d   Thumb Code    44  __scatter.o(!!!scatter)
    __scatterload_rt2_thumb_only             0x0000014d   Thumb Code     0  __scatter.o(!!!scatter)
    __scatterload_null                       0x0000015b   Thumb Code     0  __scatter.o(!!!scatter)
    __scatterload_copy                       0x00000181   Thumb Code    26  __scatter_copy.o(!!handler_copy)
    __scatterload_zeroinit                   0x0000019d   Thumb Code    28  __scatter_zi.o(!!handler_zi)
    __rt_lib_init                            0x000001b9   Thumb Code     0  libinit.o(.ARM.Collect$$libinit$$00000000)
    __rt_lib_init_alloca_1                   0x000001bb   Thumb Code     0  libinit2.o(.ARM.Collect$$libinit$$0000002E)
    __rt_lib_init_argv_1                     0x000001bb   Thumb Code     0  libinit2.o(.ARM.Collect$$libinit$$0000002C)
    __rt_lib_init_atexit_1                   0x000001bb   Thumb Code     0  libinit2.o(.ARM.Collect$$libinit$$0000001B)
    __rt_lib_init_clock_1                    0x000001bb   Thumb Code     0  libinit2.o(.ARM.Collect$$libinit$$00000021)
    __rt_lib_init_cpp_1                      0x000001bb   Thumb Code     0  libinit2.o(.ARM.Collect$$libinit$$00000032)
    __rt_lib_init_exceptions_1               0x000001bb   Thumb Code     0  libinit2.o(.ARM.Collect$$libinit$$00000030)
    __rt_lib_init_fp_1                       0x000001bb   Thumb Code     0  libinit2.o(.ARM.Collect$$libinit$$00000002)
    __rt_lib_init_fp_trap_1                  0x000001bb   Thumb Code     0  libinit2.o(.ARM.Collect$$libinit$$0000001F)
    __rt_lib_init_getenv_1                   0x000001bb   Thumb Code     0  libinit2.o(.ARM.Collect$$libinit$$00000023)
    __rt_lib_init_heap_1                     0x000001bb   Thumb Code     0  libinit2.o(.ARM.Collect$$libinit$$0000000A)
    __rt_lib_init_lc_collate_1               0x000001bb   Thumb Code     0  libinit2.o(.ARM.Collect$$libinit$$00000011)
    __rt_lib_init_lc_ctype_1                 0x000001bb   Thumb Code     0  libinit2.o(.ARM.Collect$$libinit$$00000013)
    __rt_lib_init_lc_monetary_1              0x000001bb   Thumb Code     0  libinit2.o(.ARM.Collect$$libinit$$00000015)
    __rt_lib_init_lc_numeric_1               0x000001bb   Thumb Code     0  libinit2.o(.ARM.Collect$$libinit$$00000017)
    __rt_lib_init_lc_time_1                  0x000001bb   Thumb Code     0  libinit2.o(.ARM.Collect$$libinit$$00000019)
    __rt_lib_init_preinit_1                  0x000001bb   Thumb Code     0  libinit2.o(.ARM.Collect$$libinit$$00000004)
    __rt_lib_init_rand_1                     0x000001bb   Thumb Code     0  libinit2.o(.ARM.Collect$$libinit$$0000000E)
    __rt_lib_init_return                     0x000001bb   Thumb Code     0  libinit2.o(.ARM.Collect$$libinit$$00000033)
    __rt_lib_init_signal_1                   0x000001bb   Thumb Code     0  libinit2.o(.ARM.Collect$$libinit$$0000001D)
    __rt_lib_init_stdio_1                    0x000001bb   Thumb Code     0  libinit2.o(.ARM.Collect$$libinit$$00000025)
    __rt_lib_init_user_alloc_1               0x000001bb   Thumb Code     0  libinit2.o(.ARM.Collect$$libinit$$0000000C)
    __rt_lib_shutdown                        0x000001bd   Thumb Code     0  libshutdown.o(.ARM.Collect$$libshutdown$$00000000)
    __rt_lib_shutdown_cpp_1                  0x000001bf   Thumb Code     0  libshutdown2.o(.ARM.Collect$$libshutdown$$00000002)
    __rt_lib_shutdown_fp_trap_1              0x000001bf   Thumb Code     0  libshutdown2.o(.ARM.Collect$$libshutdown$$00000007)
    __rt_lib_shutdown_heap_1                 0x000001bf   Thumb Code     0  libshutdown2.o(.ARM.Collect$$libshutdown$$0000000F)
    __rt_lib_shutdown_return                 0x000001bf   Thumb Code     0  libshutdown2.o(.ARM.Collect$$libshutdown$$00000010)
    __rt_lib_shutdown_signal_1               0x000001bf   Thumb Code     0  libshutdown2.o(.ARM.Collect$$libshutdown$$0000000A)
    __rt_lib_shutdown_stdio_1                0x000001bf   Thumb Code     0  libshutdown2.o(.ARM.Collect$$libshutdown$$00000004)
    __rt_lib_shutdown_user_alloc_1           0x000001bf   Thumb Code     0  libshutdown2.o(.ARM.Collect$$libshutdown$$0000000C)
    __rt_entry                               0x000001c1   Thumb Code     0  __rtentry.o(.ARM.Collect$$rtentry$$00000000)
    __rt_entry_presh_1                       0x000001c1   Thumb Code     0  __rtentry2.o(.ARM.Collect$$rtentry$$00000002)
    __rt_entry_sh                            0x000001c1   Thumb Code     0  __rtentry4.o(.ARM.Collect$$rtentry$$00000004)
    __rt_entry_li                            0x000001c7   Thumb Code     0  __rtentry2.o(.ARM.Collect$$rtentry$$0000000A)
    __rt_entry_postsh_1                      0x000001c7   Thumb Code     0  __rtentry2.o(.ARM.Collect$$rtentry$$00000009)
    __rt_entry_main                          0x000001cb   Thumb Code     0  __rtentry2.o(.ARM.Collect$$rtentry$$0000000D)
    __rt_entry_postli_1                      0x000001cb   Thumb Code     0  __rtentry2.o(.ARM.Collect$$rtentry$$0000000C)
    __rt_exit                                0x000001d3   Thumb Code     0  rtexit.o(.ARM.Collect$$rtexit$$00000000)
    __rt_exit_ls                             0x000001d5   Thumb Code     0  rtexit2.o(.ARM.Collect$$rtexit$$00000003)
    __rt_exit_prels_1                        0x000001d5   Thumb Code     0  rtexit2.o(.ARM.Collect$$rtexit$$00000002)
    __rt_exit_exit                           0x000001d9   Thumb Code     0  rtexit2.o(.ARM.Collect$$rtexit$$00000004)
    SysTick_Handler                          0x000001e1   Thumb Code     0  osasm.o(.text)
    StartOS                                  0x00000207   Thumb Code     0  osasm.o(.text)
    Reset_Handler                            0x00000229   Thumb Code     8  startup_msp432p401r_uvision.o(.text)
    NMI_Handler                              0x00000231   Thumb Code     2  startup_msp432p401r_uvision.o(.text)
    HardFault_Handler                        0x00000233   Thumb Code     2  startup_msp432p401r_uvision.o(.text)
    MemManage_Handler                        0x00000235   Thumb Code     2  startup_msp432p401r_uvision.o(.text)
    BusFault_Handler                         0x00000237   Thumb Code     2  startup_msp432p401r_uvision.o(.text)
    UsageFault_Handler                       0x00000239   Thumb Code     2  startup_msp432p401r_uvision.o(.text)
    SVC_Handler                              0x0000023b   Thumb Code     2  startup_msp432p401r_uvision.o(.text)
    DebugMon_Handler                         0x0000023d   Thumb Code     2  startup_msp432p401r_uvision.o(.text)
    PendSV_Handler                           0x0000023f   Thumb Code     2  startup_msp432p401r_uvision.o(.text)
    ADC14_IRQHandler                         0x00000243   Thumb Code     0  startup_msp432p401r_uvision.o(.text)
    AES256_IRQHandler                        0x00000243   Thumb Code     0  startup_msp432p401r_uvision.o(.text)
    COMP_E0_IRQHandler                       0x00000243   Thumb Code     0  startup_msp432p401r_uvision.o(.text)
    COMP_E1_IRQHandler                       0x00000243   Thumb Code     0  startup_msp432p401r_uvision.o(.text)
    CS_IRQHandler                            0x00000243   Thumb Code     0  startup_msp432p401r_uvision.o(.text)
    DMA_ERR_IRQHandler                       0x00000243   Thumb Code     0  startup_msp432p401r_uvision.o(.text)
    DMA_INT0_IRQHandler                      0x00000243   Thumb Code     0  startup_msp432p401r_uvision.o(.text)
    DMA_INT1_IRQHandler                      0x00000243   Thumb Code     0  startup_msp432p401r_uvision.o(.text)
    DMA_INT2_IRQHandler                      0x00000243   Thumb Code     0  startup_msp432p401r_uvision.o(.text)
    DMA_INT3_IRQHandler                      0x00000243   Thumb Code     0  startup_msp432p401r_uvision.o(.text)
    EUSCIA0_IRQHandler                       0x00000243   Thumb Code     0  startup_msp432p401r_uvision.o(.text)
    EUSCIA1_IRQHandler                       0x00000243   Thumb Code     0  startup_msp432p401r_uvision.o(.text)
    EUSCIA2_IRQHandler                       0x00000243   Thumb Code     0  startup_msp432p401r_uvision.o(.text)
    EUSCIA3_IRQHandler                       0x00000243   Thumb Code     0  startup_msp432p401r_uvision.o(.text)
    EUSCIB0_IRQHandler                       0x00000243   Thumb Code     0  startup_msp432p401r_uvision.o(.text)
    EUSCIB1_IRQHandler                       0x00000243   Thumb Code     0  startup_msp432p401r_uvision.o(.text)
    EUSCIB2_IRQHandler                       0x00000243   Thumb Code     0  startup_msp432p401r_uvision.o(.text)
    EUSCIB3_IRQHandler                       0x00000243   Thumb Code     0  startup_msp432p401r_uvision.o(.text)
    FLCTL_IRQHandler                         0x00000243   Thumb Code     0  startup_msp432p401r_uvision.o(.text)
    FPU_IRQHandler                           0x00000243   Thumb Code     0  startup_msp432p401r_uvision.o(.text)
    PCM_IRQHandler                           0x00000243   Thumb Code     0  startup_msp432p401r_uvision.o(.text)
    PORT1_IRQHandler                         0x00000243   Thumb Code     0  startup_msp432p401r_uvision.o(.text)
    PORT2_IRQHandler                         0x00000243   Thumb Code     0  startup_msp432p401r_uvision.o(.text)
    PORT3_IRQHandler                         0x00000243   Thumb Code     0  startup_msp432p401r_uvision.o(.text)
    PORT4_IRQHandler                         0x00000243   Thumb Code     0  startup_msp432p401r_uvision.o(.text)
    PORT5_IRQHandler                         0x00000243   Thumb Code     0  startup_msp432p401r_uvision.o(.text)
    PORT6_IRQHandler                         0x00000243   Thumb Code     0  startup_msp432p401r_uvision.o(.text)
    PSS_IRQHandler                           0x00000243   Thumb Code     0  startup_msp432p401r_uvision.o(.text)
    RTC_C_IRQHandler                         0x00000243   Thumb Code     0  startup_msp432p401r_uvision.o(.text)
    T32_INT2_IRQHandler                      0x00000243   Thumb Code     0  startup_msp432p401r_uvision.o(.text)
    T32_INTC_IRQHandler                      0x00000243   Thumb Code     0  startup_msp432p401r_uvision.o(.text)
    TA0_0_IRQHandler                         0x00000243   Thumb Code     0  startup_msp432p401r_uvision.o(.text)
    TA0_N_IRQHandler                         0x00000243   Thumb Code     0  startup_msp432p401r_uvision.o(.text)
    TA1_N_IRQHandler                         0x00000243   Thumb Code     0  startup_msp432p401r_uvision.o(.text)
    TA2_N_IRQHandler                         0x00000243   Thumb Code     0  startup_msp432p401r_uvision.o(.text)
    TA3_N_IRQHandler                         0x00000243   Thumb Code     0  startup_msp432p401r_uvision.o(.text)
    WDT_A_IRQHandler                         0x00000243   Thumb Code     0  startup_msp432p401r_uvision.o(.text)
    __user_initial_stackheap                 0x00000245   Thumb Code    10  startup_msp432p401r_uvision.o(.text)
    __use_two_region_memory                  0x00000265   Thumb Code     2  heapauxi.o(.text)
    __rt_heap_escrow$2region                 0x00000267   Thumb Code     2  heapauxi.o(.text)
    __rt_heap_expand$2region                 0x00000269   Thumb Code     2  heapauxi.o(.text)
    __user_setup_stackheap                   0x0000026b   Thumb Code    74  sys_stackheap_outer.o(.text)
    exit                                     0x000002b5   Thumb Code    18  exit.o(.text)
    __user_libspace                          0x000002c9   Thumb Code     8  libspace.o(.text)
    __user_perproc_libspace                  0x000002c9   Thumb Code     0  libspace.o(.text)
    __user_perthread_libspace                0x000002c9   Thumb Code     0  libspace.o(.text)
    _sys_exit                                0x000002d1   Thumb Code     8  sys_exit.o(.text)
    __I$use$semihosting                      0x000002dd   Thumb Code     0  use_no_semi.o(.text)
    __use_no_semihosting_swi                 0x000002dd   Thumb Code     2  use_no_semi.o(.text)
    OS_InitSemaphore                         0x000002df   Thumb Code     4  os.o(i.OS_InitSemaphore)
    __semihosting_library_function           0x000002df   Thumb Code     0  indicate_semi.o(.text)
    OS_MailBox_Init                          0x000002e5   Thumb Code    12  os.o(i.OS_MailBox_Init)
    OS_MailBox_Recv                          0x000002f5   Thumb Code    14  os.o(i.OS_MailBox_Recv)
    OS_MailBox_Send                          0x0000030d   Thumb Code    16  os.o(i.OS_MailBox_Send)
    OS_Signal                                0x00000325   Thumb Code     8  os.o(i.OS_Signal)
    OS_Wait                                  0x0000032d   Thumb Code    16  os.o(i.OS_Wait)
    Scheduler                                0x0000033d   Thumb Code     2  os.o(i.Scheduler)
    SystemInit                               0x00000341   Thumb Code    74  system_msp432p401r.o(i.SystemInit)
    T32_INT1_IRQHandler                      0x000003a1   Thumb Code    16  bsp.o(i.T32_INT1_IRQHandler)
    TA1_0_IRQHandler                         0x000003b9   Thumb Code    22  bsp.o(i.TA1_0_IRQHandler)
    TA2_0_IRQHandler                         0x000003d9   Thumb Code    22  bsp.o(i.TA2_0_IRQHandler)
    TA3_0_IRQHandler                         0x000003f9   Thumb Code    22  texas.o(i.TA3_0_IRQHandler)
    main                                     0x00000419   Thumb Code    26  lab2.o(i.main)
    Region$$Table$$Base                      0x00000438   Number         0  anon$$obj.o(Region$$Table)
    Region$$Table$$Limit                     0x00000458   Number         0  anon$$obj.o(Region$$Table)
    Time                                     0x20000000   Data           4  lab2.o(.data)
    Steps                                    0x20000004   Data           4  lab2.o(.data)
    Magnitude                                0x20000008   Data           4  lab2.o(.data)
    EWMA                                     0x2000000c   Data           4  lab2.o(.data)
    SoundData                                0x20000010   Data           2  lab2.o(.data)
    SoundAvg                                 0x20000014   Data           4  lab2.o(.data)
    LightData                                0x20000018   Data           4  lab2.o(.data)
    TemperatureData                          0x2000001c   Data           4  lab2.o(.data)
    NewData                                  0x20000020   Data           4  lab2.o(.data)
    LCDmutex                                 0x20000024   Data           4  lab2.o(.data)
    ReDrawAxes                               0x20000028   Data           4  lab2.o(.data)
    PlotState                                0x2000002c   Data           1  lab2.o(.data)
    AccX                                     0x2000002e   Data           2  lab2.o(.data)
    AccY                                     0x20000030   Data           2  lab2.o(.data)
    AccZ                                     0x20000032   Data           2  lab2.o(.data)
    AlgorithmState                           0x20000034   Data           1  lab2.o(.data)
    s1                                       0x20000038   Data           4  lab2.o(.data)
    s2                                       0x2000003c   Data           4  lab2.o(.data)
    Out                                      0x20000040   Data           4  lab2.o(.data)
    RunPt                                    0x20000050   Data           4  os.o(.data)
    mailboxSema                              0x20000054   Data           4  os.o(.data)
    mailboxData                              0x20000058   Data           4  os.o(.data)
    StX                                      0x20000068   Data           4  bsp.o(.data)
    StY                                      0x2000006c   Data           4  bsp.o(.data)
    StTextColor                              0x20000070   Data           2  bsp.o(.data)
    Messageindex                             0x20000078   Data           4  bsp.o(.data)
    TimeIndex                                0x2000007c   Data           4  bsp.o(.data)
    Ymax                                     0x20000080   Data           4  bsp.o(.data)
    Ymin                                     0x20000084   Data           4  bsp.o(.data)
    Yrange                                   0x20000088   Data           4  bsp.o(.data)
    PlotBGColor                              0x2000008c   Data           2  bsp.o(.data)
    Prewait                                  0x20000090   Data           4  bsp.o(.data)
    CPMwait                                  0x20000094   Data           4  bsp.o(.data)
    Postwait                                 0x20000098   Data           4  bsp.o(.data)
    IFlags                                   0x2000009c   Data           4  bsp.o(.data)
    Crystalstable                            0x200000a0   Data           4  bsp.o(.data)
    PeriodicTask                             0x200000a4   Data           4  bsp.o(.data)
    PeriodicTaskB                            0x200000a8   Data           4  bsp.o(.data)
    PeriodicTaskC                            0x200000ac   Data           4  bsp.o(.data)
    LightBusy                                0x200000b0   Data           4  bsp.o(.data)
    TempBusy                                 0x200000b4   Data           4  bsp.o(.data)
    LogicData                                0x200000b8   Data           1  texas.o(.data)
    Id                                       0x200000bc   Data           4  texas.o(.data)
    Index0                                   0x200000c0   Data           4  texas.o(.data)
    Index1                                   0x200000c4   Data           4  texas.o(.data)
    Index2                                   0x200000c8   Data           4  texas.o(.data)
    Index3                                   0x200000cc   Data           4  texas.o(.data)
    Index4                                   0x200000d0   Data           4  texas.o(.data)
    Index5                                   0x200000d4   Data           4  texas.o(.data)
    PeriodicTask2                            0x200000d8   Data           4  texas.o(.data)
    Messageindexb                            0x200000dc   Data           4  texas.o(.data)
    Messageb                                 0x200000e0   Data           8  texas.o(.data)
    __libspace_start                         0x200000ec   Data          96  libspace.o(.bss)
    __temporary_stack_top$libspace           0x2000014c   Data           0  libspace.o(.bss)



==============================================================================

Memory Map of the image

  Image Entry point : 0x00000229

  Load Region LR_1 (Base: 0x00000000, Size: 0x00000544, Max: 0xffffffff, ABSOLUTE)

    Execution Region ER_RO (Exec base: 0x00000000, Load base: 0x00000000, Size: 0x00000458, Max: 0xffffffff, ABSOLUTE)

    Exec Addr    Load Addr    Size         Type   Attr      Idx    E Section Name        Object

    0x00000000   0x00000000   0x00000144   Data   RO         1113    RESET               startup_msp432p401r_uvision.o
    0x00000144   0x00000144   0x00000008   Code   RO         1171  * !!!main             c_w.l(__main.o)
    0x0000014c   0x0000014c   0x00000034   Code   RO         1355    !!!scatter          c_w.l(__scatter.o)
    0x00000180   0x00000180   0x0000001a   Code   RO         1357    !!handler_copy      c_w.l(__scatter_copy.o)
    0x0000019a   0x0000019a   0x00000002   PAD
    0x0000019c   0x0000019c   0x0000001c   Code   RO         1359    !!handler_zi        c_w.l(__scatter_zi.o)
    0x000001b8   0x000001b8   0x00000002   Code   RO         1225    .ARM.Collect$$libinit$$00000000  c_w.l(libinit.o)
    0x000001ba   0x000001ba   0x00000000   Code   RO         1232    .ARM.Collect$$libinit$$00000002  c_w.l(libinit2.o)
    0x000001ba   0x000001ba   0x00000000   Code   RO         1234    .ARM.Collect$$libinit$$00000004  c_w.l(libinit2.o)
    0x000001ba   0x000001ba   0x00000000   Code   RO         1237    .ARM.Collect$$libinit$$0000000A  c_w.l(libinit2.o)
    0x000001ba   0x000001ba   0x00000000   Code   RO         1239    .ARM.Collect$$libinit$$0000000C  c_w.l(libinit2.o)
    0x000001ba   0x000001ba   0x00000000   Code   RO         1241    .ARM.Collect$$libinit$$0000000E  c_w.l(libinit2.o)
    0x000001ba   0x000001ba   0x00000000   Code   RO         1244    .ARM.Collect$$libinit$$00000011  c_w.l(libinit2.o)
    0x000001ba   0x000001ba   0x00000000   Code   RO         1246    .ARM.Collect$$libinit$$00000013  c_w.l(libinit2.o)
    0x000001ba   0x000001ba   0x00000000   Code   RO         1248    .ARM.Collect$$libinit$$00000015  c_w.l(libinit2.o)
    0x000001ba   0x000001ba   0x00000000   Code   RO         1250    .ARM.Collect$$libinit$$00000017  c_w.l(libinit2.o)
    0x000001ba   0x000001ba   0x00000000   Code   RO         1252    .ARM.Collect$$libinit$$00000019  c_w.l(libinit2.o)
    0x000001ba   0x000001ba   0x00000000   Code   RO         1254    .ARM.Collect$$libinit$$0000001B  c_w.l(libinit2.o)
    0x000001ba   0x000001ba   0x00000000   Code   RO         1256    .ARM.Collect$$libinit$$0000001D  c_w.l(libinit2.o)
    0x000001ba   0x000001ba   0x00000000   Code   RO         1258    .ARM.Collect$$libinit$$0000001F  c_w.l(libinit2.o)
    0x000001ba   0x000001ba   0x00000000   Code   RO         1260    .ARM.Collect$$libinit$$00000021  c_w.l(libinit2.o)
    0x000001ba   0x000001ba   0x00000000   Code   RO         1262    .ARM.Collect$$libinit$$00000023  c_w.l(libinit2.o)
    0x000001ba   0x000001ba   0x00000000   Code   RO         1264    .ARM.Collect$$libinit$$00000025  c_w.l(libinit2.o)
    0x000001ba   0x000001ba   0x00000000   Code   RO         1268    .ARM.Collect$$libinit$$0000002C  c_w.l(libinit2.o)
    0x000001ba   0x000001ba   0x00000000   Code   RO         1270    .ARM.Collect$$libinit$$0000002E  c_w.l(libinit2.o)
    0x000001ba   0x000001ba   0x00000000   Code   RO         1272    .ARM.Collect$$libinit$$00000030  c_w.l(libinit2.o)
    0x000001ba   0x000001ba   0x00000000   Code   RO         1274    .ARM.Collect$$libinit$$00000032  c_w.l(libinit2.o)
    0x000001ba   0x000001ba   0x00000002   Code   RO         1275    .ARM.Collect$$libinit$$00000033  c_w.l(libinit2.o)
    0x000001bc   0x000001bc   0x00000002   Code   RO         1295    .ARM.Collect$$libshutdown$$00000000  c_w.l(libshutdown.o)
    0x000001be   0x000001be   0x00000000   Code   RO         1308    .ARM.Collect$$libshutdown$$00000002  c_w.l(libshutdown2.o)
    0x000001be   0x000001be   0x00000000   Code   RO         1310    .ARM.Collect$$libshutdown$$00000004  c_w.l(libshutdown2.o)
    0x000001be   0x000001be   0x00000000   Code   RO         1313    .ARM.Collect$$libshutdown$$00000007  c_w.l(libshutdown2.o)
    0x000001be   0x000001be   0x00000000   Code   RO         1316    .ARM.Collect$$libshutdown$$0000000A  c_w.l(libshutdown2.o)
    0x000001be   0x000001be   0x00000000   Code   RO         1318    .ARM.Collect$$libshutdown$$0000000C  c_w.l(libshutdown2.o)
    0x000001be   0x000001be   0x00000000   Code   RO         1321    .ARM.Collect$$libshutdown$$0000000F  c_w.l(libshutdown2.o)
    0x000001be   0x000001be   0x00000002   Code   RO         1322    .ARM.Collect$$libshutdown$$00000010  c_w.l(libshutdown2.o)
    0x000001c0   0x000001c0   0x00000000   Code   RO         1195    .ARM.Collect$$rtentry$$00000000  c_w.l(__rtentry.o)
    0x000001c0   0x000001c0   0x00000000   Code   RO         1202    .ARM.Collect$$rtentry$$00000002  c_w.l(__rtentry2.o)
    0x000001c0   0x000001c0   0x00000006   Code   RO         1214    .ARM.Collect$$rtentry$$00000004  c_w.l(__rtentry4.o)
    0x000001c6   0x000001c6   0x00000000   Code   RO         1204    .ARM.Collect$$rtentry$$00000009  c_w.l(__rtentry2.o)
    0x000001c6   0x000001c6   0x00000004   Code   RO         1205    .ARM.Collect$$rtentry$$0000000A  c_w.l(__rtentry2.o)
    0x000001ca   0x000001ca   0x00000000   Code   RO         1207    .ARM.Collect$$rtentry$$0000000C  c_w.l(__rtentry2.o)
    0x000001ca   0x000001ca   0x00000008   Code   RO         1208    .ARM.Collect$$rtentry$$0000000D  c_w.l(__rtentry2.o)
    0x000001d2   0x000001d2   0x00000002   Code   RO         1229    .ARM.Collect$$rtexit$$00000000  c_w.l(rtexit.o)
    0x000001d4   0x000001d4   0x00000000   Code   RO         1277    .ARM.Collect$$rtexit$$00000002  c_w.l(rtexit2.o)
    0x000001d4   0x000001d4   0x00000004   Code   RO         1278    .ARM.Collect$$rtexit$$00000003  c_w.l(rtexit2.o)
    0x000001d8   0x000001d8   0x00000006   Code   RO         1279    .ARM.Collect$$rtexit$$00000004  c_w.l(rtexit2.o)
    0x000001de   0x000001de   0x00000002   PAD
    0x000001e0   0x000001e0   0x00000048   Code   RO          131    .text               osasm.o
    0x00000228   0x00000228   0x0000003c   Code   RO         1114  * .text               startup_msp432p401r_uvision.o
    0x00000264   0x00000264   0x00000006   Code   RO         1169    .text               c_w.l(heapauxi.o)
    0x0000026a   0x0000026a   0x0000004a   Code   RO         1216    .text               c_w.l(sys_stackheap_outer.o)
    0x000002b4   0x000002b4   0x00000012   Code   RO         1218    .text               c_w.l(exit.o)
    0x000002c6   0x000002c6   0x00000002   PAD
    0x000002c8   0x000002c8   0x00000008   Code   RO         1226    .text               c_w.l(libspace.o)
    0x000002d0   0x000002d0   0x0000000c   Code   RO         1287    .text               c_w.l(sys_exit.o)
    0x000002dc   0x000002dc   0x00000002   Code   RO         1298    .text               c_w.l(use_no_semi.o)
    0x000002de   0x000002de   0x00000000   Code   RO         1300    .text               c_w.l(indicate_semi.o)
    0x000002de   0x000002de   0x00000004   Code   RO          139    i.OS_InitSemaphore  os.o
    0x000002e2   0x000002e2   0x00000002   PAD
    0x000002e4   0x000002e4   0x00000010   Code   RO          141    i.OS_MailBox_Init   os.o
    0x000002f4   0x000002f4   0x00000018   Code   RO          142    i.OS_MailBox_Recv   os.o
    0x0000030c   0x0000030c   0x00000018   Code   RO          143    i.OS_MailBox_Send   os.o
    0x00000324   0x00000324   0x00000008   Code   RO          144    i.OS_Signal         os.o
    0x0000032c   0x0000032c   0x00000010   Code   RO          145    i.OS_Wait           os.o
    0x0000033c   0x0000033c   0x00000002   Code   RO          146    i.Scheduler         os.o
    0x0000033e   0x0000033e   0x00000002   PAD
    0x00000340   0x00000340   0x00000060   Code   RO         1122    i.SystemInit        system_msp432p401r.o
    0x000003a0   0x000003a0   0x00000018   Code   RO          288    i.T32_INT1_IRQHandler  bsp.o
    0x000003b8   0x000003b8   0x00000020   Code   RO          289    i.TA1_0_IRQHandler  bsp.o
    0x000003d8   0x000003d8   0x00000020   Code   RO          290    i.TA2_0_IRQHandler  bsp.o
    0x000003f8   0x000003f8   0x00000020   Code   RO          807    i.TA3_0_IRQHandler  texas.o
    0x00000418   0x00000418   0x00000020   Code   RO           11    i.main              lab2.o
    0x00000438   0x00000438   0x00000020   Data   RO         1353    Region$$Table       anon$$obj.o


    Execution Region ER_RW (Exec base: 0x20000000, Load base: 0x00000458, Size: 0x000000ec, Max: 0xffffffff, ABSOLUTE)

    Exec Addr    Load Addr    Size         Type   Attr      Idx    E Section Name        Object

    0x20000000   0x00000458   0x0000004e   Data   RW           19    .data               lab2.o
    0x2000004e   0x000004a6   0x00000002   PAD
    0x20000050   0x000004a8   0x0000000c   Data   RW          149    .data               os.o
    0x2000005c   0x000004b4   0x0000005c   Data   RW          310    .data               bsp.o
    0x200000b8   0x00000510   0x00000034   Data   RW          839    .data               texas.o


    Execution Region ER_ZI (Exec base: 0x200000ec, Load base: 0x00000544, Size: 0x00000264, Max: 0xffffffff, ABSOLUTE)

    Exec Addr    Load Addr    Size         Type   Attr      Idx    E Section Name        Object

    0x200000ec        -       0x00000060   Zero   RW         1227    .bss                c_w.l(libspace.o)
    0x2000014c   0x00000544   0x00000004   PAD
    0x20000150        -       0x00000000   Zero   RW         1112    HEAP                startup_msp432p401r_uvision.o
    0x20000150        -       0x00000200   Zero   RW         1111    STACK               startup_msp432p401r_uvision.o


==============================================================================

Image component sizes


      Code (inc. data)   RO Data    RW Data    ZI Data      Debug   Object Name

        88         28          0         92          0       4692   bsp.o
        32          6          0         78          0       7905   lab2.o
        94         22          0         12          0       3555   os.o
        72          4          0          0          0        260   osasm.o
        60         22        324          0        512        872   startup_msp432p401r_uvision.o
        96         22          0          0          0        473   system_msp432p401r.o
        32         10          0         52          0       7371   texas.o

    ----------------------------------------------------------------------
       478        114        356        236        512      25128   Object Totals
         0          0         32          0          0          0   (incl. Generated)
         4          0          0          2          0          0   (incl. Padding)

    ----------------------------------------------------------------------

      Code (inc. data)   RO Data    RW Data    ZI Data      Debug   Library Member Name

         8          0          0          0          0         68   __main.o
         0          0          0          0          0          0   __rtentry.o
        12          0          0          0          0          0   __rtentry2.o
         6          0          0          0          0          0   __rtentry4.o
        52          8          0          0          0          0   __scatter.o
        26          0          0          0          0          0   __scatter_copy.o
        28          0          0          0          0          0   __scatter_zi.o
        18          0          0          0          0         80   exit.o
         6          0          0          0          0        152   heapauxi.o
         0          0          0          0          0          0   indicate_semi.o
         2          0          0          0          0          0   libinit.o
         2          0          0          0          0          0   libinit2.o
         2          0          0          0          0          0   libshutdown.o
         2          0          0          0          0          0   libshutdown2.o
         8          4          0          0         96         68   libspace.o
         2          0          0          0          0          0   rtexit.o
        10          0          0          0          0          0   rtexit2.o
        12          4          0          0          0         68   sys_exit.o
        74          0          0          0          0         80   sys_stackheap_outer.o
         2          0          0          0          0         68   use_no_semi.o

    ----------------------------------------------------------------------
       278         16          0          0        100        584   Library Totals
         6          0          0          0          4          0   (incl. Padding)

    ----------------------------------------------------------------------

      Code (inc. data)   RO Data    RW Data    ZI Data      Debug   Library Name

       272         16          0          0         96        584   c_w.l

    ----------------------------------------------------------------------
       278         16          0          0        100        584   Library Totals

    ----------------------------------------------------------------------

==============================================================================


      Code (inc. data)   RO Data    RW Data    ZI Data      Debug   

       756        130        356        236        612      25084   Grand Totals
       756        130        356        236        612      25084   ELF Image Totals
       756        130        356        236          0          0   ROM Totals

==============================================================================

    Total RO  Size (Code + RO Data)                 1112 (   1.09kB)
    Total RW  Size (RW Data + ZI Data)               848 (   0.83kB)
    Total ROM Size (Code + RO Data + RW Data)       1348 (   1.32kB)

==============================================================================

