<?xml version="1.0"?>
<link_info>
   <banner>TI ARM Linker PC v15.12.1.LTS</banner>
   <copyright>Copyright (c) 1996-2015 Texas Instruments Incorporated</copyright>
   <link_time>0x575f73e0</link_time>
   <link_errors>0x0</link_errors>
   <output_file>Lab3_MSP432.out</output_file>
   <entry_point>
      <name>_c_int00</name>
      <address>0x68ed</address>
   </entry_point>
   <input_file_list>
      <input_file id="fl-2">
         <path>.\</path>
         <kind>object</kind>
         <file>BSP.obj</file>
         <name>BSP.obj</name>
      </input_file>
      <input_file id="fl-3">
         <path>.\</path>
         <kind>object</kind>
         <file>CortexM.obj</file>
         <name>CortexM.obj</name>
      </input_file>
      <input_file id="fl-4">
         <path>.\</path>
         <kind>object</kind>
         <file>Lab3.obj</file>
         <name>Lab3.obj</name>
      </input_file>
      <input_file id="fl-5">
         <path>.\</path>
         <kind>object</kind>
         <file>Profile.obj</file>
         <name>Profile.obj</name>
      </input_file>
      <input_file id="fl-6">
         <path>.\</path>
         <kind>object</kind>
         <file>Texas.obj</file>
         <name>Texas.obj</name>
      </input_file>
      <input_file id="fl-7">
         <path>.\</path>
         <kind>object</kind>
         <file>msp432_startup_ccs.obj</file>
         <name>msp432_startup_ccs.obj</name>
      </input_file>
      <input_file id="fl-8">
         <path>.\</path>
         <kind>object</kind>
         <file>os.obj</file>
         <name>os.obj</name>
      </input_file>
      <input_file id="fl-9">
         <path>.\</path>
         <kind>object</kind>
         <file>osasm.obj</file>
         <name>osasm.obj</name>
      </input_file>
      <input_file id="fl-c3">
         <path>C:\ti\ccs613\ccsv6\tools\compiler\ti-cgt-arm_15.12.1.LTS\lib\</path>
         <kind>archive</kind>
         <file>rtsv7M4_T_le_v4SPD16_eabi.lib</file>
         <name>boot.obj</name>
      </input_file>
      <input_file id="fl-c4">
         <path>C:\ti\ccs613\ccsv6\tools\compiler\ti-cgt-arm_15.12.1.LTS\lib\</path>
         <kind>archive</kind>
         <file>rtsv7M4_T_le_v4SPD16_eabi.lib</file>
         <name>copy_decompress_none.obj</name>
      </input_file>
      <input_file id="fl-c5">
         <path>C:\ti\ccs613\ccsv6\tools\compiler\ti-cgt-arm_15.12.1.LTS\lib\</path>
         <kind>archive</kind>
         <file>rtsv7M4_T_le_v4SPD16_eabi.lib</file>
         <name>copy_decompress_rle.obj</name>
      </input_file>
      <input_file id="fl-c6">
         <path>C:\ti\ccs613\ccsv6\tools\compiler\ti-cgt-arm_15.12.1.LTS\lib\</path>
         <kind>archive</kind>
         <file>rtsv7M4_T_le_v4SPD16_eabi.lib</file>
         <name>copy_zero_init.obj</name>
      </input_file>
      <input_file id="fl-c7">
         <path>C:\ti\ccs613\ccsv6\tools\compiler\ti-cgt-arm_15.12.1.LTS\lib\</path>
         <kind>archive</kind>
         <file>rtsv7M4_T_le_v4SPD16_eabi.lib</file>
         <name>exit.obj</name>
      </input_file>
      <input_file id="fl-c8">
         <path>C:\ti\ccs613\ccsv6\tools\compiler\ti-cgt-arm_15.12.1.LTS\lib\</path>
         <kind>archive</kind>
         <file>rtsv7M4_T_le_v4SPD16_eabi.lib</file>
         <name>memcpy_t2.obj</name>
      </input_file>
      <input_file id="fl-c9">
         <path>C:\ti\ccs613\ccsv6\tools\compiler\ti-cgt-arm_15.12.1.LTS\lib\</path>
         <kind>archive</kind>
         <file>rtsv7M4_T_le_v4SPD16_eabi.lib</file>
         <name>memset_t2.obj</name>
      </input_file>
      <input_file id="fl-ca">
         <path>C:\ti\ccs613\ccsv6\tools\compiler\ti-cgt-arm_15.12.1.LTS\lib\</path>
         <kind>archive</kind>
         <file>rtsv7M4_T_le_v4SPD16_eabi.lib</file>
         <name>mpu_init.obj</name>
      </input_file>
      <input_file id="fl-cb">
         <path>C:\ti\ccs613\ccsv6\tools\compiler\ti-cgt-arm_15.12.1.LTS\lib\</path>
         <kind>archive</kind>
         <file>rtsv7M4_T_le_v4SPD16_eabi.lib</file>
         <name>pre_init.obj</name>
      </input_file>
      <input_file id="fl-cc">
         <path>C:\ti\ccs613\ccsv6\tools\compiler\ti-cgt-arm_15.12.1.LTS\lib\</path>
         <kind>archive</kind>
         <file>rtsv7M4_T_le_v4SPD16_eabi.lib</file>
         <name>stkdepth_vars.obj</name>
      </input_file>
      <input_file id="fl-cd">
         <path>C:\ti\ccs613\ccsv6\tools\compiler\ti-cgt-arm_15.12.1.LTS\lib\</path>
         <kind>archive</kind>
         <file>rtsv7M4_T_le_v4SPD16_eabi.lib</file>
         <name>_lock.obj</name>
      </input_file>
      <input_file id="fl-ce">
         <path>C:\ti\ccs613\ccsv6\tools\compiler\ti-cgt-arm_15.12.1.LTS\lib\</path>
         <kind>archive</kind>
         <file>rtsv7M4_T_le_v4SPD16_eabi.lib</file>
         <name>args_main.obj</name>
      </input_file>
      <input_file id="fl-cf">
         <path>C:\ti\ccs613\ccsv6\tools\compiler\ti-cgt-arm_15.12.1.LTS\lib\</path>
         <kind>archive</kind>
         <file>rtsv7M4_T_le_v4SPD16_eabi.lib</file>
         <name>autoinit.obj</name>
      </input_file>
      <input_file id="fl-d0">
         <path>C:\ti\ccs613\ccsv6\tools\compiler\ti-cgt-arm_15.12.1.LTS\lib\</path>
         <kind>archive</kind>
         <file>rtsv7M4_T_le_v4SPD16_eabi.lib</file>
         <name>cpy_tbl.obj</name>
      </input_file>
      <input_file id="fl-d1">
         <path>C:\ti\ccs613\ccsv6\tools\compiler\ti-cgt-arm_15.12.1.LTS\lib\</path>
         <kind>archive</kind>
         <file>rtsv7M4_T_le_v4SPD16_eabi.lib</file>
         <name>startup.obj</name>
      </input_file>
   </input_file_list>
   <object_component_list>
      <object_component id="oc-c2">
         <name>.text</name>
         <load_address>0x0</load_address>
         <run_address>0x0</run_address>
         <size>0x2ad4</size>
         <input_file_ref idref="fl-6"/>
      </object_component>
      <object_component id="oc-bc">
         <name>.text</name>
         <load_address>0x2ad4</load_address>
         <run_address>0x2ad4</run_address>
         <size>0x23fc</size>
         <input_file_ref idref="fl-2"/>
      </object_component>
      <object_component id="oc-9a">
         <name>.text</name>
         <load_address>0x4ed0</load_address>
         <run_address>0x4ed0</run_address>
         <size>0x1114</size>
         <input_file_ref idref="fl-4"/>
      </object_component>
      <object_component id="oc-c8">
         <name>.text</name>
         <load_address>0x5fe4</load_address>
         <run_address>0x5fe4</run_address>
         <size>0x550</size>
         <input_file_ref idref="fl-8"/>
      </object_component>
      <object_component id="oc-ea">
         <name>.text</name>
         <load_address>0x6534</load_address>
         <run_address>0x6534</run_address>
         <size>0x12c</size>
         <input_file_ref idref="fl-5"/>
      </object_component>
      <object_component id="oc-2b">
         <name>.text</name>
         <load_address>0x6660</load_address>
         <run_address>0x6660</run_address>
         <size>0x9c</size>
         <input_file_ref idref="fl-c8"/>
      </object_component>
      <object_component id="oc-e3">
         <name>.text</name>
         <load_address>0x66fc</load_address>
         <run_address>0x66fc</run_address>
         <size>0x9a</size>
         <input_file_ref idref="fl-7"/>
      </object_component>
      <object_component id="oc-44">
         <name>.text</name>
         <load_address>0x6796</load_address>
         <run_address>0x6796</run_address>
         <size>0x7a</size>
         <input_file_ref idref="fl-c9"/>
      </object_component>
      <object_component id="oc-5c">
         <name>.text</name>
         <load_address>0x6810</load_address>
         <run_address>0x6810</run_address>
         <size>0x70</size>
         <input_file_ref idref="fl-cf"/>
      </object_component>
      <object_component id="oc-37">
         <name>.text</name>
         <load_address>0x6880</load_address>
         <run_address>0x6880</run_address>
         <size>0x6a</size>
         <input_file_ref idref="fl-c5"/>
      </object_component>
      <object_component id="oc-50">
         <name>.text</name>
         <load_address>0x68ea</load_address>
         <run_address>0x68ea</run_address>
         <size>0x2</size>
         <input_file_ref idref="fl-ca"/>
      </object_component>
      <object_component id="oc-24">
         <name>.text</name>
         <load_address>0x68ec</load_address>
         <run_address>0x68ec</run_address>
         <size>0x54</size>
         <input_file_ref idref="fl-c3"/>
      </object_component>
      <object_component id="oc-68">
         <name>.text</name>
         <load_address>0x6940</load_address>
         <run_address>0x6940</run_address>
         <size>0x54</size>
         <input_file_ref idref="fl-c7"/>
      </object_component>
      <object_component id="oc-18d">
         <name>.text</name>
         <load_address>0x6994</load_address>
         <run_address>0x6994</run_address>
         <size>0x4c</size>
         <input_file_ref idref="fl-9"/>
      </object_component>
      <object_component id="oc-8c">
         <name>.text</name>
         <load_address>0x69e0</load_address>
         <run_address>0x69e0</run_address>
         <size>0x4c</size>
         <input_file_ref idref="fl-d0"/>
      </object_component>
      <object_component id="oc-62">
         <name>.text</name>
         <load_address>0x6a2c</load_address>
         <run_address>0x6a2c</run_address>
         <size>0x18</size>
         <input_file_ref idref="fl-ce"/>
      </object_component>
      <object_component id="oc-127">
         <name>.text</name>
         <load_address>0x6a44</load_address>
         <run_address>0x6a44</run_address>
         <size>0x14</size>
         <input_file_ref idref="fl-cd"/>
      </object_component>
      <object_component id="oc-12">
         <name>.text:decompress:none</name>
         <load_address>0x6a58</load_address>
         <run_address>0x6a58</run_address>
         <size>0xe</size>
         <input_file_ref idref="fl-c4"/>
      </object_component>
      <object_component id="oc-18">
         <name>.text:decompress:rle24</name>
         <load_address>0x6a66</load_address>
         <run_address>0x6a66</run_address>
         <size>0x6</size>
         <input_file_ref idref="fl-c5"/>
      </object_component>
      <object_component id="oc-56">
         <name>.text</name>
         <load_address>0x6a6c</load_address>
         <run_address>0x6a6c</run_address>
         <size>0x4</size>
         <input_file_ref idref="fl-cb"/>
      </object_component>
      <object_component id="oc-92">
         <name>.text</name>
         <load_address>0x6a70</load_address>
         <run_address>0x6a70</run_address>
         <size>0x2</size>
         <input_file_ref idref="fl-d1"/>
      </object_component>
      <object_component id="oc-115">
         <name>.const:title2</name>
         <load_address>0x6a74</load_address>
         <run_address>0x6a74</run_address>
         <size>0x25d0</size>
         <input_file_ref idref="fl-4"/>
      </object_component>
      <object_component id="oc-14c">
         <name>.const:.string:Font</name>
         <load_address>0x9044</load_address>
         <run_address>0x9044</run_address>
         <size>0x4fb</size>
         <input_file_ref idref="fl-2"/>
      </object_component>
      <object_component id="oc-140">
         <name>.const:.string:Rcmd1</name>
         <load_address>0x953f</load_address>
         <run_address>0x953f</run_address>
         <size>0x3b</size>
         <input_file_ref idref="fl-2"/>
      </object_component>
      <object_component id="oc-149">
         <name>.const:.string:Rcmd3</name>
         <load_address>0x957a</load_address>
         <run_address>0x957a</run_address>
         <size>0x2b</size>
         <input_file_ref idref="fl-2"/>
      </object_component>
      <object_component id="oc-17c">
         <name>.const:Scramble</name>
         <load_address>0x95a8</load_address>
         <run_address>0x95a8</run_address>
         <size>0x20</size>
         <input_file_ref idref="fl-6"/>
      </object_component>
      <object_component id="oc-143">
         <name>.const:.string:Rcmd2green</name>
         <load_address>0x95c8</load_address>
         <run_address>0x95c8</run_address>
         <size>0xd</size>
         <input_file_ref idref="fl-2"/>
      </object_component>
      <object_component id="oc-146">
         <name>.const:.string:Rcmd2red</name>
         <load_address>0x95d5</load_address>
         <run_address>0x95d5</run_address>
         <size>0xd</size>
         <input_file_ref idref="fl-2"/>
      </object_component>
      <object_component id="oc-179">
         <name>.const:.string:Key</name>
         <load_address>0x95e2</load_address>
         <run_address>0x95e2</run_address>
         <size>0x8</size>
         <input_file_ref idref="fl-6"/>
      </object_component>
      <object_component id="oc-1f6">
         <name>.cinit..data.load</name>
         <load_address>0x95f0</load_address>
         <run_address>0x95f0</run_address>
         <size>0x2d</size>
      </object_component>
      <object_component id="oc-1f7">
         <name>.cinit..bss.load</name>
         <load_address>0x9620</load_address>
         <run_address>0x9620</run_address>
         <size>0xb</size>
      </object_component>
      <object_component id="oc-1f4">
         <name>__TI_handler_table</name>
         <load_address>0x962c</load_address>
         <run_address>0x962c</run_address>
         <size>0x8</size>
      </object_component>
      <object_component id="oc-1f5">
         <name>__TI_cinit_table</name>
         <load_address>0x9634</load_address>
         <run_address>0x9634</run_address>
         <size>0x10</size>
      </object_component>
      <object_component id="oc-1d3">
         <name>.binit</name>
         <load_address>0x0</load_address>
         <run_address>0x0</run_address>
         <size>0x0</size>
      </object_component>
      <object_component id="oc-13d">
         <name>.data</name>
         <load_address>0x200019e8</load_address>
         <run_address>0x200019e8</run_address>
         <size>0x34</size>
         <input_file_ref idref="fl-2"/>
      </object_component>
      <object_component id="oc-d2">
         <name>.data</name>
         <load_address>0x20001a1c</load_address>
         <run_address>0x20001a1c</run_address>
         <size>0x1a</size>
         <input_file_ref idref="fl-4"/>
      </object_component>
      <object_component id="oc-174">
         <name>.data</name>
         <load_address>0x20001a38</load_address>
         <run_address>0x20001a38</run_address>
         <size>0x14</size>
         <input_file_ref idref="fl-6"/>
      </object_component>
      <object_component id="oc-a2">
         <name>.data:$O1$$</name>
         <load_address>0x20001a4c</load_address>
         <run_address>0x20001a4c</run_address>
         <size>0xc</size>
         <input_file_ref idref="fl-c7"/>
      </object_component>
      <object_component id="oc-6e">
         <name>.data</name>
         <load_address>0x20001a60</load_address>
         <run_address>0x20001a60</run_address>
         <size>0x4</size>
         <input_file_ref idref="fl-cc"/>
      </object_component>
      <object_component id="oc-a5">
         <name>.data:$O1$$</name>
         <load_address>0x20001a58</load_address>
         <run_address>0x20001a58</run_address>
         <size>0x8</size>
         <input_file_ref idref="fl-cd"/>
      </object_component>
      <object_component id="oc-13a">
         <name>.bss</name>
         <uninitialized>true</uninitialized>
         <run_address>0x200018b4</run_address>
         <size>0x4</size>
         <input_file_ref idref="fl-2"/>
      </object_component>
      <object_component id="oc-14f">
         <name>.common:Message</name>
         <uninitialized>true</uninitialized>
         <run_address>0x20001888</run_address>
         <size>0xc</size>
      </object_component>
      <object_component id="oc-152">
         <name>.common:Messageindex</name>
         <uninitialized>true</uninitialized>
         <run_address>0x20001950</run_address>
         <size>0x4</size>
      </object_component>
      <object_component id="oc-156">
         <name>.common:TimeIndex</name>
         <uninitialized>true</uninitialized>
         <run_address>0x200019b4</run_address>
         <size>0x4</size>
      </object_component>
      <object_component id="oc-153">
         <name>.common:Ymax</name>
         <uninitialized>true</uninitialized>
         <run_address>0x200019b8</run_address>
         <size>0x4</size>
      </object_component>
      <object_component id="oc-154">
         <name>.common:Ymin</name>
         <uninitialized>true</uninitialized>
         <run_address>0x200019bc</run_address>
         <size>0x4</size>
      </object_component>
      <object_component id="oc-155">
         <name>.common:Yrange</name>
         <uninitialized>true</uninitialized>
         <run_address>0x200019c0</run_address>
         <size>0x4</size>
      </object_component>
      <object_component id="oc-157">
         <name>.common:PlotBGColor</name>
         <uninitialized>true</uninitialized>
         <run_address>0x200019e2</run_address>
         <size>0x2</size>
      </object_component>
      <object_component id="oc-158">
         <name>.common:PeriodicTask</name>
         <uninitialized>true</uninitialized>
         <run_address>0x2000195c</run_address>
         <size>0x4</size>
      </object_component>
      <object_component id="oc-159">
         <name>.common:PeriodicTaskB</name>
         <uninitialized>true</uninitialized>
         <run_address>0x20001964</run_address>
         <size>0x4</size>
      </object_component>
      <object_component id="oc-15a">
         <name>.common:PeriodicTaskC</name>
         <uninitialized>true</uninitialized>
         <run_address>0x20001968</run_address>
         <size>0x4</size>
      </object_component>
      <object_component id="oc-dc">
         <name>.common:Time</name>
         <uninitialized>true</uninitialized>
         <run_address>0x200019b0</run_address>
         <size>0x4</size>
      </object_component>
      <object_component id="oc-df">
         <name>.common:Steps</name>
         <uninitialized>true</uninitialized>
         <run_address>0x2000197c</run_address>
         <size>0x4</size>
      </object_component>
      <object_component id="oc-dd">
         <name>.common:Magnitude</name>
         <uninitialized>true</uninitialized>
         <run_address>0x2000194c</run_address>
         <size>0x4</size>
      </object_component>
      <object_component id="oc-de">
         <name>.common:EWMA</name>
         <uninitialized>true</uninitialized>
         <run_address>0x2000190c</run_address>
         <size>0x4</size>
      </object_component>
      <object_component id="oc-d1">
         <name>.common:SoundData</name>
         <uninitialized>true</uninitialized>
         <run_address>0x200019e4</run_address>
         <size>0x2</size>
      </object_component>
      <object_component id="oc-d6">
         <name>.common:SoundAvg</name>
         <uninitialized>true</uninitialized>
         <run_address>0x20001974</run_address>
         <size>0x4</size>
      </object_component>
      <object_component id="oc-ce">
         <name>.common:SoundRMS</name>
         <uninitialized>true</uninitialized>
         <run_address>0x20001978</run_address>
         <size>0x4</size>
      </object_component>
      <object_component id="oc-e2">
         <name>.common:LightData</name>
         <uninitialized>true</uninitialized>
         <run_address>0x20001940</run_address>
         <size>0x4</size>
      </object_component>
      <object_component id="oc-e1">
         <name>.common:TemperatureData</name>
         <uninitialized>true</uninitialized>
         <run_address>0x200019ac</run_address>
         <size>0x4</size>
      </object_component>
      <object_component id="oc-d7">
         <name>.common:NewData</name>
         <uninitialized>true</uninitialized>
         <run_address>0x20001958</run_address>
         <size>0x4</size>
      </object_component>
      <object_component id="oc-e0">
         <name>.common:LCDmutex</name>
         <uninitialized>true</uninitialized>
         <run_address>0x2000193c</run_address>
         <size>0x4</size>
      </object_component>
      <object_component id="oc-e9">
         <name>.common:I2Cmutex</name>
         <uninitialized>true</uninitialized>
         <run_address>0x20001918</run_address>
         <size>0x4</size>
      </object_component>
      <object_component id="oc-d5">
         <name>.common:SoundArray</name>
         <uninitialized>true</uninitialized>
         <run_address>0x20000960</run_address>
         <size>0x7d0</size>
      </object_component>
      <object_component id="oc-db">
         <name>.common:LostTask1Data</name>
         <uninitialized>true</uninitialized>
         <run_address>0x20001948</run_address>
         <size>0x4</size>
      </object_component>
      <object_component id="oc-d8">
         <name>.common:AccX</name>
         <uninitialized>true</uninitialized>
         <run_address>0x200019dc</run_address>
         <size>0x2</size>
      </object_component>
      <object_component id="oc-d9">
         <name>.common:AccY</name>
         <uninitialized>true</uninitialized>
         <run_address>0x200019de</run_address>
         <size>0x2</size>
      </object_component>
      <object_component id="oc-da">
         <name>.common:AccZ</name>
         <uninitialized>true</uninitialized>
         <run_address>0x200019e0</run_address>
         <size>0x2</size>
      </object_component>
      <object_component id="oc-f0">
         <name>.common:Count7</name>
         <uninitialized>true</uninitialized>
         <run_address>0x200018b8</run_address>
         <size>0x4</size>
      </object_component>
      <object_component id="oc-f1">
         <name>.common:s1</name>
         <uninitialized>true</uninitialized>
         <run_address>0x200019c4</run_address>
         <size>0x4</size>
      </object_component>
      <object_component id="oc-f2">
         <name>.common:s2</name>
         <uninitialized>true</uninitialized>
         <run_address>0x200019c8</run_address>
         <size>0x4</size>
      </object_component>
      <object_component id="oc-f4">
         <name>.common:sAB</name>
         <uninitialized>true</uninitialized>
         <run_address>0x200019cc</run_address>
         <size>0x4</size>
      </object_component>
      <object_component id="oc-f7">
         <name>.common:sCD</name>
         <uninitialized>true</uninitialized>
         <run_address>0x200019d0</run_address>
         <size>0x4</size>
      </object_component>
      <object_component id="oc-fa">
         <name>.common:sEF</name>
         <uninitialized>true</uninitialized>
         <run_address>0x200019d4</run_address>
         <size>0x4</size>
      </object_component>
      <object_component id="oc-f3">
         <name>.common:CountA</name>
         <uninitialized>true</uninitialized>
         <run_address>0x200018bc</run_address>
         <size>0x4</size>
      </object_component>
      <object_component id="oc-f5">
         <name>.common:CountB</name>
         <uninitialized>true</uninitialized>
         <run_address>0x200018c0</run_address>
         <size>0x4</size>
      </object_component>
      <object_component id="oc-f6">
         <name>.common:CountC</name>
         <uninitialized>true</uninitialized>
         <run_address>0x200018c4</run_address>
         <size>0x4</size>
      </object_component>
      <object_component id="oc-f8">
         <name>.common:CountD</name>
         <uninitialized>true</uninitialized>
         <run_address>0x200018c8</run_address>
         <size>0x4</size>
      </object_component>
      <object_component id="oc-f9">
         <name>.common:CountE</name>
         <uninitialized>true</uninitialized>
         <run_address>0x200018cc</run_address>
         <size>0x4</size>
      </object_component>
      <object_component id="oc-fb">
         <name>.common:CountF</name>
         <uninitialized>true</uninitialized>
         <run_address>0x200018d0</run_address>
         <size>0x4</size>
      </object_component>
      <object_component id="oc-fc">
         <name>.common:TaskGdata</name>
         <uninitialized>true</uninitialized>
         <run_address>0x20001980</run_address>
         <size>0x4</size>
      </object_component>
      <object_component id="oc-fd">
         <name>.common:TaskHexpected</name>
         <uninitialized>true</uninitialized>
         <run_address>0x2000198c</run_address>
         <size>0x4</size>
      </object_component>
      <object_component id="oc-ff">
         <name>.common:TaskHactual</name>
         <uninitialized>true</uninitialized>
         <run_address>0x20001988</run_address>
         <size>0x4</size>
      </object_component>
      <object_component id="oc-fe">
         <name>.common:TaskHLostData</name>
         <uninitialized>true</uninitialized>
         <run_address>0x20001984</run_address>
         <size>0x4</size>
      </object_component>
      <object_component id="oc-100">
         <name>.common:CountI</name>
         <uninitialized>true</uninitialized>
         <run_address>0x200018d4</run_address>
         <size>0x4</size>
      </object_component>
      <object_component id="oc-101">
         <name>.common:CountJ</name>
         <uninitialized>true</uninitialized>
         <run_address>0x200018d8</run_address>
         <size>0x4</size>
      </object_component>
      <object_component id="oc-102">
         <name>.common:CountK</name>
         <uninitialized>true</uninitialized>
         <run_address>0x200018dc</run_address>
         <size>0x4</size>
      </object_component>
      <object_component id="oc-103">
         <name>.common:CountL</name>
         <uninitialized>true</uninitialized>
         <run_address>0x200018e0</run_address>
         <size>0x4</size>
      </object_component>
      <object_component id="oc-104">
         <name>.common:TaskMdata</name>
         <uninitialized>true</uninitialized>
         <run_address>0x20001990</run_address>
         <size>0x4</size>
      </object_component>
      <object_component id="oc-105">
         <name>.common:TaskNexpected</name>
         <uninitialized>true</uninitialized>
         <run_address>0x2000199c</run_address>
         <size>0x4</size>
      </object_component>
      <object_component id="oc-107">
         <name>.common:TaskNactual</name>
         <uninitialized>true</uninitialized>
         <run_address>0x20001998</run_address>
         <size>0x4</size>
      </object_component>
      <object_component id="oc-106">
         <name>.common:TaskNLostData</name>
         <uninitialized>true</uninitialized>
         <run_address>0x20001994</run_address>
         <size>0x4</size>
      </object_component>
      <object_component id="oc-108">
         <name>.common:CountO</name>
         <uninitialized>true</uninitialized>
         <run_address>0x200018e4</run_address>
         <size>0x4</size>
      </object_component>
      <object_component id="oc-109">
         <name>.common:CountP</name>
         <uninitialized>true</uninitialized>
         <run_address>0x200018e8</run_address>
         <size>0x4</size>
      </object_component>
      <object_component id="oc-10a">
         <name>.common:CountQ</name>
         <uninitialized>true</uninitialized>
         <run_address>0x200018ec</run_address>
         <size>0x4</size>
      </object_component>
      <object_component id="oc-10b">
         <name>.common:CountR</name>
         <uninitialized>true</uninitialized>
         <run_address>0x200018f0</run_address>
         <size>0x4</size>
      </object_component>
      <object_component id="oc-10c">
         <name>.common:TaskTexpected</name>
         <uninitialized>true</uninitialized>
         <run_address>0x200019a8</run_address>
         <size>0x4</size>
      </object_component>
      <object_component id="oc-10e">
         <name>.common:TaskTactual</name>
         <uninitialized>true</uninitialized>
         <run_address>0x200019a4</run_address>
         <size>0x4</size>
      </object_component>
      <object_component id="oc-10d">
         <name>.common:TaskTLostData</name>
         <uninitialized>true</uninitialized>
         <run_address>0x200019a0</run_address>
         <size>0x4</size>
      </object_component>
      <object_component id="oc-10f">
         <name>.common:sUV</name>
         <uninitialized>true</uninitialized>
         <run_address>0x200019d8</run_address>
         <size>0x4</size>
      </object_component>
      <object_component id="oc-110">
         <name>.common:CountV</name>
         <uninitialized>true</uninitialized>
         <run_address>0x200018f4</run_address>
         <size>0x4</size>
      </object_component>
      <object_component id="oc-111">
         <name>.common:CountW</name>
         <uninitialized>true</uninitialized>
         <run_address>0x200018f8</run_address>
         <size>0x4</size>
      </object_component>
      <object_component id="oc-112">
         <name>.common:CountX</name>
         <uninitialized>true</uninitialized>
         <run_address>0x200018fc</run_address>
         <size>0x4</size>
      </object_component>
      <object_component id="oc-113">
         <name>.common:CountY</name>
         <uninitialized>true</uninitialized>
         <run_address>0x20001900</run_address>
         <size>0x4</size>
      </object_component>
      <object_component id="oc-114">
         <name>.common:CountZ</name>
         <uninitialized>true</uninitialized>
         <run_address>0x20001904</run_address>
         <size>0x4</size>
      </object_component>
      <object_component id="oc-161">
         <name>.common:LogicData</name>
         <uninitialized>true</uninitialized>
         <run_address>0x200019e6</run_address>
         <size>0x1</size>
      </object_component>
      <object_component id="oc-172">
         <name>.common:Id</name>
         <uninitialized>true</uninitialized>
         <run_address>0x2000191c</run_address>
         <size>0x4</size>
      </object_component>
      <object_component id="oc-178">
         <name>.common:MagicCode</name>
         <uninitialized>true</uninitialized>
         <run_address>0x2000187c</run_address>
         <size>0xc</size>
      </object_component>
      <object_component id="oc-173">
         <name>.common:EncriptedMagicCode</name>
         <uninitialized>true</uninitialized>
         <run_address>0x20001870</run_address>
         <size>0xc</size>
      </object_component>
      <object_component id="oc-16b">
         <name>.common:TimeBuffer0</name>
         <uninitialized>true</uninitialized>
         <run_address>0x20001130</run_address>
         <size>0x190</size>
      </object_component>
      <object_component id="oc-164">
         <name>.common:Index0</name>
         <uninitialized>true</uninitialized>
         <run_address>0x20001920</run_address>
         <size>0x4</size>
      </object_component>
      <object_component id="oc-16c">
         <name>.common:TimeBuffer1</name>
         <uninitialized>true</uninitialized>
         <run_address>0x200012c0</run_address>
         <size>0x190</size>
      </object_component>
      <object_component id="oc-165">
         <name>.common:Index1</name>
         <uninitialized>true</uninitialized>
         <run_address>0x20001924</run_address>
         <size>0x4</size>
      </object_component>
      <object_component id="oc-16d">
         <name>.common:TimeBuffer2</name>
         <uninitialized>true</uninitialized>
         <run_address>0x20001450</run_address>
         <size>0x190</size>
      </object_component>
      <object_component id="oc-166">
         <name>.common:Index2</name>
         <uninitialized>true</uninitialized>
         <run_address>0x20001928</run_address>
         <size>0x4</size>
      </object_component>
      <object_component id="oc-16e">
         <name>.common:TimeBuffer3</name>
         <uninitialized>true</uninitialized>
         <run_address>0x200015e0</run_address>
         <size>0x190</size>
      </object_component>
      <object_component id="oc-167">
         <name>.common:Index3</name>
         <uninitialized>true</uninitialized>
         <run_address>0x2000192c</run_address>
         <size>0x4</size>
      </object_component>
      <object_component id="oc-16f">
         <name>.common:TimeBuffer4</name>
         <uninitialized>true</uninitialized>
         <run_address>0x200017f8</run_address>
         <size>0x28</size>
      </object_component>
      <object_component id="oc-168">
         <name>.common:Index4</name>
         <uninitialized>true</uninitialized>
         <run_address>0x20001930</run_address>
         <size>0x4</size>
      </object_component>
      <object_component id="oc-170">
         <name>.common:TimeBuffer5</name>
         <uninitialized>true</uninitialized>
         <run_address>0x20001820</run_address>
         <size>0x28</size>
      </object_component>
      <object_component id="oc-169">
         <name>.common:Index5</name>
         <uninitialized>true</uninitialized>
         <run_address>0x20001934</run_address>
         <size>0x4</size>
      </object_component>
      <object_component id="oc-171">
         <name>.common:TimeBuffer6</name>
         <uninitialized>true</uninitialized>
         <run_address>0x20001848</run_address>
         <size>0x28</size>
      </object_component>
      <object_component id="oc-16a">
         <name>.common:Index6</name>
         <uninitialized>true</uninitialized>
         <run_address>0x20001938</run_address>
         <size>0x4</size>
      </object_component>
      <object_component id="oc-175">
         <name>.common:PeriodicTask2</name>
         <uninitialized>true</uninitialized>
         <run_address>0x20001960</run_address>
         <size>0x4</size>
      </object_component>
      <object_component id="oc-177">
         <name>.common:Messageindexb</name>
         <uninitialized>true</uninitialized>
         <run_address>0x20001954</run_address>
         <size>0x4</size>
      </object_component>
      <object_component id="oc-176">
         <name>.common:Messageb</name>
         <uninitialized>true</uninitialized>
         <run_address>0x200018a4</run_address>
         <size>0x8</size>
      </object_component>
      <object_component id="oc-18b">
         <name>.common:tcbs</name>
         <uninitialized>true</uninitialized>
         <run_address>0x20001770</run_address>
         <size>0x60</size>
      </object_component>
      <object_component id="oc-192">
         <name>.common:RunPt</name>
         <uninitialized>true</uninitialized>
         <run_address>0x20001970</run_address>
         <size>0x4</size>
      </object_component>
      <object_component id="oc-18c">
         <name>.common:Stacks</name>
         <uninitialized>true</uninitialized>
         <run_address>0x20000000</run_address>
         <size>0x960</size>
      </object_component>
      <object_component id="oc-185">
         <name>.common:EventThreadIndex</name>
         <uninitialized>true</uninitialized>
         <run_address>0x20001910</run_address>
         <size>0x4</size>
      </object_component>
      <object_component id="oc-188">
         <name>.common:EventThreadPeriodsReload</name>
         <uninitialized>true</uninitialized>
         <run_address>0x2000189c</run_address>
         <size>0x8</size>
      </object_component>
      <object_component id="oc-189">
         <name>.common:EventThreadPeriods</name>
         <uninitialized>true</uninitialized>
         <run_address>0x20001894</run_address>
         <size>0x8</size>
      </object_component>
      <object_component id="oc-18a">
         <name>.common:PeriodicEvents</name>
         <uninitialized>true</uninitialized>
         <run_address>0x200018ac</run_address>
         <size>0x8</size>
      </object_component>
      <object_component id="oc-193">
         <name>.common:PutI</name>
         <uninitialized>true</uninitialized>
         <run_address>0x2000196c</run_address>
         <size>0x4</size>
      </object_component>
      <object_component id="oc-194">
         <name>.common:GetI</name>
         <uninitialized>true</uninitialized>
         <run_address>0x20001914</run_address>
         <size>0x4</size>
      </object_component>
      <object_component id="oc-197">
         <name>.common:Fifo</name>
         <uninitialized>true</uninitialized>
         <run_address>0x200017d0</run_address>
         <size>0x28</size>
      </object_component>
      <object_component id="oc-195">
         <name>.common:CurrentSize</name>
         <uninitialized>true</uninitialized>
         <run_address>0x20001908</run_address>
         <size>0x4</size>
      </object_component>
      <object_component id="oc-196">
         <name>.common:LostData</name>
         <uninitialized>true</uninitialized>
         <run_address>0x20001944</run_address>
         <size>0x4</size>
      </object_component>
      <object_component id="oc-2a">
         <name>.stack</name>
         <uninitialized>true</uninitialized>
         <run_address>0x2000fe00</run_address>
         <size>0x0</size>
         <input_file_ref idref="fl-c3"/>
      </object_component>
      <object_component id="oc-1f8">
         <name>.stack</name>
         <uninitialized>true</uninitialized>
         <run_address>0x2000fe00</run_address>
         <size>0x0</size>
      </object_component>
      <object_component id="oc-150">
         <name>.debug_info</name>
         <load_address>0x0</load_address>
         <run_address>0x0</run_address>
         <size>0x54f</size>
         <input_file_ref idref="fl-2"/>
      </object_component>
      <object_component id="oc-13e">
         <name>.debug_info</name>
         <load_address>0x54f</load_address>
         <run_address>0x54f</run_address>
         <size>0x2c0</size>
         <input_file_ref idref="fl-2"/>
      </object_component>
      <object_component id="oc-13b">
         <name>.debug_info</name>
         <load_address>0x80f</load_address>
         <run_address>0x80f</run_address>
         <size>0x13f</size>
         <input_file_ref idref="fl-2"/>
      </object_component>
      <object_component id="oc-14d">
         <name>.debug_info</name>
         <load_address>0x94e</load_address>
         <run_address>0x94e</run_address>
         <size>0xf3</size>
         <input_file_ref idref="fl-2"/>
      </object_component>
      <object_component id="oc-141">
         <name>.debug_info</name>
         <load_address>0xa41</load_address>
         <run_address>0xa41</run_address>
         <size>0xf5</size>
         <input_file_ref idref="fl-2"/>
      </object_component>
      <object_component id="oc-144">
         <name>.debug_info</name>
         <load_address>0xb36</load_address>
         <run_address>0xb36</run_address>
         <size>0xff</size>
         <input_file_ref idref="fl-2"/>
      </object_component>
      <object_component id="oc-147">
         <name>.debug_info</name>
         <load_address>0xc35</load_address>
         <run_address>0xc35</run_address>
         <size>0xfb</size>
         <input_file_ref idref="fl-2"/>
      </object_component>
      <object_component id="oc-14a">
         <name>.debug_info</name>
         <load_address>0xd30</load_address>
         <run_address>0xd30</run_address>
         <size>0xf5</size>
         <input_file_ref idref="fl-2"/>
      </object_component>
      <object_component id="oc-bd">
         <name>.debug_info</name>
         <load_address>0xe25</load_address>
         <run_address>0xe25</run_address>
         <size>0x5313</size>
         <input_file_ref idref="fl-2"/>
      </object_component>
      <object_component id="oc-1be">
         <name>.debug_info</name>
         <load_address>0x6138</load_address>
         <run_address>0x6138</run_address>
         <size>0x103e</size>
         <input_file_ref idref="fl-2"/>
      </object_component>
      <object_component id="oc-7a">
         <name>.debug_info</name>
         <load_address>0x7176</load_address>
         <run_address>0x7176</run_address>
         <size>0x84</size>
         <input_file_ref idref="fl-2"/>
      </object_component>
      <object_component id="oc-119">
         <name>.debug_info</name>
         <load_address>0x71fa</load_address>
         <run_address>0x71fa</run_address>
         <size>0x18b</size>
         <input_file_ref idref="fl-2"/>
      </object_component>
      <object_component id="oc-15c">
         <name>.debug_info</name>
         <load_address>0x7385</load_address>
         <run_address>0x7385</run_address>
         <size>0x56</size>
         <input_file_ref idref="fl-2"/>
      </object_component>
      <object_component id="oc-cf">
         <name>.debug_info</name>
         <load_address>0x73db</load_address>
         <run_address>0x73db</run_address>
         <size>0x118e</size>
         <input_file_ref idref="fl-4"/>
      </object_component>
      <object_component id="oc-d3">
         <name>.debug_info</name>
         <load_address>0x8569</load_address>
         <run_address>0x8569</run_address>
         <size>0x16b</size>
         <input_file_ref idref="fl-4"/>
      </object_component>
      <object_component id="oc-116">
         <name>.debug_info</name>
         <load_address>0x86d4</load_address>
         <run_address>0x86d4</run_address>
         <size>0xd2</size>
         <input_file_ref idref="fl-4"/>
      </object_component>
      <object_component id="oc-9b">
         <name>.debug_info</name>
         <load_address>0x87a6</load_address>
         <run_address>0x87a6</run_address>
         <size>0x1ce7</size>
         <input_file_ref idref="fl-4"/>
      </object_component>
      <object_component id="oc-19b">
         <name>.debug_info</name>
         <load_address>0xa48d</load_address>
         <run_address>0xa48d</run_address>
         <size>0x63</size>
         <input_file_ref idref="fl-4"/>
      </object_component>
      <object_component id="oc-1a2">
         <name>.debug_info</name>
         <load_address>0xa4f0</load_address>
         <run_address>0xa4f0</run_address>
         <size>0x83</size>
         <input_file_ref idref="fl-4"/>
      </object_component>
      <object_component id="oc-eb">
         <name>.debug_info</name>
         <load_address>0xa573</load_address>
         <run_address>0xa573</run_address>
         <size>0x226</size>
         <input_file_ref idref="fl-5"/>
      </object_component>
      <object_component id="oc-162">
         <name>.debug_info</name>
         <load_address>0xa799</load_address>
         <run_address>0xa799</run_address>
         <size>0x6dc</size>
         <input_file_ref idref="fl-6"/>
      </object_component>
      <object_component id="oc-17a">
         <name>.debug_info</name>
         <load_address>0xae75</load_address>
         <run_address>0xae75</run_address>
         <size>0xcd</size>
         <input_file_ref idref="fl-6"/>
      </object_component>
      <object_component id="oc-17d">
         <name>.debug_info</name>
         <load_address>0xaf42</load_address>
         <run_address>0xaf42</run_address>
         <size>0xd7</size>
         <input_file_ref idref="fl-6"/>
      </object_component>
      <object_component id="oc-c3">
         <name>.debug_info</name>
         <load_address>0xb019</load_address>
         <run_address>0xb019</run_address>
         <size>0x243f</size>
         <input_file_ref idref="fl-6"/>
      </object_component>
      <object_component id="oc-180">
         <name>.debug_info</name>
         <load_address>0xd458</load_address>
         <run_address>0xd458</run_address>
         <size>0x63</size>
         <input_file_ref idref="fl-6"/>
      </object_component>
      <object_component id="oc-e4">
         <name>.debug_info</name>
         <load_address>0xd4bb</load_address>
         <run_address>0xd4bb</run_address>
         <size>0x169f</size>
         <input_file_ref idref="fl-7"/>
      </object_component>
      <object_component id="oc-186">
         <name>.debug_info</name>
         <load_address>0xeb5a</load_address>
         <run_address>0xeb5a</run_address>
         <size>0x3e6</size>
         <input_file_ref idref="fl-8"/>
      </object_component>
      <object_component id="oc-c9">
         <name>.debug_info</name>
         <load_address>0xef40</load_address>
         <run_address>0xef40</run_address>
         <size>0xa25</size>
         <input_file_ref idref="fl-8"/>
      </object_component>
      <object_component id="oc-1cb">
         <name>.debug_info</name>
         <load_address>0xf965</load_address>
         <run_address>0xf965</run_address>
         <size>0x8a</size>
         <input_file_ref idref="fl-8"/>
      </object_component>
      <object_component id="oc-18e">
         <name>.debug_info</name>
         <load_address>0xf9ef</load_address>
         <run_address>0xf9ef</run_address>
         <size>0x12a</size>
         <input_file_ref idref="fl-9"/>
      </object_component>
      <object_component id="oc-25">
         <name>.debug_info</name>
         <load_address>0xfb19</load_address>
         <run_address>0xfb19</run_address>
         <size>0x17c</size>
         <input_file_ref idref="fl-c3"/>
      </object_component>
      <object_component id="oc-36">
         <name>.debug_info</name>
         <load_address>0xfc95</load_address>
         <run_address>0xfc95</run_address>
         <size>0x15c</size>
         <input_file_ref idref="fl-c4"/>
      </object_component>
      <object_component id="oc-16">
         <name>.debug_info</name>
         <load_address>0xfdf1</load_address>
         <run_address>0xfdf1</run_address>
         <size>0x1fb</size>
         <input_file_ref idref="fl-c4"/>
      </object_component>
      <object_component id="oc-31">
         <name>.debug_info</name>
         <load_address>0xffec</load_address>
         <run_address>0xffec</run_address>
         <size>0x46</size>
         <input_file_ref idref="fl-c4"/>
      </object_component>
      <object_component id="oc-73">
         <name>.debug_info</name>
         <load_address>0x10032</load_address>
         <run_address>0x10032</run_address>
         <size>0x2c</size>
         <input_file_ref idref="fl-c4"/>
      </object_component>
      <object_component id="oc-3e">
         <name>.debug_info</name>
         <load_address>0x1005e</load_address>
         <run_address>0x1005e</run_address>
         <size>0x150</size>
         <input_file_ref idref="fl-c5"/>
      </object_component>
      <object_component id="oc-39">
         <name>.debug_info</name>
         <load_address>0x101ae</load_address>
         <run_address>0x101ae</run_address>
         <size>0x263</size>
         <input_file_ref idref="fl-c5"/>
      </object_component>
      <object_component id="oc-1b">
         <name>.debug_info</name>
         <load_address>0x10411</load_address>
         <run_address>0x10411</run_address>
         <size>0x1cd</size>
         <input_file_ref idref="fl-c5"/>
      </object_component>
      <object_component id="oc-3f">
         <name>.debug_info</name>
         <load_address>0x105de</load_address>
         <run_address>0x105de</run_address>
         <size>0x39</size>
         <input_file_ref idref="fl-c5"/>
      </object_component>
      <object_component id="oc-82">
         <name>.debug_info</name>
         <load_address>0x10617</load_address>
         <run_address>0x10617</run_address>
         <size>0x2c</size>
         <input_file_ref idref="fl-c5"/>
      </object_component>
      <object_component id="oc-a9">
         <name>.debug_info</name>
         <load_address>0x10643</load_address>
         <run_address>0x10643</run_address>
         <size>0x250</size>
         <input_file_ref idref="fl-c7"/>
      </object_component>
      <object_component id="oc-a3">
         <name>.debug_info</name>
         <load_address>0x10893</load_address>
         <run_address>0x10893</run_address>
         <size>0x1a1</size>
         <input_file_ref idref="fl-c7"/>
      </object_component>
      <object_component id="oc-69">
         <name>.debug_info</name>
         <load_address>0x10a34</load_address>
         <run_address>0x10a34</run_address>
         <size>0x230</size>
         <input_file_ref idref="fl-c7"/>
      </object_component>
      <object_component id="oc-2d">
         <name>.debug_info</name>
         <load_address>0x10c64</load_address>
         <run_address>0x10c64</run_address>
         <size>0x12d</size>
         <input_file_ref idref="fl-c8"/>
      </object_component>
      <object_component id="oc-45">
         <name>.debug_info</name>
         <load_address>0x10d91</load_address>
         <run_address>0x10d91</run_address>
         <size>0x15b</size>
         <input_file_ref idref="fl-c9"/>
      </object_component>
      <object_component id="oc-51">
         <name>.debug_info</name>
         <load_address>0x10eec</load_address>
         <run_address>0x10eec</run_address>
         <size>0x154</size>
         <input_file_ref idref="fl-ca"/>
      </object_component>
      <object_component id="oc-57">
         <name>.debug_info</name>
         <load_address>0x11040</load_address>
         <run_address>0x11040</run_address>
         <size>0x164</size>
         <input_file_ref idref="fl-cb"/>
      </object_component>
      <object_component id="oc-6f">
         <name>.debug_info</name>
         <load_address>0x111a4</load_address>
         <run_address>0x111a4</run_address>
         <size>0x125</size>
         <input_file_ref idref="fl-cc"/>
      </object_component>
      <object_component id="oc-12f">
         <name>.debug_info</name>
         <load_address>0x112c9</load_address>
         <run_address>0x112c9</run_address>
         <size>0x140</size>
         <input_file_ref idref="fl-cd"/>
      </object_component>
      <object_component id="oc-a6">
         <name>.debug_info</name>
         <load_address>0x11409</load_address>
         <run_address>0x11409</run_address>
         <size>0x12f</size>
         <input_file_ref idref="fl-cd"/>
      </object_component>
      <object_component id="oc-128">
         <name>.debug_info</name>
         <load_address>0x11538</load_address>
         <run_address>0x11538</run_address>
         <size>0x23b</size>
         <input_file_ref idref="fl-cd"/>
      </object_component>
      <object_component id="oc-a1">
         <name>.debug_info</name>
         <load_address>0x11773</load_address>
         <run_address>0x11773</run_address>
         <size>0x182</size>
         <input_file_ref idref="fl-ce"/>
      </object_component>
      <object_component id="oc-63">
         <name>.debug_info</name>
         <load_address>0x118f5</load_address>
         <run_address>0x118f5</run_address>
         <size>0x183</size>
         <input_file_ref idref="fl-ce"/>
      </object_component>
      <object_component id="oc-120">
         <name>.debug_info</name>
         <load_address>0x11a78</load_address>
         <run_address>0x11a78</run_address>
         <size>0x5e</size>
         <input_file_ref idref="fl-ce"/>
      </object_component>
      <object_component id="oc-99">
         <name>.debug_info</name>
         <load_address>0x11ad6</load_address>
         <run_address>0x11ad6</run_address>
         <size>0x305</size>
         <input_file_ref idref="fl-cf"/>
      </object_component>
      <object_component id="oc-5d">
         <name>.debug_info</name>
         <load_address>0x11ddb</load_address>
         <run_address>0x11ddb</run_address>
         <size>0x1ac</size>
         <input_file_ref idref="fl-cf"/>
      </object_component>
      <object_component id="oc-b2">
         <name>.debug_info</name>
         <load_address>0x11f87</load_address>
         <run_address>0x11f87</run_address>
         <size>0x39</size>
         <input_file_ref idref="fl-cf"/>
      </object_component>
      <object_component id="oc-b7">
         <name>.debug_info</name>
         <load_address>0x11fc0</load_address>
         <run_address>0x11fc0</run_address>
         <size>0xcd</size>
         <input_file_ref idref="fl-cf"/>
      </object_component>
      <object_component id="oc-ae">
         <name>.debug_info</name>
         <load_address>0x1208d</load_address>
         <run_address>0x1208d</run_address>
         <size>0x1fc</size>
         <input_file_ref idref="fl-d0"/>
      </object_component>
      <object_component id="oc-8d">
         <name>.debug_info</name>
         <load_address>0x12289</load_address>
         <run_address>0x12289</run_address>
         <size>0x19f</size>
         <input_file_ref idref="fl-d0"/>
      </object_component>
      <object_component id="oc-135">
         <name>.debug_info</name>
         <load_address>0x12428</load_address>
         <run_address>0x12428</run_address>
         <size>0x2c</size>
         <input_file_ref idref="fl-d0"/>
      </object_component>
      <object_component id="oc-95">
         <name>.debug_info</name>
         <load_address>0x12454</load_address>
         <run_address>0x12454</run_address>
         <size>0x161</size>
         <input_file_ref idref="fl-d1"/>
      </object_component>
      <object_component id="oc-1f9">
         <name>.debug_info</name>
         <load_address>0x125b5</load_address>
         <run_address>0x125b5</run_address>
         <size>0xa7</size>
      </object_component>
      <object_component id="oc-1bd">
         <name>.debug_line</name>
         <load_address>0x0</load_address>
         <run_address>0x0</run_address>
         <size>0x91</size>
         <input_file_ref idref="fl-2"/>
      </object_component>
      <object_component id="oc-1b1">
         <name>.debug_line</name>
         <load_address>0x91</load_address>
         <run_address>0x91</run_address>
         <size>0x53</size>
         <input_file_ref idref="fl-2"/>
      </object_component>
      <object_component id="oc-1af">
         <name>.debug_line</name>
         <load_address>0xe4</load_address>
         <run_address>0xe4</run_address>
         <size>0x53</size>
         <input_file_ref idref="fl-2"/>
      </object_component>
      <object_component id="oc-1bb">
         <name>.debug_line</name>
         <load_address>0x137</load_address>
         <run_address>0x137</run_address>
         <size>0x53</size>
         <input_file_ref idref="fl-2"/>
      </object_component>
      <object_component id="oc-1b3">
         <name>.debug_line</name>
         <load_address>0x18a</load_address>
         <run_address>0x18a</run_address>
         <size>0x53</size>
         <input_file_ref idref="fl-2"/>
      </object_component>
      <object_component id="oc-1b5">
         <name>.debug_line</name>
         <load_address>0x1dd</load_address>
         <run_address>0x1dd</run_address>
         <size>0x53</size>
         <input_file_ref idref="fl-2"/>
      </object_component>
      <object_component id="oc-1b7">
         <name>.debug_line</name>
         <load_address>0x230</load_address>
         <run_address>0x230</run_address>
         <size>0x53</size>
         <input_file_ref idref="fl-2"/>
      </object_component>
      <object_component id="oc-1b9">
         <name>.debug_line</name>
         <load_address>0x283</load_address>
         <run_address>0x283</run_address>
         <size>0x53</size>
         <input_file_ref idref="fl-2"/>
      </object_component>
      <object_component id="oc-c0">
         <name>.debug_line</name>
         <load_address>0x2d6</load_address>
         <run_address>0x2d6</run_address>
         <size>0xecf</size>
         <input_file_ref idref="fl-2"/>
      </object_component>
      <object_component id="oc-1c1">
         <name>.debug_line</name>
         <load_address>0x11a5</load_address>
         <run_address>0x11a5</run_address>
         <size>0x5c</size>
         <input_file_ref idref="fl-2"/>
      </object_component>
      <object_component id="oc-7d">
         <name>.debug_line</name>
         <load_address>0x1201</load_address>
         <run_address>0x1201</run_address>
         <size>0x20</size>
         <input_file_ref idref="fl-2"/>
      </object_component>
      <object_component id="oc-11c">
         <name>.debug_line</name>
         <load_address>0x1221</load_address>
         <run_address>0x1221</run_address>
         <size>0x6d</size>
         <input_file_ref idref="fl-2"/>
      </object_component>
      <object_component id="oc-15f">
         <name>.debug_line</name>
         <load_address>0x128e</load_address>
         <run_address>0x128e</run_address>
         <size>0x53</size>
         <input_file_ref idref="fl-2"/>
      </object_component>
      <object_component id="oc-19a">
         <name>.debug_line</name>
         <load_address>0x12e1</load_address>
         <run_address>0x12e1</run_address>
         <size>0x87</size>
         <input_file_ref idref="fl-4"/>
      </object_component>
      <object_component id="oc-1a1">
         <name>.debug_line</name>
         <load_address>0x1368</load_address>
         <run_address>0x1368</run_address>
         <size>0x2d</size>
         <input_file_ref idref="fl-4"/>
      </object_component>
      <object_component id="oc-1aa">
         <name>.debug_line</name>
         <load_address>0x1395</load_address>
         <run_address>0x1395</run_address>
         <size>0x2d</size>
         <input_file_ref idref="fl-4"/>
      </object_component>
      <object_component id="oc-9e">
         <name>.debug_line</name>
         <load_address>0x13c2</load_address>
         <run_address>0x13c2</run_address>
         <size>0x909</size>
         <input_file_ref idref="fl-4"/>
      </object_component>
      <object_component id="oc-19e">
         <name>.debug_line</name>
         <load_address>0x1ccb</load_address>
         <run_address>0x1ccb</run_address>
         <size>0x2e</size>
         <input_file_ref idref="fl-4"/>
      </object_component>
      <object_component id="oc-1a5">
         <name>.debug_line</name>
         <load_address>0x1cf9</load_address>
         <run_address>0x1cf9</run_address>
         <size>0x2d</size>
         <input_file_ref idref="fl-4"/>
      </object_component>
      <object_component id="oc-ee">
         <name>.debug_line</name>
         <load_address>0x1d26</load_address>
         <run_address>0x1d26</run_address>
         <size>0x98</size>
         <input_file_ref idref="fl-5"/>
      </object_component>
      <object_component id="oc-1c4">
         <name>.debug_line</name>
         <load_address>0x1dbe</load_address>
         <run_address>0x1dbe</run_address>
         <size>0x58</size>
         <input_file_ref idref="fl-6"/>
      </object_component>
      <object_component id="oc-1c6">
         <name>.debug_line</name>
         <load_address>0x1e16</load_address>
         <run_address>0x1e16</run_address>
         <size>0x2e</size>
         <input_file_ref idref="fl-6"/>
      </object_component>
      <object_component id="oc-1c8">
         <name>.debug_line</name>
         <load_address>0x1e44</load_address>
         <run_address>0x1e44</run_address>
         <size>0x2e</size>
         <input_file_ref idref="fl-6"/>
      </object_component>
      <object_component id="oc-c6">
         <name>.debug_line</name>
         <load_address>0x1e72</load_address>
         <run_address>0x1e72</run_address>
         <size>0x1037</size>
         <input_file_ref idref="fl-6"/>
      </object_component>
      <object_component id="oc-183">
         <name>.debug_line</name>
         <load_address>0x2ea9</load_address>
         <run_address>0x2ea9</run_address>
         <size>0x2e</size>
         <input_file_ref idref="fl-6"/>
      </object_component>
      <object_component id="oc-e7">
         <name>.debug_line</name>
         <load_address>0x2ed7</load_address>
         <run_address>0x2ed7</run_address>
         <size>0x55a</size>
         <input_file_ref idref="fl-7"/>
      </object_component>
      <object_component id="oc-1ca">
         <name>.debug_line</name>
         <load_address>0x3431</load_address>
         <run_address>0x3431</run_address>
         <size>0x55</size>
         <input_file_ref idref="fl-8"/>
      </object_component>
      <object_component id="oc-cc">
         <name>.debug_line</name>
         <load_address>0x3486</load_address>
         <run_address>0x3486</run_address>
         <size>0x287</size>
         <input_file_ref idref="fl-8"/>
      </object_component>
      <object_component id="oc-1ce">
         <name>.debug_line</name>
         <load_address>0x370d</load_address>
         <run_address>0x370d</run_address>
         <size>0x2b</size>
         <input_file_ref idref="fl-8"/>
      </object_component>
      <object_component id="oc-191">
         <name>.debug_line</name>
         <load_address>0x3738</load_address>
         <run_address>0x3738</run_address>
         <size>0x5f</size>
         <input_file_ref idref="fl-9"/>
      </object_component>
      <object_component id="oc-28">
         <name>.debug_line</name>
         <load_address>0x3797</load_address>
         <run_address>0x3797</run_address>
         <size>0x53</size>
         <input_file_ref idref="fl-c3"/>
      </object_component>
      <object_component id="oc-79">
         <name>.debug_line</name>
         <load_address>0x37ea</load_address>
         <run_address>0x37ea</run_address>
         <size>0xa5</size>
         <input_file_ref idref="fl-c4"/>
      </object_component>
      <object_component id="oc-14">
         <name>.debug_line</name>
         <load_address>0x388f</load_address>
         <run_address>0x388f</run_address>
         <size>0x55</size>
         <input_file_ref idref="fl-c4"/>
      </object_component>
      <object_component id="oc-34">
         <name>.debug_line</name>
         <load_address>0x38e4</load_address>
         <run_address>0x38e4</run_address>
         <size>0x3a</size>
         <input_file_ref idref="fl-c4"/>
      </object_component>
      <object_component id="oc-76">
         <name>.debug_line</name>
         <load_address>0x391e</load_address>
         <run_address>0x391e</run_address>
         <size>0xa5</size>
         <input_file_ref idref="fl-c4"/>
      </object_component>
      <object_component id="oc-81">
         <name>.debug_line</name>
         <load_address>0x39c3</load_address>
         <run_address>0x39c3</run_address>
         <size>0xa5</size>
         <input_file_ref idref="fl-c5"/>
      </object_component>
      <object_component id="oc-3b">
         <name>.debug_line</name>
         <load_address>0x3a68</load_address>
         <run_address>0x3a68</run_address>
         <size>0x98</size>
         <input_file_ref idref="fl-c5"/>
      </object_component>
      <object_component id="oc-1a">
         <name>.debug_line</name>
         <load_address>0x3b00</load_address>
         <run_address>0x3b00</run_address>
         <size>0x4b</size>
         <input_file_ref idref="fl-c5"/>
      </object_component>
      <object_component id="oc-42">
         <name>.debug_line</name>
         <load_address>0x3b4b</load_address>
         <run_address>0x3b4b</run_address>
         <size>0x39</size>
         <input_file_ref idref="fl-c5"/>
      </object_component>
      <object_component id="oc-85">
         <name>.debug_line</name>
         <load_address>0x3b84</load_address>
         <run_address>0x3b84</run_address>
         <size>0xa5</size>
         <input_file_ref idref="fl-c5"/>
      </object_component>
      <object_component id="oc-132">
         <name>.debug_line</name>
         <load_address>0x3c29</load_address>
         <run_address>0x3c29</run_address>
         <size>0x128</size>
         <input_file_ref idref="fl-c7"/>
      </object_component>
      <object_component id="oc-126">
         <name>.debug_line</name>
         <load_address>0x3d51</load_address>
         <run_address>0x3d51</run_address>
         <size>0x2a</size>
         <input_file_ref idref="fl-c7"/>
      </object_component>
      <object_component id="oc-6c">
         <name>.debug_line</name>
         <load_address>0x3d7b</load_address>
         <run_address>0x3d7b</run_address>
         <size>0x86</size>
         <input_file_ref idref="fl-c7"/>
      </object_component>
      <object_component id="oc-2c">
         <name>.debug_line</name>
         <load_address>0x3e01</load_address>
         <run_address>0x3e01</run_address>
         <size>0x88</size>
         <input_file_ref idref="fl-c8"/>
      </object_component>
      <object_component id="oc-48">
         <name>.debug_line</name>
         <load_address>0x3e89</load_address>
         <run_address>0x3e89</run_address>
         <size>0x79</size>
         <input_file_ref idref="fl-c9"/>
      </object_component>
      <object_component id="oc-54">
         <name>.debug_line</name>
         <load_address>0x3f02</load_address>
         <run_address>0x3f02</run_address>
         <size>0x3d</size>
         <input_file_ref idref="fl-ca"/>
      </object_component>
      <object_component id="oc-5a">
         <name>.debug_line</name>
         <load_address>0x3f3f</load_address>
         <run_address>0x3f3f</run_address>
         <size>0x40</size>
         <input_file_ref idref="fl-cb"/>
      </object_component>
      <object_component id="oc-ac">
         <name>.debug_line</name>
         <load_address>0x3f7f</load_address>
         <run_address>0x3f7f</run_address>
         <size>0x33</size>
         <input_file_ref idref="fl-cc"/>
      </object_component>
      <object_component id="oc-1ad">
         <name>.debug_line</name>
         <load_address>0x3fb2</load_address>
         <run_address>0x3fb2</run_address>
         <size>0x20</size>
         <input_file_ref idref="fl-cd"/>
      </object_component>
      <object_component id="oc-12e">
         <name>.debug_line</name>
         <load_address>0x3fd2</load_address>
         <run_address>0x3fd2</run_address>
         <size>0x2b</size>
         <input_file_ref idref="fl-cd"/>
      </object_component>
      <object_component id="oc-12b">
         <name>.debug_line</name>
         <load_address>0x3ffd</load_address>
         <run_address>0x3ffd</run_address>
         <size>0x68</size>
         <input_file_ref idref="fl-cd"/>
      </object_component>
      <object_component id="oc-11f">
         <name>.debug_line</name>
         <load_address>0x4065</load_address>
         <run_address>0x4065</run_address>
         <size>0x2b</size>
         <input_file_ref idref="fl-ce"/>
      </object_component>
      <object_component id="oc-66">
         <name>.debug_line</name>
         <load_address>0x4090</load_address>
         <run_address>0x4090</run_address>
         <size>0x50</size>
         <input_file_ref idref="fl-ce"/>
      </object_component>
      <object_component id="oc-123">
         <name>.debug_line</name>
         <load_address>0x40e0</load_address>
         <run_address>0x40e0</run_address>
         <size>0x2b</size>
         <input_file_ref idref="fl-ce"/>
      </object_component>
      <object_component id="oc-b1">
         <name>.debug_line</name>
         <load_address>0x410b</load_address>
         <run_address>0x410b</run_address>
         <size>0xc4</size>
         <input_file_ref idref="fl-cf"/>
      </object_component>
      <object_component id="oc-60">
         <name>.debug_line</name>
         <load_address>0x41cf</load_address>
         <run_address>0x41cf</run_address>
         <size>0x8b</size>
         <input_file_ref idref="fl-cf"/>
      </object_component>
      <object_component id="oc-b5">
         <name>.debug_line</name>
         <load_address>0x425a</load_address>
         <run_address>0x425a</run_address>
         <size>0x2e</size>
         <input_file_ref idref="fl-cf"/>
      </object_component>
      <object_component id="oc-ba">
         <name>.debug_line</name>
         <load_address>0x4288</load_address>
         <run_address>0x4288</run_address>
         <size>0xa6</size>
         <input_file_ref idref="fl-cf"/>
      </object_component>
      <object_component id="oc-134">
         <name>.debug_line</name>
         <load_address>0x432e</load_address>
         <run_address>0x432e</run_address>
         <size>0xb3</size>
         <input_file_ref idref="fl-d0"/>
      </object_component>
      <object_component id="oc-90">
         <name>.debug_line</name>
         <load_address>0x43e1</load_address>
         <run_address>0x43e1</run_address>
         <size>0x68</size>
         <input_file_ref idref="fl-d0"/>
      </object_component>
      <object_component id="oc-138">
         <name>.debug_line</name>
         <load_address>0x4449</load_address>
         <run_address>0x4449</run_address>
         <size>0x2e</size>
         <input_file_ref idref="fl-d0"/>
      </object_component>
      <object_component id="oc-93">
         <name>.debug_line</name>
         <load_address>0x4477</load_address>
         <run_address>0x4477</run_address>
         <size>0x3c</size>
         <input_file_ref idref="fl-d1"/>
      </object_component>
      <object_component id="oc-c1">
         <name>.debug_frame</name>
         <load_address>0x0</load_address>
         <run_address>0x0</run_address>
         <size>0x862</size>
         <input_file_ref idref="fl-2"/>
      </object_component>
      <object_component id="oc-9f">
         <name>.debug_frame</name>
         <load_address>0x862</load_address>
         <run_address>0x862</run_address>
         <size>0x4c8</size>
         <input_file_ref idref="fl-4"/>
      </object_component>
      <object_component id="oc-ef">
         <name>.debug_frame</name>
         <load_address>0xd2a</load_address>
         <run_address>0xd2a</run_address>
         <size>0x98</size>
         <input_file_ref idref="fl-5"/>
      </object_component>
      <object_component id="oc-c7">
         <name>.debug_frame</name>
         <load_address>0xdc2</load_address>
         <run_address>0xdc2</run_address>
         <size>0x4bf</size>
         <input_file_ref idref="fl-6"/>
      </object_component>
      <object_component id="oc-e8">
         <name>.debug_frame</name>
         <load_address>0x1281</load_address>
         <run_address>0x1281</run_address>
         <size>0x404</size>
         <input_file_ref idref="fl-7"/>
      </object_component>
      <object_component id="oc-cd">
         <name>.debug_frame</name>
         <load_address>0x1685</load_address>
         <run_address>0x1685</run_address>
         <size>0x1f3</size>
         <input_file_ref idref="fl-8"/>
      </object_component>
      <object_component id="oc-15">
         <name>.debug_frame</name>
         <load_address>0x1878</load_address>
         <run_address>0x1878</run_address>
         <size>0x7f</size>
         <input_file_ref idref="fl-c4"/>
      </object_component>
      <object_component id="oc-3c">
         <name>.debug_frame</name>
         <load_address>0x18f7</load_address>
         <run_address>0x18f7</run_address>
         <size>0x8e</size>
         <input_file_ref idref="fl-c5"/>
      </object_component>
      <object_component id="oc-1d">
         <name>.debug_frame</name>
         <load_address>0x1985</load_address>
         <run_address>0x1985</run_address>
         <size>0x7f</size>
         <input_file_ref idref="fl-c5"/>
      </object_component>
      <object_component id="oc-6d">
         <name>.debug_frame</name>
         <load_address>0x1a04</load_address>
         <run_address>0x1a04</run_address>
         <size>0xb3</size>
         <input_file_ref idref="fl-c7"/>
      </object_component>
      <object_component id="oc-55">
         <name>.debug_frame</name>
         <load_address>0x1ab7</load_address>
         <run_address>0x1ab7</run_address>
         <size>0x7f</size>
         <input_file_ref idref="fl-ca"/>
      </object_component>
      <object_component id="oc-5b">
         <name>.debug_frame</name>
         <load_address>0x1b36</load_address>
         <run_address>0x1b36</run_address>
         <size>0x7f</size>
         <input_file_ref idref="fl-cb"/>
      </object_component>
      <object_component id="oc-12c">
         <name>.debug_frame</name>
         <load_address>0x1bb5</load_address>
         <run_address>0x1bb5</run_address>
         <size>0xa1</size>
         <input_file_ref idref="fl-cd"/>
      </object_component>
      <object_component id="oc-67">
         <name>.debug_frame</name>
         <load_address>0x1c56</load_address>
         <run_address>0x1c56</run_address>
         <size>0x7f</size>
         <input_file_ref idref="fl-ce"/>
      </object_component>
      <object_component id="oc-61">
         <name>.debug_frame</name>
         <load_address>0x1cd5</load_address>
         <run_address>0x1cd5</run_address>
         <size>0x8a</size>
         <input_file_ref idref="fl-cf"/>
      </object_component>
      <object_component id="oc-91">
         <name>.debug_frame</name>
         <load_address>0x1d5f</load_address>
         <run_address>0x1d5f</run_address>
         <size>0x8e</size>
         <input_file_ref idref="fl-d0"/>
      </object_component>
      <object_component id="oc-94">
         <name>.debug_frame</name>
         <load_address>0x1ded</load_address>
         <run_address>0x1ded</run_address>
         <size>0x7f</size>
         <input_file_ref idref="fl-d1"/>
      </object_component>
      <object_component id="oc-1bc">
         <name>.debug_abbrev</name>
         <load_address>0x0</load_address>
         <run_address>0x0</run_address>
         <size>0xe2</size>
         <input_file_ref idref="fl-2"/>
      </object_component>
      <object_component id="oc-1b0">
         <name>.debug_abbrev</name>
         <load_address>0xe2</load_address>
         <run_address>0xe2</run_address>
         <size>0x51</size>
         <input_file_ref idref="fl-2"/>
      </object_component>
      <object_component id="oc-1ae">
         <name>.debug_abbrev</name>
         <load_address>0x133</load_address>
         <run_address>0x133</run_address>
         <size>0x27</size>
         <input_file_ref idref="fl-2"/>
      </object_component>
      <object_component id="oc-1ba">
         <name>.debug_abbrev</name>
         <load_address>0x15a</load_address>
         <run_address>0x15a</run_address>
         <size>0x27</size>
         <input_file_ref idref="fl-2"/>
      </object_component>
      <object_component id="oc-1b2">
         <name>.debug_abbrev</name>
         <load_address>0x181</load_address>
         <run_address>0x181</run_address>
         <size>0x27</size>
         <input_file_ref idref="fl-2"/>
      </object_component>
      <object_component id="oc-1b4">
         <name>.debug_abbrev</name>
         <load_address>0x1a8</load_address>
         <run_address>0x1a8</run_address>
         <size>0x27</size>
         <input_file_ref idref="fl-2"/>
      </object_component>
      <object_component id="oc-1b6">
         <name>.debug_abbrev</name>
         <load_address>0x1cf</load_address>
         <run_address>0x1cf</run_address>
         <size>0x27</size>
         <input_file_ref idref="fl-2"/>
      </object_component>
      <object_component id="oc-1b8">
         <name>.debug_abbrev</name>
         <load_address>0x1f6</load_address>
         <run_address>0x1f6</run_address>
         <size>0x27</size>
         <input_file_ref idref="fl-2"/>
      </object_component>
      <object_component id="oc-15b">
         <name>.debug_abbrev</name>
         <load_address>0x21d</load_address>
         <run_address>0x21d</run_address>
         <size>0x197</size>
         <input_file_ref idref="fl-2"/>
      </object_component>
      <object_component id="oc-1c0">
         <name>.debug_abbrev</name>
         <load_address>0x3b4</load_address>
         <run_address>0x3b4</run_address>
         <size>0x97</size>
         <input_file_ref idref="fl-2"/>
      </object_component>
      <object_component id="oc-7c">
         <name>.debug_abbrev</name>
         <load_address>0x44b</load_address>
         <run_address>0x44b</run_address>
         <size>0x1f</size>
         <input_file_ref idref="fl-2"/>
      </object_component>
      <object_component id="oc-11b">
         <name>.debug_abbrev</name>
         <load_address>0x46a</load_address>
         <run_address>0x46a</run_address>
         <size>0x35</size>
         <input_file_ref idref="fl-2"/>
      </object_component>
      <object_component id="oc-15e">
         <name>.debug_abbrev</name>
         <load_address>0x49f</load_address>
         <run_address>0x49f</run_address>
         <size>0x33</size>
         <input_file_ref idref="fl-2"/>
      </object_component>
      <object_component id="oc-199">
         <name>.debug_abbrev</name>
         <load_address>0x4d2</load_address>
         <run_address>0x4d2</run_address>
         <size>0x154</size>
         <input_file_ref idref="fl-4"/>
      </object_component>
      <object_component id="oc-1a0">
         <name>.debug_abbrev</name>
         <load_address>0x626</load_address>
         <run_address>0x626</run_address>
         <size>0x3f</size>
         <input_file_ref idref="fl-4"/>
      </object_component>
      <object_component id="oc-1a9">
         <name>.debug_abbrev</name>
         <load_address>0x665</load_address>
         <run_address>0x665</run_address>
         <size>0x29</size>
         <input_file_ref idref="fl-4"/>
      </object_component>
      <object_component id="oc-118">
         <name>.debug_abbrev</name>
         <load_address>0x68e</load_address>
         <run_address>0x68e</run_address>
         <size>0x139</size>
         <input_file_ref idref="fl-4"/>
      </object_component>
      <object_component id="oc-19d">
         <name>.debug_abbrev</name>
         <load_address>0x7c7</load_address>
         <run_address>0x7c7</run_address>
         <size>0x33</size>
         <input_file_ref idref="fl-4"/>
      </object_component>
      <object_component id="oc-1a4">
         <name>.debug_abbrev</name>
         <load_address>0x7fa</load_address>
         <run_address>0x7fa</run_address>
         <size>0x33</size>
         <input_file_ref idref="fl-4"/>
      </object_component>
      <object_component id="oc-1a8">
         <name>.debug_abbrev</name>
         <load_address>0x82d</load_address>
         <run_address>0x82d</run_address>
         <size>0x7f</size>
         <input_file_ref idref="fl-5"/>
      </object_component>
      <object_component id="oc-1c3">
         <name>.debug_abbrev</name>
         <load_address>0x8ac</load_address>
         <run_address>0x8ac</run_address>
         <size>0x12b</size>
         <input_file_ref idref="fl-6"/>
      </object_component>
      <object_component id="oc-1c5">
         <name>.debug_abbrev</name>
         <load_address>0x9d7</load_address>
         <run_address>0x9d7</run_address>
         <size>0x29</size>
         <input_file_ref idref="fl-6"/>
      </object_component>
      <object_component id="oc-1c7">
         <name>.debug_abbrev</name>
         <load_address>0xa00</load_address>
         <run_address>0xa00</run_address>
         <size>0x29</size>
         <input_file_ref idref="fl-6"/>
      </object_component>
      <object_component id="oc-17f">
         <name>.debug_abbrev</name>
         <load_address>0xa29</load_address>
         <run_address>0xa29</run_address>
         <size>0x13d</size>
         <input_file_ref idref="fl-6"/>
      </object_component>
      <object_component id="oc-182">
         <name>.debug_abbrev</name>
         <load_address>0xb66</load_address>
         <run_address>0xb66</run_address>
         <size>0x33</size>
         <input_file_ref idref="fl-6"/>
      </object_component>
      <object_component id="oc-1a7">
         <name>.debug_abbrev</name>
         <load_address>0xb99</load_address>
         <run_address>0xb99</run_address>
         <size>0xf8</size>
         <input_file_ref idref="fl-7"/>
      </object_component>
      <object_component id="oc-1c9">
         <name>.debug_abbrev</name>
         <load_address>0xc91</load_address>
[...]
         <object_component_ref idref="oc-c2"/>
      </symbol>
      <symbol id="sm-79f">
         <name>TExaS_Task6</name>
         <value>0x28e5</value>
         <object_component_ref idref="oc-c2"/>
      </symbol>
      <symbol id="sm-7a0">
         <name>UART_InString</name>
         <value>0x273d</value>
         <object_component_ref idref="oc-c2"/>
      </symbol>
      <symbol id="sm-7a1">
         <name>UART_OutString</name>
         <value>0x1fad</value>
         <object_component_ref idref="oc-c2"/>
      </symbol>
      <symbol id="sm-7a2">
         <name>UART_OutUDec4</name>
         <value>0x2515</value>
         <object_component_ref idref="oc-c2"/>
      </symbol>
      <symbol id="sm-7a3">
         <name>UART_OutUDec5</name>
         <value>0x254d</value>
         <object_component_ref idref="oc-c2"/>
      </symbol>
      <symbol id="sm-7a4">
         <name>UART_OutUDec6</name>
         <value>0x2583</value>
         <object_component_ref idref="oc-c2"/>
      </symbol>
      <symbol id="sm-7a5">
         <name>UART_OutUDec7</name>
         <value>0x25f1</value>
         <object_component_ref idref="oc-c2"/>
      </symbol>
      <symbol id="sm-7a6">
         <name>PeriodicTask2_Stop</name>
         <value>0x1e05</value>
         <object_component_ref idref="oc-c2"/>
      </symbol>
      <symbol id="sm-7a7">
         <name>TA3_0_IRQHandler</name>
         <value>0x1df1</value>
         <object_component_ref idref="oc-c2"/>
      </symbol>
      <symbol id="sm-7a8">
         <name>TExaS_Init</name>
         <value>0x1e29</value>
         <object_component_ref idref="oc-c2"/>
      </symbol>
      <symbol id="sm-7a9">
         <name>UART_InChar</name>
         <value>0x1f53</value>
         <object_component_ref idref="oc-c2"/>
      </symbol>
      <symbol id="sm-7aa">
         <name>LogicAnalyzer</name>
         <value>0x1</value>
         <object_component_ref idref="oc-c2"/>
      </symbol>
      <symbol id="sm-7ab">
         <name>RealTimeResults</name>
         <value>0xb</value>
         <object_component_ref idref="oc-c2"/>
      </symbol>
      <symbol id="sm-7ac">
         <name>Step3Test</name>
         <value>0xd79</value>
         <object_component_ref idref="oc-c2"/>
      </symbol>
      <symbol id="sm-7ad">
         <name>UART_InCharNonBlocking</name>
         <value>0x1f63</value>
         <object_component_ref idref="oc-c2"/>
      </symbol>
      <symbol id="sm-7ae">
         <name>Scramble</name>
         <value>0x95a8</value>
         <object_component_ref idref="oc-17c"/>
      </symbol>
      <symbol id="sm-7af">
         <name>Step2Test</name>
         <value>0x859</value>
         <object_component_ref idref="oc-c2"/>
      </symbol>
      <symbol id="sm-7b0">
         <name>UART_Init</name>
         <value>0x1f0d</value>
         <object_component_ref idref="oc-c2"/>
      </symbol>
      <symbol id="sm-7b1">
         <name>UART_InUHex</name>
         <value>0x2639</value>
         <object_component_ref idref="oc-c2"/>
      </symbol>
      <symbol id="sm-7b2">
         <name>UART_OutChar</name>
         <value>0x1f7d</value>
         <object_component_ref idref="oc-c2"/>
      </symbol>
      <symbol id="sm-829">
         <name>T32_INT2_IRQHandler</name>
         <value>0x6755</value>
         <object_component_ref idref="oc-e3"/>
      </symbol>
      <symbol id="sm-82a">
         <name>PendSV_Handler</name>
         <value>0x671d</value>
         <object_component_ref idref="oc-e3"/>
      </symbol>
      <symbol id="sm-82b">
         <name>EUSCIA3_IRQHandler</name>
         <value>0x6747</value>
         <object_component_ref idref="oc-e3"/>
      </symbol>
      <symbol id="sm-82c">
         <name>SVC_Handler</name>
         <value>0x6719</value>
         <object_component_ref idref="oc-e3"/>
      </symbol>
      <symbol id="sm-82d">
         <name>EUSCIB1_IRQHandler</name>
         <value>0x674b</value>
         <object_component_ref idref="oc-e3"/>
      </symbol>
      <symbol id="sm-82e">
         <name>PORT4_IRQHandler</name>
         <value>0x676d</value>
         <object_component_ref idref="oc-e3"/>
      </symbol>
      <symbol id="sm-82f">
         <name>AES256_IRQHandler</name>
         <value>0x6759</value>
         <object_component_ref idref="oc-e3"/>
      </symbol>
      <symbol id="sm-830">
         <name>FPU_IRQHandler</name>
         <value>0x6729</value>
         <object_component_ref idref="oc-e3"/>
      </symbol>
      <symbol id="sm-831">
         <name>EUSCIB2_IRQHandler</name>
         <value>0x674d</value>
         <object_component_ref idref="oc-e3"/>
      </symbol>
      <symbol id="sm-832">
         <name>PORT1_IRQHandler</name>
         <value>0x6767</value>
         <object_component_ref idref="oc-e3"/>
      </symbol>
      <symbol id="sm-833">
         <name>RTC_C_IRQHandler</name>
         <value>0x675b</value>
         <object_component_ref idref="oc-e3"/>
      </symbol>
      <symbol id="sm-834">
         <name>TA3_N_IRQHandler</name>
         <value>0x673f</value>
         <object_component_ref idref="oc-e3"/>
      </symbol>
      <symbol id="sm-835">
         <name>DMA_INT3_IRQHandler</name>
         <value>0x675f</value>
         <object_component_ref idref="oc-e3"/>
      </symbol>
      <symbol id="sm-836">
         <name>PORT2_IRQHandler</name>
         <value>0x6769</value>
         <object_component_ref idref="oc-e3"/>
      </symbol>
      <symbol id="sm-837">
         <name>StartCritical</name>
         <value>0x677f</value>
         <object_component_ref idref="oc-e3"/>
      </symbol>
      <symbol id="sm-838">
         <name>TA0_0_IRQHandler</name>
         <value>0x6731</value>
         <object_component_ref idref="oc-e3"/>
      </symbol>
      <symbol id="sm-839">
         <name>PSS_IRQHandler</name>
         <value>0x6721</value>
         <object_component_ref idref="oc-e3"/>
      </symbol>
      <symbol id="sm-83a">
         <name>TA1_N_IRQHandler</name>
         <value>0x6737</value>
         <object_component_ref idref="oc-e3"/>
      </symbol>
      <symbol id="sm-83b">
         <name>EUSCIA1_IRQHandler</name>
         <value>0x6743</value>
         <object_component_ref idref="oc-e3"/>
      </symbol>
      <symbol id="sm-83c">
         <name>EUSCIA2_IRQHandler</name>
         <value>0x6745</value>
         <object_component_ref idref="oc-e3"/>
      </symbol>
      <symbol id="sm-83d">
         <name>COMP_E0_IRQHandler</name>
         <value>0x672d</value>
         <object_component_ref idref="oc-e3"/>
      </symbol>
      <symbol id="sm-83e">
         <name>WDT_A_IRQHandler</name>
         <value>0x6727</value>
         <object_component_ref idref="oc-e3"/>
      </symbol>
      <symbol id="sm-83f">
         <name>EUSCIB0_IRQHandler</name>
         <value>0x6749</value>
         <object_component_ref idref="oc-e3"/>
      </symbol>
      <symbol id="sm-840">
         <name>FLCTL_IRQHandler</name>
         <value>0x672b</value>
         <object_component_ref idref="oc-e3"/>
      </symbol>
      <symbol id="sm-841">
         <name>EndCritical</name>
         <value>0x6789</value>
         <object_component_ref idref="oc-e3"/>
      </symbol>
      <symbol id="sm-842">
         <name>DMA_INT1_IRQHandler</name>
         <value>0x6763</value>
         <object_component_ref idref="oc-e3"/>
      </symbol>
      <symbol id="sm-843">
         <name>PCM_IRQHandler</name>
         <value>0x6725</value>
         <object_component_ref idref="oc-e3"/>
      </symbol>
      <symbol id="sm-844">
         <name>ADC14_IRQHandler</name>
         <value>0x6751</value>
         <object_component_ref idref="oc-e3"/>
      </symbol>
      <symbol id="sm-845">
         <name>T32_INTC_IRQHandler</name>
         <value>0x6757</value>
         <object_component_ref idref="oc-e3"/>
      </symbol>
      <symbol id="sm-846">
         <name>DMA_INT2_IRQHandler</name>
         <value>0x6761</value>
         <object_component_ref idref="oc-e3"/>
      </symbol>
      <symbol id="sm-847">
         <name>EUSCIA0_IRQHandler</name>
         <value>0x6741</value>
         <object_component_ref idref="oc-e3"/>
      </symbol>
      <symbol id="sm-848">
         <name>DMA_ERR_IRQHandler</name>
         <value>0x675d</value>
         <object_component_ref idref="oc-e3"/>
      </symbol>
      <symbol id="sm-849">
         <name>DisableInterrupts</name>
         <value>0x6773</value>
         <object_component_ref idref="oc-e3"/>
      </symbol>
      <symbol id="sm-84a">
         <name>PORT5_IRQHandler</name>
         <value>0x676f</value>
         <object_component_ref idref="oc-e3"/>
      </symbol>
      <symbol id="sm-84b">
         <name>TA2_N_IRQHandler</name>
         <value>0x673b</value>
         <object_component_ref idref="oc-e3"/>
      </symbol>
      <symbol id="sm-84c">
         <name>COMP_E1_IRQHandler</name>
         <value>0x672f</value>
         <object_component_ref idref="oc-e3"/>
      </symbol>
      <symbol id="sm-84d">
         <name>EUSCIB3_IRQHandler</name>
         <value>0x674f</value>
         <object_component_ref idref="oc-e3"/>
      </symbol>
      <symbol id="sm-84e">
         <name>WaitForInterrupt</name>
         <value>0x6791</value>
         <object_component_ref idref="oc-e3"/>
      </symbol>
      <symbol id="sm-84f">
         <name>EnableInterrupts</name>
         <value>0x6779</value>
         <object_component_ref idref="oc-e3"/>
      </symbol>
      <symbol id="sm-850">
         <name>PORT6_IRQHandler</name>
         <value>0x6771</value>
         <object_component_ref idref="oc-e3"/>
      </symbol>
      <symbol id="sm-851">
         <name>TA0_N_IRQHandler</name>
         <value>0x6733</value>
         <object_component_ref idref="oc-e3"/>
      </symbol>
      <symbol id="sm-852">
         <name>DebugMon_Handler</name>
         <value>0x671b</value>
         <object_component_ref idref="oc-e3"/>
      </symbol>
      <symbol id="sm-853">
         <name>DMA_INT0_IRQHandler</name>
         <value>0x6765</value>
         <object_component_ref idref="oc-e3"/>
      </symbol>
      <symbol id="sm-854">
         <name>PORT3_IRQHandler</name>
         <value>0x676b</value>
         <object_component_ref idref="oc-e3"/>
      </symbol>
      <symbol id="sm-855">
         <name>CS_IRQHandler</name>
         <value>0x6723</value>
         <object_component_ref idref="oc-e3"/>
      </symbol>
      <symbol id="sm-8ce">
         <name>tcbs</name>
         <value>0x20001770</value>
      </symbol>
      <symbol id="sm-8cf">
         <name>RunPt</name>
         <value>0x20001970</value>
      </symbol>
      <symbol id="sm-8d0">
         <name>Stacks</name>
         <value>0x20000000</value>
      </symbol>
      <symbol id="sm-8d1">
         <name>EventThreadIndex</name>
         <value>0x20001910</value>
      </symbol>
      <symbol id="sm-8d2">
         <name>EventThreadPeriodsReload</name>
         <value>0x2000189c</value>
      </symbol>
      <symbol id="sm-8d3">
         <name>EventThreadPeriods</name>
         <value>0x20001894</value>
      </symbol>
      <symbol id="sm-8d4">
         <name>PeriodicEvents</name>
         <value>0x200018ac</value>
      </symbol>
      <symbol id="sm-8d5">
         <name>PutI</name>
         <value>0x2000196c</value>
      </symbol>
      <symbol id="sm-8d6">
         <name>GetI</name>
         <value>0x20001914</value>
      </symbol>
      <symbol id="sm-8d7">
         <name>Fifo</name>
         <value>0x200017d0</value>
      </symbol>
      <symbol id="sm-8d8">
         <name>CurrentSize</name>
         <value>0x20001908</value>
      </symbol>
      <symbol id="sm-8d9">
         <name>LostData</name>
         <value>0x20001944</value>
      </symbol>
      <symbol id="sm-8da">
         <name>OS_Wait</name>
         <value>0x63b5</value>
         <object_component_ref idref="oc-c8"/>
      </symbol>
      <symbol id="sm-8db">
         <name>OS_Launch</name>
         <value>0x62dd</value>
         <object_component_ref idref="oc-c8"/>
      </symbol>
      <symbol id="sm-8dc">
         <name>OS_FIFO_Put</name>
         <value>0x649d</value>
         <object_component_ref idref="oc-c8"/>
      </symbol>
      <symbol id="sm-8dd">
         <name>Scheduler</name>
         <value>0x6321</value>
         <object_component_ref idref="oc-c8"/>
      </symbol>
      <symbol id="sm-8de">
         <name>OS_AddThreads</name>
         <value>0x6141</value>
         <object_component_ref idref="oc-c8"/>
      </symbol>
      <symbol id="sm-8df">
         <name>OS_Init</name>
         <value>0x5fe7</value>
         <object_component_ref idref="oc-c8"/>
      </symbol>
      <symbol id="sm-8e0">
         <name>OS_InitSemaphore</name>
         <value>0x6389</value>
         <object_component_ref idref="oc-c8"/>
      </symbol>
      <symbol id="sm-8e1">
         <name>OS_FIFO_Get</name>
         <value>0x64e1</value>
         <object_component_ref idref="oc-c8"/>
      </symbol>
      <symbol id="sm-8e2">
         <name>OS_Sleep</name>
         <value>0x6369</value>
         <object_component_ref idref="oc-c8"/>
      </symbol>
      <symbol id="sm-8e3">
         <name>OS_FIFO_Init</name>
         <value>0x6475</value>
         <object_component_ref idref="oc-c8"/>
      </symbol>
      <symbol id="sm-8e4">
         <name>DummyEventThread</name>
         <value>0x5fe5</value>
         <object_component_ref idref="oc-c8"/>
      </symbol>
      <symbol id="sm-8e5">
         <name>OS_Signal</name>
         <value>0x6421</value>
         <object_component_ref idref="oc-c8"/>
      </symbol>
      <symbol id="sm-8e6">
         <name>OS_Suspend</name>
         <value>0x6351</value>
         <object_component_ref idref="oc-c8"/>
      </symbol>
      <symbol id="sm-8e7">
         <name>OS_AddPeriodicEventThread</name>
         <value>0x61df</value>
         <object_component_ref idref="oc-c8"/>
      </symbol>
      <symbol id="sm-8e8">
         <name>SetInitialStack</name>
         <value>0x6039</value>
         <object_component_ref idref="oc-c8"/>
      </symbol>
      <symbol id="sm-8f3">
         <name>SysTick_Handler</name>
         <value>0x6999</value>
         <object_component_ref idref="oc-18d"/>
      </symbol>
      <symbol id="sm-8f4">
         <name>StartOS</name>
         <value>0x69c1</value>
         <object_component_ref idref="oc-18d"/>
      </symbol>
      <symbol id="sm-905">
         <name>_c_int00</name>
         <value>0x68ed</value>
         <object_component_ref idref="oc-24"/>
      </symbol>
      <symbol id="sm-906">
         <name>__stack</name>
         <value>0x2000fe00</value>
         <object_component_ref idref="oc-2a"/>
      </symbol>
      <symbol id="sm-91d">
         <name>__TI_decompress_none</name>
         <value>0x6a59</value>
         <object_component_ref idref="oc-12"/>
      </symbol>
      <symbol id="sm-945">
         <name>__TI_decompress_rle24</name>
         <value>0x6a67</value>
         <object_component_ref idref="oc-18"/>
      </symbol>
      <symbol id="sm-967">
         <name>C$$EXIT</name>
         <value>0x6941</value>
         <object_component_ref idref="oc-68"/>
      </symbol>
      <symbol id="sm-968">
         <name>abort</name>
         <value>0x6945</value>
         <object_component_ref idref="oc-68"/>
      </symbol>
      <symbol id="sm-969">
         <name>exit</name>
         <value>0x694d</value>
         <object_component_ref idref="oc-68"/>
      </symbol>
      <symbol id="sm-96a">
         <name>__TI_dtors_ptr</name>
         <value>0x20001a50</value>
         <object_component_ref idref="oc-a2"/>
      </symbol>
      <symbol id="sm-96b">
         <name>__TI_cleanup_ptr</name>
         <value>0x20001a4c</value>
         <object_component_ref idref="oc-a2"/>
      </symbol>
      <symbol id="sm-96c">
         <name>__TI_enable_exit_profile_output</name>
         <value>0x20001a54</value>
         <object_component_ref idref="oc-a2"/>
      </symbol>
      <symbol id="sm-987">
         <name>memcpy</name>
         <value>0x6661</value>
         <object_component_ref idref="oc-2b"/>
      </symbol>
      <symbol id="sm-988">
         <name>__aeabi_memcpy</name>
         <value>0x6661</value>
         <object_component_ref idref="oc-2b"/>
      </symbol>
      <symbol id="sm-989">
         <name>__aeabi_memcpy8</name>
         <value>0x6661</value>
         <object_component_ref idref="oc-2b"/>
      </symbol>
      <symbol id="sm-98a">
         <name>__aeabi_memcpy4</name>
         <value>0x6661</value>
         <object_component_ref idref="oc-2b"/>
      </symbol>
      <symbol id="sm-999">
         <name>__aeabi_memset</name>
         <value>0x6799</value>
         <object_component_ref idref="oc-44"/>
      </symbol>
      <symbol id="sm-99a">
         <name>memset</name>
         <value>0x679f</value>
         <object_component_ref idref="oc-44"/>
      </symbol>
      <symbol id="sm-99b">
         <name>__aeabi_memset8</name>
         <value>0x6799</value>
         <object_component_ref idref="oc-44"/>
      </symbol>
      <symbol id="sm-99c">
         <name>__aeabi_memset4</name>
         <value>0x6799</value>
         <object_component_ref idref="oc-44"/>
      </symbol>
      <symbol id="sm-99d">
         <name>__aeabi_memclr8</name>
         <value>0x6797</value>
         <object_component_ref idref="oc-44"/>
      </symbol>
      <symbol id="sm-99e">
         <name>__aeabi_memclr4</name>
         <value>0x6797</value>
         <object_component_ref idref="oc-44"/>
      </symbol>
      <symbol id="sm-99f">
         <name>__aeabi_memclr</name>
         <value>0x6797</value>
         <object_component_ref idref="oc-44"/>
      </symbol>
      <symbol id="sm-9a9">
         <name>__mpu_init</name>
         <value>0x68eb</value>
         <object_component_ref idref="oc-50"/>
      </symbol>
      <symbol id="sm-9b3">
         <name>_system_pre_init</name>
         <value>0x6a6d</value>
         <object_component_ref idref="oc-56"/>
      </symbol>
      <symbol id="sm-9bb">
         <name>main_func_sp</name>
         <value>0x20001a60</value>
         <object_component_ref idref="oc-6e"/>
      </symbol>
      <symbol id="sm-9d4">
         <name>_nop</name>
         <value>0x6a53</value>
         <object_component_ref idref="oc-127"/>
      </symbol>
      <symbol id="sm-9d5">
         <name>_lock</name>
         <value>0x20001a58</value>
         <object_component_ref idref="oc-a5"/>
      </symbol>
      <symbol id="sm-9d6">
         <name>_unlock</name>
         <value>0x20001a5c</value>
         <object_component_ref idref="oc-a5"/>
      </symbol>
      <symbol id="sm-9d7">
         <name>_register_lock</name>
         <value>0x6a4b</value>
         <object_component_ref idref="oc-127"/>
      </symbol>
      <symbol id="sm-9d8">
         <name>_register_unlock</name>
         <value>0x6a45</value>
         <object_component_ref idref="oc-127"/>
      </symbol>
      <symbol id="sm-9ec">
         <name>_args_main</name>
         <value>0x6a2d</value>
         <object_component_ref idref="oc-62"/>
      </symbol>
      <symbol id="sm-a11">
         <name>__TI_auto_init</name>
         <value>0x6811</value>
         <object_component_ref idref="oc-5c"/>
      </symbol>
      <symbol id="sm-a2b">
         <name>copy_in</name>
         <value>0x69e1</value>
         <object_component_ref idref="oc-8c"/>
      </symbol>
      <symbol id="sm-a35">
         <name>_system_post_cinit</name>
         <value>0x6a71</value>
         <object_component_ref idref="oc-92"/>
      </symbol>
      <symbol id="sm-a36">
         <name>__TI_static_base__</name>
         <value>0x0</value>
      </symbol>
      <symbol id="sm-a39">
         <name>SHT$$INIT_ARRAY$$Limit</name>
         <value>0x0</value>
      </symbol>
      <symbol id="sm-a3a">
         <name>SHT$$INIT_ARRAY$$Base</name>
         <value>0x0</value>
      </symbol>
   </symbol_table>
   <title>Link successful</title>
</link_info>
