******************************************************************************
                  TI ARM Linker PC v15.12.1                    
******************************************************************************
>> Linked Mon Jun 13 22:02:01 2016

OUTPUT FILE NAME:   <EdgeTriggeredInterrupts_MSP432.out>
ENTRY POINT SYMBOL: "_c_int00"  address: 0000040d


MEMORY CONFIGURATION

         name            origin    length      used     unused   attr    fill
----------------------  --------  ---------  --------  --------  ----  --------
  MAIN                  00000000   00040000  00000582  0003fa7e  R  X
  INFO                  00200000   00004000  00000000  00004000  R  X
  SRAM_CODE             01000000   00010000  00000220  0000fde0  RW X
  SRAM_DATA             20000000   00010000  00000220  0000fde0  RW  


SEGMENT ALLOCATION MAP

run origin  load origin   length   init length attrs members
----------  ----------- ---------- ----------- ----- -------
00000000    00000000    00000584   00000584    r-x
  00000000    00000000    00000546   00000546    r-x .text
  00000548    00000548    0000003c   0000003c    r-- .cinit
20000000    20000000    00000020   00000000    rw-
  20000000    20000000    00000018   00000000    rw- .data
  20000018    20000018    00000008   00000000    rw- .bss
2000fe00    2000fe00    00000200   00000000    rw-
  2000fe00    2000fe00    00000200   00000000    rw- .stack


SECTION ALLOCATION MAP

 output                                  attributes/
section   page    origin      length       input sections
--------  ----  ----------  ----------   ----------------
.text      0    00000000    00000546     
                  00000000    00000180     InputOutput.obj (.text)
                  00000180    0000009c     rtsv7M4_T_le_v4SPD16_eabi.lib : memcpy_t2.obj (.text)
                  0000021c    0000009a     msp432_startup_ccs.obj (.text)
                  000002b6    0000007a     rtsv7M4_T_le_v4SPD16_eabi.lib : memset_t2.obj (.text)
                  00000330    00000070                                   : autoinit.obj (.text)
                  000003a0    0000006a                                   : copy_decompress_rle.obj (.text)
                  0000040a    00000002                                   : mpu_init.obj (.text)
                  0000040c    00000054                                   : boot.obj (.text)
                  00000460    00000054                                   : exit.obj (.text)
                  000004b4    0000004c                                   : cpy_tbl.obj (.text)
                  00000500    00000018                                   : args_main.obj (.text)
                  00000518    00000014                                   : _lock.obj (.text)
                  0000052c    0000000e                                   : copy_decompress_none.obj (.text:decompress:none)
                  0000053a    00000006                                   : copy_decompress_rle.obj (.text:decompress:rle24)
                  00000540    00000004                                   : pre_init.obj (.text)
                  00000544    00000002                                   : startup.obj (.text)

.binit     0    00000000    00000000     

.cinit     0    00000548    0000003c     
                  00000548    00000016     (.cinit..data.load) [load image, compression = rle]
                  0000055e    00000002     --HOLE-- [fill = 0]
                  00000560    00000009     (.cinit..bss.load) [load image, compression = rle]
                  00000569    00000003     --HOLE-- [fill = 0]
                  0000056c    00000008     (__TI_handler_table)
                  00000574    00000010     (__TI_cinit_table)

.init_array 
*          0    00000000    00000000     UNINITIALIZED

.data      0    20000000    00000018     UNINITIALIZED
                  20000000    0000000c     rtsv7M4_T_le_v4SPD16_eabi.lib : exit.obj (.data:$O1$$)
                  2000000c    00000008                                   : _lock.obj (.data:$O1$$)
                  20000014    00000004                                   : stkdepth_vars.obj (.data)

.bss       0    20000018    00000008     UNINITIALIZED
                  20000018    00000004     (.common:SW1)
                  2000001c    00000004     (.common:SW2)

.stack     0    2000fe00    00000200     UNINITIALIZED
                  2000fe00    00000200     --HOLE--

MODULE SUMMARY

       Module                     code   ro data   rw data
       ------                     ----   -------   -------
    .\
       InputOutput.obj            384    0         16     
       msp432_startup_ccs.obj     154    0         0      
    +--+--------------------------+------+---------+---------+
       Total:                     538    0         16     
                                                          
    C:\ti\ccs613\ccsv6\tools\compiler\ti-cgt-arm_15.12.1.LTS\lib\rtsv7M4_T_le_v4SPD16_eabi.lib
       memcpy_t2.obj              156    0         0      
       memset_t2.obj              122    0         0      
       autoinit.obj               112    0         0      
       copy_decompress_rle.obj    112    0         0      
       exit.obj                   84     0         24     
       boot.obj                   84     0         0      
       cpy_tbl.obj                76     0         0      
       _lock.obj                  20     0         16     
       args_main.obj              24     0         0      
       copy_decompress_none.obj   14     0         0      
       stkdepth_vars.obj          0      0         8      
       pre_init.obj               4      0         0      
       mpu_init.obj               2      0         0      
       startup.obj                2      0         0      
    +--+--------------------------+------+---------+---------+
       Total:                     812    0         48     
                                                          
       Stack:                     0      0         1024   
       Linker Generated:          0      55        0      
    +--+--------------------------+------+---------+---------+
       Grand Total:               1350   55        1088   


LINKER GENERATED COPY TABLES

__TI_cinit_table @ 00000574 records: 2, size/record: 8, table size: 16
	.data: load addr=00000548, load size=00000016 bytes, run addr=20000000, run size=00000018 bytes, compression=rle
	.bss: load addr=00000560, load size=00000009 bytes, run addr=20000018, run size=00000008 bytes, compression=rle


LINKER GENERATED HANDLER TABLE

__TI_handler_table @ 0000056c records: 2, size/record: 4, table size: 8
	index: 0, handler: __TI_decompress_rle24
	index: 1, handler: __TI_decompress_none


GLOBAL SYMBOLS: SORTED ALPHABETICALLY BY Name 

address   name                           
-------   ----                           
00000271  ADC14_IRQHandler               
00000279  AES256_IRQHandler              
00000461  C$$EXIT                        
0000024d  COMP_E0_IRQHandler             
0000024f  COMP_E1_IRQHandler             
00000243  CS_IRQHandler                  
0000027d  DMA_ERR_IRQHandler             
00000285  DMA_INT0_IRQHandler            
00000283  DMA_INT1_IRQHandler            
00000281  DMA_INT2_IRQHandler            
0000027f  DMA_INT3_IRQHandler            
0000023b  DebugMon_Handler               
00000293  DisableInterrupts              
00000261  EUSCIA0_IRQHandler             
00000263  EUSCIA1_IRQHandler             
00000265  EUSCIA2_IRQHandler             
00000267  EUSCIA3_IRQHandler             
00000269  EUSCIB0_IRQHandler             
0000026b  EUSCIB1_IRQHandler             
0000026d  EUSCIB2_IRQHandler             
0000026f  EUSCIB3_IRQHandler             
00000299  EnableInterrupts               
000002a9  EndCritical                    
0000024b  FLCTL_IRQHandler               
00000249  FPU_IRQHandler                 
00000053  OS_Signal                      
00000245  PCM_IRQHandler                 
000000d7  PORT1_IRQHandler               
00000289  PORT2_IRQHandler               
0000028b  PORT3_IRQHandler               
0000028d  PORT4_IRQHandler               
0000028f  PORT5_IRQHandler               
00000291  PORT6_IRQHandler               
00000241  PSS_IRQHandler                 
0000023d  PendSV_Handler                 
00000001  Port2_Init                     
00000035  Port2_Output                   
0000027b  RTC_C_IRQHandler               
UNDEFED   SHT$$INIT_ARRAY$$Base          
UNDEFED   SHT$$INIT_ARRAY$$Limit         
00000239  SVC_Handler                    
20000018  SW1                            
2000001c  SW2                            
0000029f  StartCritical                  
00000065  Switch_Init                    
0000023f  SysTick_Handler                
00000273  T32_INT1_IRQHandler            
00000275  T32_INT2_IRQHandler            
00000277  T32_INTC_IRQHandler            
00000251  TA0_0_IRQHandler               
00000253  TA0_N_IRQHandler               
00000255  TA1_0_IRQHandler               
00000257  TA1_N_IRQHandler               
00000259  TA2_0_IRQHandler               
0000025b  TA2_N_IRQHandler               
0000025d  TA3_0_IRQHandler               
0000025f  TA3_N_IRQHandler               
4000480c  WDTCTL_SYM                     
00000247  WDT_A_IRQHandler               
000002b1  WaitForInterrupt               
20010000  __STACK_END                    
00000200  __STACK_SIZE                   
00000574  __TI_CINIT_Base                
00000584  __TI_CINIT_Limit               
0000056c  __TI_Handler_Table_Base        
00000574  __TI_Handler_Table_Limit       
00000331  __TI_auto_init                 
20000000  __TI_cleanup_ptr               
0000052d  __TI_decompress_none           
0000053b  __TI_decompress_rle24          
20000004  __TI_dtors_ptr                 
20000008  __TI_enable_exit_profile_output
ffffffff  __TI_pprof_out_hndl            
ffffffff  __TI_prof_data_size            
ffffffff  __TI_prof_data_start           
00000000  __TI_static_base__             
000002b7  __aeabi_memclr                 
000002b7  __aeabi_memclr4                
000002b7  __aeabi_memclr8                
00000181  __aeabi_memcpy                 
00000181  __aeabi_memcpy4                
00000181  __aeabi_memcpy8                
000002b9  __aeabi_memset                 
000002b9  __aeabi_memset4                
000002b9  __aeabi_memset8                
ffffffff  __binit__                      
ffffffff  __c_args__                     
0000040b  __mpu_init                     
2000fe00  __stack                        
00000501  _args_main                     
0000040d  _c_int00                       
2000000c  _lock                          
00000527  _nop                           
0000051f  _register_lock                 
00000519  _register_unlock               
00000545  _system_post_cinit             
00000541  _system_pre_init               
20000010  _unlock                        
00000465  abort                          
ffffffff  binit                          
000004b5  copy_in                        
0000046d  exit                           
000000ff  main                           
20000014  main_func_sp                   
00000181  memcpy                         
000002bf  memset                         


GLOBAL SYMBOLS: SORTED BY Symbol Address 

address   name                           
-------   ----                           
00000000  __TI_static_base__             
00000001  Port2_Init                     
00000035  Port2_Output                   
00000053  OS_Signal                      
00000065  Switch_Init                    
000000d7  PORT1_IRQHandler               
000000ff  main                           
00000181  __aeabi_memcpy                 
00000181  __aeabi_memcpy4                
00000181  __aeabi_memcpy8                
00000181  memcpy                         
00000200  __STACK_SIZE                   
00000239  SVC_Handler                    
0000023b  DebugMon_Handler               
0000023d  PendSV_Handler                 
0000023f  SysTick_Handler                
00000241  PSS_IRQHandler                 
00000243  CS_IRQHandler                  
00000245  PCM_IRQHandler                 
00000247  WDT_A_IRQHandler               
00000249  FPU_IRQHandler                 
0000024b  FLCTL_IRQHandler               
0000024d  COMP_E0_IRQHandler             
0000024f  COMP_E1_IRQHandler             
00000251  TA0_0_IRQHandler               
00000253  TA0_N_IRQHandler               
00000255  TA1_0_IRQHandler               
00000257  TA1_N_IRQHandler               
00000259  TA2_0_IRQHandler               
0000025b  TA2_N_IRQHandler               
0000025d  TA3_0_IRQHandler               
0000025f  TA3_N_IRQHandler               
00000261  EUSCIA0_IRQHandler             
00000263  EUSCIA1_IRQHandler             
00000265  EUSCIA2_IRQHandler             
00000267  EUSCIA3_IRQHandler             
00000269  EUSCIB0_IRQHandler             
0000026b  EUSCIB1_IRQHandler             
0000026d  EUSCIB2_IRQHandler             
0000026f  EUSCIB3_IRQHandler             
00000271  ADC14_IRQHandler               
00000273  T32_INT1_IRQHandler            
00000275  T32_INT2_IRQHandler            
00000277  T32_INTC_IRQHandler            
00000279  AES256_IRQHandler              
0000027b  RTC_C_IRQHandler               
0000027d  DMA_ERR_IRQHandler             
0000027f  DMA_INT3_IRQHandler            
00000281  DMA_INT2_IRQHandler            
00000283  DMA_INT1_IRQHandler            
00000285  DMA_INT0_IRQHandler            
00000289  PORT2_IRQHandler               
0000028b  PORT3_IRQHandler               
0000028d  PORT4_IRQHandler               
0000028f  PORT5_IRQHandler               
00000291  PORT6_IRQHandler               
00000293  DisableInterrupts              
00000299  EnableInterrupts               
0000029f  StartCritical                  
000002a9  EndCritical                    
000002b1  WaitForInterrupt               
000002b7  __aeabi_memclr                 
000002b7  __aeabi_memclr4                
000002b7  __aeabi_memclr8                
000002b9  __aeabi_memset                 
000002b9  __aeabi_memset4                
000002b9  __aeabi_memset8                
000002bf  memset                         
00000331  __TI_auto_init                 
0000040b  __mpu_init                     
0000040d  _c_int00                       
00000461  C$$EXIT                        
00000465  abort                          
0000046d  exit                           
000004b5  copy_in                        
00000501  _args_main                     
00000519  _register_unlock               
0000051f  _register_lock                 
00000527  _nop                           
0000052d  __TI_decompress_none           
0000053b  __TI_decompress_rle24          
00000541  _system_pre_init               
00000545  _system_post_cinit             
0000056c  __TI_Handler_Table_Base        
00000574  __TI_CINIT_Base                
00000574  __TI_Handler_Table_Limit       
00000584  __TI_CINIT_Limit               
20000000  __TI_cleanup_ptr               
20000004  __TI_dtors_ptr                 
20000008  __TI_enable_exit_profile_output
2000000c  _lock                          
20000010  _unlock                        
20000014  main_func_sp                   
20000018  SW1                            
2000001c  SW2                            
2000fe00  __stack                        
20010000  __STACK_END                    
4000480c  WDTCTL_SYM                     
ffffffff  __TI_pprof_out_hndl            
ffffffff  __TI_prof_data_size            
ffffffff  __TI_prof_data_start           
ffffffff  __binit__                      
ffffffff  __c_args__                     
ffffffff  binit                          
UNDEFED   SHT$$INIT_ARRAY$$Base          
UNDEFED   SHT$$INIT_ARRAY$$Limit         

[106 symbols]
