******************************************************************************
                  TI ARM Linker PC v15.12.1                    
******************************************************************************
>> Linked Mon Jun 13 22:02:15 2016

OUTPUT FILE NAME:   <InputOutput_MSP432.out>
ENTRY POINT SYMBOL: "_c_int00"  address: 000004d9


MEMORY CONFIGURATION

         name            origin    length      used     unused   attr    fill
----------------------  --------  ---------  --------  --------  ----  --------
  MAIN                  00000000   00040000  0000063a  0003f9c6  R  X
  INFO                  00200000   00004000  00000000  00004000  R  X
  SRAM_CODE             01000000   00010000  00000000  00010000  RW X
  SRAM_DATA             20000000   00010000  00000218  0000fde8  RW  


SEGMENT ALLOCATION MAP

run origin  load origin   length   init length attrs members
----------  ----------- ---------- ----------- ----- -------
00000000    00000000    00000640   00000640    r-x
  00000000    00000000    00000144   00000144    r-- .intvecs
  00000144    00000144    000004ce   000004ce    r-x .text
  00000618    00000618    00000028   00000028    r-- .cinit
20000000    20000000    00000018   00000000    rw-
  20000000    20000000    00000018   00000000    rw- .data
2000fe00    2000fe00    00000200   00000000    rw-
  2000fe00    2000fe00    00000200   00000000    rw- .stack


SECTION ALLOCATION MAP

 output                                  attributes/
section   page    origin      length       input sections
--------  ----  ----------  ----------   ----------------
.intvecs   0    00000000    00000144     
                  00000000    00000144     msp432_startup_ccs.obj (.intvecs)

.text      0    00000144    000004ce     
                  00000144    00000108     InputOutput.obj (.text)
                  0000024c    0000009c     rtsv7M4_T_le_v4SPD16_eabi.lib : memcpy_t2.obj (.text)
                  000002e8    0000009a     msp432_startup_ccs.obj (.text)
                  00000382    0000007a     rtsv7M4_T_le_v4SPD16_eabi.lib : memset_t2.obj (.text)
                  000003fc    00000070                                   : autoinit.obj (.text)
                  0000046c    0000006a                                   : copy_decompress_rle.obj (.text)
                  000004d6    00000002                                   : mpu_init.obj (.text)
                  000004d8    00000054                                   : boot.obj (.text)
                  0000052c    00000054                                   : exit.obj (.text)
                  00000580    0000004c                                   : cpy_tbl.obj (.text)
                  000005cc    00000018                                   : args_main.obj (.text)
                  000005e4    00000014                                   : _lock.obj (.text)
                  000005f8    0000000e                                   : copy_decompress_none.obj (.text:decompress:none)
                  00000606    00000006                                   : copy_decompress_rle.obj (.text:decompress:rle24)
                  0000060c    00000004                                   : pre_init.obj (.text)
                  00000610    00000002                                   : startup.obj (.text)

.cinit     0    00000618    00000028     
                  00000618    00000016     (.cinit..data.load) [load image, compression = rle]
                  0000062e    00000002     --HOLE-- [fill = 0]
                  00000630    00000008     (__TI_handler_table)
                  00000638    00000008     (__TI_cinit_table)

.data      0    20000000    00000018     UNINITIALIZED
                  20000000    0000000c     rtsv7M4_T_le_v4SPD16_eabi.lib : exit.obj (.data:$O1$$)
                  2000000c    00000008                                   : _lock.obj (.data:$O1$$)
                  20000014    00000004                                   : stkdepth_vars.obj (.data)

.stack     0    2000fe00    00000200     UNINITIALIZED
                  2000fe00    00000200     --HOLE--

MODULE SUMMARY

       Module                     code   ro data   rw data
       ------                     ----   -------   -------
    .\
       msp432_startup_ccs.obj     154    324       0      
       InputOutput.obj            264    0         0      
    +--+--------------------------+------+---------+---------+
       Total:                     418    324       0      
                                                          
    C:\ti\ccs613\ccsv6\tools\compiler\ti-cgt-arm_15.12.1.LTS\lib\rtsv7M4_T_le_v4SPD16_eabi.lib
       memcpy_t2.obj              156    0         0      
       memset_t2.obj              122    0         0      
       autoinit.obj               112    0         0      
       copy_decompress_rle.obj    112    0         0      
       exit.obj                   84     0         12     
       boot.obj                   84     0         0      
       cpy_tbl.obj                76     0         0      
       _lock.obj                  20     0         8      
       args_main.obj              24     0         0      
       copy_decompress_none.obj   14     0         0      
       pre_init.obj               4      0         0      
       stkdepth_vars.obj          0      0         4      
       mpu_init.obj               2      0         0      
       startup.obj                2      0         0      
    +--+--------------------------+------+---------+---------+
       Total:                     812    0         24     
                                                          
       Stack:                     0      0         512    
       Linker Generated:          0      38        0      
    +--+--------------------------+------+---------+---------+
       Grand Total:               1230   362       536    


LINKER GENERATED COPY TABLES

__TI_cinit_table @ 00000638 records: 1, size/record: 8, table size: 8
	.data: load addr=00000618, load size=00000016 bytes, run addr=20000000, run size=00000018 bytes, compression=rle


LINKER GENERATED HANDLER TABLE

__TI_handler_table @ 00000630 records: 2, size/record: 4, table size: 8
	index: 0, handler: __TI_decompress_rle24
	index: 1, handler: __TI_decompress_none


GLOBAL SYMBOLS: SORTED ALPHABETICALLY BY Name 

address   name                           
-------   ----                           
0000033d  ADC14_IRQHandler               
00000345  AES256_IRQHandler              
0000052d  C$$EXIT                        
00000319  COMP_E0_IRQHandler             
0000031b  COMP_E1_IRQHandler             
0000030f  CS_IRQHandler                  
00000349  DMA_ERR_IRQHandler             
00000351  DMA_INT0_IRQHandler            
0000034f  DMA_INT1_IRQHandler            
0000034d  DMA_INT2_IRQHandler            
0000034b  DMA_INT3_IRQHandler            
00000307  DebugMon_Handler               
0000035f  DisableInterrupts              
0000032d  EUSCIA0_IRQHandler             
0000032f  EUSCIA1_IRQHandler             
00000331  EUSCIA2_IRQHandler             
00000333  EUSCIA3_IRQHandler             
00000335  EUSCIB0_IRQHandler             
00000337  EUSCIB1_IRQHandler             
00000339  EUSCIB2_IRQHandler             
0000033b  EUSCIB3_IRQHandler             
00000365  EnableInterrupts               
00000375  EndCritical                    
00000317  FLCTL_IRQHandler               
00000315  FPU_IRQHandler                 
00000311  PCM_IRQHandler                 
00000353  PORT1_IRQHandler               
00000355  PORT2_IRQHandler               
00000357  PORT3_IRQHandler               
00000359  PORT4_IRQHandler               
0000035b  PORT5_IRQHandler               
0000035d  PORT6_IRQHandler               
0000030d  PSS_IRQHandler                 
00000309  PendSV_Handler                 
00000145  Port1_Init                     
00000179  Port1_Input                    
00000183  Port2_Init                     
000001b7  Port2_Output                   
00000347  RTC_C_IRQHandler               
UNDEFED   SHT$$INIT_ARRAY$$Base          
UNDEFED   SHT$$INIT_ARRAY$$Limit         
00000305  SVC_Handler                    
0000036b  StartCritical                  
0000030b  SysTick_Handler                
0000033f  T32_INT1_IRQHandler            
00000341  T32_INT2_IRQHandler            
00000343  T32_INTC_IRQHandler            
0000031d  TA0_0_IRQHandler               
0000031f  TA0_N_IRQHandler               
00000321  TA1_0_IRQHandler               
00000323  TA1_N_IRQHandler               
00000325  TA2_0_IRQHandler               
00000327  TA2_N_IRQHandler               
00000329  TA3_0_IRQHandler               
0000032b  TA3_N_IRQHandler               
4000480c  WDTCTL_SYM                     
00000313  WDT_A_IRQHandler               
0000037d  WaitForInterrupt               
20010000  __STACK_END                    
00000200  __STACK_SIZE                   
00000638  __TI_CINIT_Base                
00000640  __TI_CINIT_Limit               
00000630  __TI_Handler_Table_Base        
00000638  __TI_Handler_Table_Limit       
000003fd  __TI_auto_init                 
20000000  __TI_cleanup_ptr               
000005f9  __TI_decompress_none           
00000607  __TI_decompress_rle24          
20000004  __TI_dtors_ptr                 
20000008  __TI_enable_exit_profile_output
ffffffff  __TI_pprof_out_hndl            
ffffffff  __TI_prof_data_size            
ffffffff  __TI_prof_data_start           
00000000  __TI_static_base__             
00000383  __aeabi_memclr                 
00000383  __aeabi_memclr4                
00000383  __aeabi_memclr8                
0000024d  __aeabi_memcpy                 
0000024d  __aeabi_memcpy4                
0000024d  __aeabi_memcpy8                
00000385  __aeabi_memset                 
00000385  __aeabi_memset4                
00000385  __aeabi_memset8                
ffffffff  __binit__                      
ffffffff  __c_args__                     
000004d7  __mpu_init                     
2000fe00  __stack                        
000005cd  _args_main                     
000004d9  _c_int00                       
2000000c  _lock                          
000005f3  _nop                           
000005eb  _register_lock                 
000005e5  _register_unlock               
00000611  _system_post_cinit             
0000060d  _system_pre_init               
20000010  _unlock                        
00000531  abort                          
ffffffff  binit                          
00000581  copy_in                        
00000539  exit                           
00000000  interruptVectors               
000001d5  main                           
20000014  main_func_sp                   
0000024d  memcpy                         
0000038b  memset                         


GLOBAL SYMBOLS: SORTED BY Symbol Address 

address   name                           
-------   ----                           
00000000  __TI_static_base__             
00000000  interruptVectors               
00000145  Port1_Init                     
00000179  Port1_Input                    
00000183  Port2_Init                     
000001b7  Port2_Output                   
000001d5  main                           
00000200  __STACK_SIZE                   
0000024d  __aeabi_memcpy                 
0000024d  __aeabi_memcpy4                
0000024d  __aeabi_memcpy8                
0000024d  memcpy                         
00000305  SVC_Handler                    
00000307  DebugMon_Handler               
00000309  PendSV_Handler                 
0000030b  SysTick_Handler                
0000030d  PSS_IRQHandler                 
0000030f  CS_IRQHandler                  
00000311  PCM_IRQHandler                 
00000313  WDT_A_IRQHandler               
00000315  FPU_IRQHandler                 
00000317  FLCTL_IRQHandler               
00000319  COMP_E0_IRQHandler             
0000031b  COMP_E1_IRQHandler             
0000031d  TA0_0_IRQHandler               
0000031f  TA0_N_IRQHandler               
00000321  TA1_0_IRQHandler               
00000323  TA1_N_IRQHandler               
00000325  TA2_0_IRQHandler               
00000327  TA2_N_IRQHandler               
00000329  TA3_0_IRQHandler               
0000032b  TA3_N_IRQHandler               
0000032d  EUSCIA0_IRQHandler             
0000032f  EUSCIA1_IRQHandler             
00000331  EUSCIA2_IRQHandler             
00000333  EUSCIA3_IRQHandler             
00000335  EUSCIB0_IRQHandler             
00000337  EUSCIB1_IRQHandler             
00000339  EUSCIB2_IRQHandler             
0000033b  EUSCIB3_IRQHandler             
0000033d  ADC14_IRQHandler               
0000033f  T32_INT1_IRQHandler            
00000341  T32_INT2_IRQHandler            
00000343  T32_INTC_IRQHandler            
00000345  AES256_IRQHandler              
00000347  RTC_C_IRQHandler               
00000349  DMA_ERR_IRQHandler             
0000034b  DMA_INT3_IRQHandler            
0000034d  DMA_INT2_IRQHandler            
0000034f  DMA_INT1_IRQHandler            
00000351  DMA_INT0_IRQHandler            
00000353  PORT1_IRQHandler               
00000355  PORT2_IRQHandler               
00000357  PORT3_IRQHandler               
00000359  PORT4_IRQHandler               
0000035b  PORT5_IRQHandler               
0000035d  PORT6_IRQHandler               
0000035f  DisableInterrupts              
00000365  EnableInterrupts               
0000036b  StartCritical                  
00000375  EndCritical                    
0000037d  WaitForInterrupt               
00000383  __aeabi_memclr                 
00000383  __aeabi_memclr4                
00000383  __aeabi_memclr8                
00000385  __aeabi_memset                 
00000385  __aeabi_memset4                
00000385  __aeabi_memset8                
0000038b  memset                         
000003fd  __TI_auto_init                 
000004d7  __mpu_init                     
000004d9  _c_int00                       
0000052d  C$$EXIT                        
00000531  abort                          
00000539  exit                           
00000581  copy_in                        
000005cd  _args_main                     
000005e5  _register_unlock               
000005eb  _register_lock                 
000005f3  _nop                           
000005f9  __TI_decompress_none           
00000607  __TI_decompress_rle24          
0000060d  _system_pre_init               
00000611  _system_post_cinit             
00000630  __TI_Handler_Table_Base        
00000638  __TI_CINIT_Base                
00000638  __TI_Handler_Table_Limit       
00000640  __TI_CINIT_Limit               
20000000  __TI_cleanup_ptr               
20000004  __TI_dtors_ptr                 
20000008  __TI_enable_exit_profile_output
2000000c  _lock                          
20000010  _unlock                        
20000014  main_func_sp                   
2000fe00  __stack                        
20010000  __STACK_END                    
4000480c  WDTCTL_SYM                     
ffffffff  __TI_pprof_out_hndl            
ffffffff  __TI_prof_data_size            
ffffffff  __TI_prof_data_start           
ffffffff  __binit__                      
ffffffff  __c_args__                     
ffffffff  binit                          
UNDEFED   SHT$$INIT_ARRAY$$Base          
UNDEFED   SHT$$INIT_ARRAY$$Limit         

[105 symbols]
